Archive member included to satisfy reference by file (symbol)

C:/SiliconLabs/SimplicityStudio/v4/developer/sdks/gecko_sdk_suite/v2.5//platform/bootloader/build/lib/\libparser_efx32xg11_gcc.a(btl_ebl_parser.o)
                              ./bgapi-uart-dfu/btl_comm_bgapi.o (parser_init)
C:/SiliconLabs/SimplicityStudio/v4/developer/sdks/gecko_sdk_suite/v2.5//platform/bootloader/build/lib/\libbootloader_efx32xg11_gcc.a(btl_bootload.o)
                              ./bgapi-uart-dfu/btl_comm_bgapi.o (bootload_applicationCallback)
C:/SiliconLabs/SimplicityStudio/v4/developer/sdks/gecko_sdk_suite/v2.5//platform/bootloader/build/lib/\libbootloader_efx32xg11_gcc.a(btl_parse.o)
                              ./core/btl_main.o (core_initParser)
C:/SiliconLabs/SimplicityStudio/v4/developer/sdks/gecko_sdk_suite/v2.5//platform/bootloader/build/lib/\libbootloader_efx32xg11_gcc.a(btl_reset.o)
                              ./core/btl_main.o (reset_setResetReason)
C:/SiliconLabs/SimplicityStudio/v4/developer/sdks/gecko_sdk_suite/v2.5//platform/bootloader/build/lib/\libbootloader_efx32xg11_gcc.a(btl_internal_flash.o)
                              C:/SiliconLabs/SimplicityStudio/v4/developer/sdks/gecko_sdk_suite/v2.5//platform/bootloader/build/lib/\libbootloader_efx32xg11_gcc.a(btl_bootload.o) (flash_erasePage)
c:/siliconlabs/simplicitystudio/v4/developer/toolchains/gnu_arm/7.2_2017q4/bin/../lib/gcc/arm-none-eabi/7.2.1/thumb/v7e-m/fpv4-sp/softfp\libgcc.a(_aeabi_ldivmod.o)
                              ./emlib/em_usart.o (__aeabi_ldivmod)
c:/siliconlabs/simplicitystudio/v4/developer/toolchains/gnu_arm/7.2_2017q4/bin/../lib/gcc/arm-none-eabi/7.2.1/thumb/v7e-m/fpv4-sp/softfp\libgcc.a(_aeabi_uldivmod.o)
                              ./emlib/em_usart.o (__aeabi_uldivmod)
c:/siliconlabs/simplicitystudio/v4/developer/toolchains/gnu_arm/7.2_2017q4/bin/../lib/gcc/arm-none-eabi/7.2.1/thumb/v7e-m/fpv4-sp/softfp\libgcc.a(_udivmoddi4.o)
                              c:/siliconlabs/simplicitystudio/v4/developer/toolchains/gnu_arm/7.2_2017q4/bin/../lib/gcc/arm-none-eabi/7.2.1/thumb/v7e-m/fpv4-sp/softfp\libgcc.a(_aeabi_ldivmod.o) (__udivmoddi4)
c:/siliconlabs/simplicitystudio/v4/developer/toolchains/gnu_arm/7.2_2017q4/bin/../lib/gcc/arm-none-eabi/7.2.1/thumb/v7e-m/fpv4-sp/softfp\libgcc.a(_dvmd_tls.o)
                              c:/siliconlabs/simplicitystudio/v4/developer/toolchains/gnu_arm/7.2_2017q4/bin/../lib/gcc/arm-none-eabi/7.2.1/thumb/v7e-m/fpv4-sp/softfp\libgcc.a(_aeabi_ldivmod.o) (__aeabi_ldiv0)
c:/siliconlabs/simplicitystudio/v4/developer/toolchains/gnu_arm/7.2_2017q4/bin/../lib/gcc/arm-none-eabi/7.2.1/../../../../arm-none-eabi/lib/thumb/v7e-m/fpv4-sp/softfp\libc_nano.a(lib_a-exit.o)
                              c:/siliconlabs/simplicitystudio/v4/developer/toolchains/gnu_arm/7.2_2017q4/bin/../lib/gcc/arm-none-eabi/7.2.1/../../../../arm-none-eabi/lib/thumb/v7e-m/fpv4-sp/softfp/crt0.o (exit)
c:/siliconlabs/simplicitystudio/v4/developer/toolchains/gnu_arm/7.2_2017q4/bin/../lib/gcc/arm-none-eabi/7.2.1/../../../../arm-none-eabi/lib/thumb/v7e-m/fpv4-sp/softfp\libc_nano.a(lib_a-impure.o)
                              c:/siliconlabs/simplicitystudio/v4/developer/toolchains/gnu_arm/7.2_2017q4/bin/../lib/gcc/arm-none-eabi/7.2.1/../../../../arm-none-eabi/lib/thumb/v7e-m/fpv4-sp/softfp\libc_nano.a(lib_a-exit.o) (_global_impure_ptr)
c:/siliconlabs/simplicitystudio/v4/developer/toolchains/gnu_arm/7.2_2017q4/bin/../lib/gcc/arm-none-eabi/7.2.1/../../../../arm-none-eabi/lib/thumb/v7e-m/fpv4-sp/softfp\libc_nano.a(lib_a-init.o)
                              c:/siliconlabs/simplicitystudio/v4/developer/toolchains/gnu_arm/7.2_2017q4/bin/../lib/gcc/arm-none-eabi/7.2.1/../../../../arm-none-eabi/lib/thumb/v7e-m/fpv4-sp/softfp/crt0.o (__libc_init_array)
c:/siliconlabs/simplicitystudio/v4/developer/toolchains/gnu_arm/7.2_2017q4/bin/../lib/gcc/arm-none-eabi/7.2.1/../../../../arm-none-eabi/lib/thumb/v7e-m/fpv4-sp/softfp\libc_nano.a(lib_a-locale.o)
                              ./crypto/ecc.o (__locale_ctype_ptr)
c:/siliconlabs/simplicitystudio/v4/developer/toolchains/gnu_arm/7.2_2017q4/bin/../lib/gcc/arm-none-eabi/7.2.1/../../../../arm-none-eabi/lib/thumb/v7e-m/fpv4-sp/softfp\libc_nano.a(lib_a-mbtowc_r.o)
                              c:/siliconlabs/simplicitystudio/v4/developer/toolchains/gnu_arm/7.2_2017q4/bin/../lib/gcc/arm-none-eabi/7.2.1/../../../../arm-none-eabi/lib/thumb/v7e-m/fpv4-sp/softfp\libc_nano.a(lib_a-locale.o) (__ascii_mbtowc)
c:/siliconlabs/simplicitystudio/v4/developer/toolchains/gnu_arm/7.2_2017q4/bin/../lib/gcc/arm-none-eabi/7.2.1/../../../../arm-none-eabi/lib/thumb/v7e-m/fpv4-sp/softfp\libc_nano.a(lib_a-memcmp.o)
                              C:/SiliconLabs/SimplicityStudio/v4/developer/sdks/gecko_sdk_suite/v2.5//platform/bootloader/build/lib/\libparser_efx32xg11_gcc.a(btl_ebl_parser.o) (memcmp)
[...]
Memory Configuration

Name             Origin             Length             Attributes
FLASH            0x00000800         0x00003800         xr
RAM              0x20000000         0x00007c00         xrw
*default*        0x00000000         0xffffffff

Linker script and memory map

LOAD c:/siliconlabs/simplicitystudio/v4/developer/toolchains/gnu_arm/7.2_2017q4/bin/../lib/gcc/arm-none-eabi/7.2.1/thumb/v7e-m/fpv4-sp/softfp/crti.o
LOAD c:/siliconlabs/simplicitystudio/v4/developer/toolchains/gnu_arm/7.2_2017q4/bin/../lib/gcc/arm-none-eabi/7.2.1/thumb/v7e-m/fpv4-sp/softfp/crtbegin.o
LOAD c:/siliconlabs/simplicitystudio/v4/developer/toolchains/gnu_arm/7.2_2017q4/bin/../lib/gcc/arm-none-eabi/7.2.1/../../../../arm-none-eabi/lib/thumb/v7e-m/fpv4-sp/softfp/crt0.o
START GROUP
LOAD ./CMSIS/system_bgm1.o
LOAD ./bgapi-uart-dfu/btl_comm_bgapi.o
LOAD ./bootloader-callback-stubs.o
LOAD ./bootloader-callbacks.o
LOAD ./core/EFR32/gcc/main_btl_startup.o
LOAD ./core/btl_core.o
LOAD ./core/btl_driver_util.o
LOAD ./core/btl_main.o
LOAD ./crc/btl_crc16.o
LOAD ./crc/btl_crc32.o
LOAD ./crypto/btl_security_aes.o
LOAD ./crypto/btl_security_ecdsa.o
LOAD ./crypto/btl_security_sha256.o
LOAD ./crypto/ecc.o
LOAD ./delay-driver/btl_driver_delay.o
LOAD ./emlib/em_assert.o
LOAD ./emlib/em_cmu.o
LOAD ./emlib/em_core.o
LOAD ./emlib/em_crypto.o
LOAD ./emlib/em_emu.o
LOAD ./emlib/em_gpio.o
LOAD ./emlib/em_msc.o
LOAD ./emlib/em_rmu.o
LOAD ./emlib/em_se.o
LOAD ./emlib/em_system.o
LOAD ./emlib/em_timer.o
LOAD ./emlib/em_usart.o
LOAD ./emlib/em_wdog.o
LOAD ./mbedtls/crypto_aes.o
LOAD ./mbedtls/crypto_management.o
LOAD ./mbedtls/crypto_sha.o
LOAD ./mbedtls/se_aes.o
LOAD ./mbedtls/se_management.o
LOAD ./mbedtls/se_sha.o
LOAD ./mbedtls/shax.o
LOAD ./parser/btl_gbl_custom_tags.o
LOAD ./parser/btl_image_parser.o
LOAD ./token-management/btl_security_tokens.o
LOAD ./uart-driver/btl_driver_uart.o
LOAD C:/SiliconLabs/SimplicityStudio/v4/developer/sdks/gecko_sdk_suite/v2.5//platform/bootloader/build/lib/\libparser_efx32xg11_gcc.a
LOAD c:/siliconlabs/simplicitystudio/v4/developer/toolchains/gnu_arm/7.2_2017q4/bin/../lib/gcc/arm-none-eabi/7.2.1/../../../../arm-none-eabi/lib/thumb/v7e-m/fpv4-sp/softfp\libnosys.a
LOAD C:/SiliconLabs/SimplicityStudio/v4/developer/sdks/gecko_sdk_suite/v2.5//platform/bootloader/build/lib/\libbootloader_efx32xg11_gcc.a
END GROUP
START GROUP
LOAD c:/siliconlabs/simplicitystudio/v4/developer/toolchains/gnu_arm/7.2_2017q4/bin/../lib/gcc/arm-none-eabi/7.2.1/thumb/v7e-m/fpv4-sp/softfp\libgcc.a
LOAD c:/siliconlabs/simplicitystudio/v4/developer/toolchains/gnu_arm/7.2_2017q4/bin/../lib/gcc/arm-none-eabi/7.2.1/../../../../arm-none-eabi/lib/thumb/v7e-m/fpv4-sp/softfp\libc_nano.a
LOAD c:/siliconlabs/simplicitystudio/v4/developer/toolchains/gnu_arm/7.2_2017q4/bin/../lib/gcc/arm-none-eabi/7.2.1/../../../../arm-none-eabi/lib/thumb/v7e-m/fpv4-sp/softfp\libnosys.a
END GROUP
START GROUP
LOAD c:/siliconlabs/simplicitystudio/v4/developer/toolchains/gnu_arm/7.2_2017q4/bin/../lib/gcc/arm-none-eabi/7.2.1/thumb/v7e-m/fpv4-sp/softfp\libgcc.a
LOAD c:/siliconlabs/simplicitystudio/v4/developer/toolchains/gnu_arm/7.2_2017q4/bin/../lib/gcc/arm-none-eabi/7.2.1/../../../../arm-none-eabi/lib/thumb/v7e-m/fpv4-sp/softfp\libg_nano.a
LOAD c:/siliconlabs/simplicitystudio/v4/developer/toolchains/gnu_arm/7.2_2017q4/bin/../lib/gcc/arm-none-eabi/7.2.1/../../../../arm-none-eabi/lib/thumb/v7e-m/fpv4-sp/softfp\libc_nano.a
END GROUP
START GROUP
LOAD c:/siliconlabs/simplicitystudio/v4/developer/toolchains/gnu_arm/7.2_2017q4/bin/../lib/gcc/arm-none-eabi/7.2.1/thumb/v7e-m/fpv4-sp/softfp\libgcc.a
LOAD c:/siliconlabs/simplicitystudio/v4/developer/toolchains/gnu_arm/7.2_2017q4/bin/../lib/gcc/arm-none-eabi/7.2.1/../../../../arm-none-eabi/lib/thumb/v7e-m/fpv4-sp/softfp\libc_nano.a
END GROUP
LOAD c:/siliconlabs/simplicitystudio/v4/developer/toolchains/gnu_arm/7.2_2017q4/bin/../lib/gcc/arm-none-eabi/7.2.1/thumb/v7e-m/fpv4-sp/softfp/crtend.o
LOAD c:/siliconlabs/simplicitystudio/v4/developer/toolchains/gnu_arm/7.2_2017q4/bin/../lib/gcc/arm-none-eabi/7.2.1/thumb/v7e-m/fpv4-sp/softfp/crtn.o

.text           0x00000800     0x2dac
 *(.vectors)
 .vectors       0x00000800       0x40 ./core/EFR32/gcc/main_btl_startup.o
                0x00000800                __Vectors
                0x00000840                __Vectors_End = .
                0x00000040                __Vectors_Size = (__Vectors_End - __Vectors)
                0x00000840                __end__ = .
 *(.text*)
 .text          0x00000840       0x40 c:/siliconlabs/simplicitystudio/v4/developer/toolchains/gnu_arm/7.2_2017q4/bin/../lib/gcc/arm-none-eabi/7.2.1/thumb/v7e-m/fpv4-sp/softfp/crtbegin.o
 .text.SystemInit
                0x00000880       0x4c ./CMSIS/system_bgm1.o
                0x00000880                SystemInit
 .text.sendPacket
                0x000008cc        0xc ./bgapi-uart-dfu/btl_comm_bgapi.o
 .text.communication_init
                0x000008d8        0x4 ./bgapi-uart-dfu/btl_comm_bgapi.o
                0x000008d8                communication_init
 .text.communication_start
                0x000008dc       0x6a ./bgapi-uart-dfu/btl_comm_bgapi.o
                0x000008dc                communication_start
 *fill*         0x00000946        0x2 
 .text.communication_main
                0x00000948      0x188 ./bgapi-uart-dfu/btl_comm_bgapi.o
                0x00000948                communication_main
 .text.communication_shutdown
                0x00000ad0        0x2 ./bgapi-uart-dfu/btl_comm_bgapi.o
                0x00000ad0                communication_shutdown
 .text.Default_Handler
                0x00000ad2        0x2 ./core/EFR32/gcc/main_btl_startup.o
                0x00000ad2                DebugMon_Handler
                0x00000ad2                SysTick_Handler
                0x00000ad2                PendSV_Handler
                0x00000ad2                NMI_Handler
                0x00000ad2                UsageFault_Handler
                0x00000ad2                Default_Handler
                0x00000ad2                MemManage_Handler
                0x00000ad2                SVC_Handler
                0x00000ad2                BusFault_Handler
 .text.Reset_Handler
                0x00000ad4       0x48 ./core/EFR32/gcc/main_btl_startup.o
                0x00000ad4                Reset_Handler
 .text.btl_init
                0x00000b1c        0x4 ./core/btl_core.o
                0x00000b1c                btl_init
 .text.btl_deinit
                0x00000b20        0x4 ./core/btl_core.o
                0x00000b20                btl_deinit
 .text.util_getClockFreq
                0x00000b24       0x8c ./core/btl_driver_util.o
                0x00000b24                util_getClockFreq
 .text.HardFault_Handler
                0x00000bb0        0x8 ./core/btl_main.o
                0x00000bb0                HardFault_Handler
 .text.startup.main
                0x00000bb8       0xd8 ./core/btl_main.o
                0x00000bb8                main
 .text.SystemInit2
                0x00000c90       0x74 ./core/btl_main.o
                0x00000c90                SystemInit2
 .text.bootloader_enforceSecureBoot
                0x00000d04        0x4 ./core/btl_main.o
                0x00000d04                bootloader_enforceSecureBoot
 .text.btl_crc32Stream
                0x00000d08       0x38 ./crc/btl_crc32.o
                0x00000d08                btl_crc32Stream
 .text.btl_initAesCcm
                0x00000d40       0x44 ./crypto/btl_security_aes.o
                0x00000d40                btl_initAesCcm
 .text.btl_processAesCtrData
                0x00000d84       0x22 ./crypto/btl_security_aes.o
                0x00000d84                btl_processAesCtrData
 *fill*         0x00000da6        0x2 
 .text.btl_verifyEcdsaP256r1
                0x00000da8       0x68 ./crypto/btl_security_ecdsa.o
                0x00000da8                btl_verifyEcdsaP256r1
 .text.btl_initSha256
                0x00000e10       0x14 ./crypto/btl_security_sha256.o
                0x00000e10                btl_initSha256
 .text.btl_updateSha256
                0x00000e24        0x4 ./crypto/btl_security_sha256.o
                0x00000e24                btl_updateSha256
 .text.btl_finalizeSha256
                0x00000e28        0x6 ./crypto/btl_security_sha256.o
                0x00000e28                btl_finalizeSha256
 .text.bigIntEqual32bitVal.part.0.constprop.6
                0x00000e2e       0x16 ./crypto/ecc.o
 .text.CRYPTO_DDataRead
                0x00000e44       0x24 ./crypto/ecc.o
 .text.CRYPTO_DDataWrite
                0x00000e68       0x24 ./crypto/ecc.o
 .text.ECC_ModularInversePrime
                0x00000e8c       0x90 ./crypto/ecc.o
 .text.ECC_AddPrimeMixedProjectiveAffine
                0x00000f1c      0x180 ./crypto/ecc.o
 .text.ECC_ProjectiveToAffine.constprop.1
                0x0000109c       0xac ./crypto/ecc.o
 .text.ECC_PointMul.constprop.2
                0x00001148      0x2ac ./crypto/ecc.o
 .text.ECC_ByteArrayToBigInt
                0x000013f4       0x20 ./crypto/ecc.o
                0x000013f4                ECC_ByteArrayToBigInt
 .text.ECC_ECDSA_VerifySignatureP256
                0x00001414      0x270 ./crypto/ecc.o
                0x00001414                ECC_ECDSA_VerifySignatureP256
 .text.delay_init
                0x00001684       0x58 ./delay-driver/btl_driver_delay.o
                0x00001684                delay_init
 .text.delay_milliseconds
                0x000016dc       0x44 ./delay-driver/btl_driver_delay.o
                0x000016dc                delay_milliseconds
 .text.delay_expired
                0x00001720       0x38 ./delay-driver/btl_driver_delay.o
                0x00001720                delay_expired
 .text.syncReg  0x00001758       0x18 ./emlib/em_cmu.o
 .text.CMU_ClockEnable
                0x00001770       0x7c ./emlib/em_cmu.o
                0x00001770                CMU_ClockEnable
 .text.CORE_EnterCritical
                0x000017ec        0x8 ./emlib/em_core.o
                0x000017ec                CORE_EnterCritical
 .text.CORE_ExitCritical
                0x000017f4        0x6 ./emlib/em_core.o
                0x000017f4                CORE_ExitCritical
 .text.CRYPTO_ModulusSet
                0x000017fa       0x2c ./emlib/em_crypto.o
                0x000017fa                CRYPTO_ModulusSet
 *fill*         0x00001826        0x2 
 .text.GPIO_PinModeSet
                0x00001828       0x84 ./emlib/em_gpio.o
                0x00001828                GPIO_PinModeSet
 .text.MSC_LoadVerifyAddress
                0x000018ac       0x30 ./emlib/em_msc.o
                0x000018ac                MSC_LoadVerifyAddress
 .text.MSC_LoadWriteData
                0x000018dc       0xa4 ./emlib/em_msc.o
                0x000018dc                MSC_LoadWriteData
 .text.MSC_WriteWordI
                0x00001980       0x98 ./emlib/em_msc.o
                0x00001980                MSC_WriteWordI
 .text.MSC_ErasePage
                0x00001a18       0x84 ./emlib/em_msc.o
                0x00001a18                MSC_ErasePage
 .text.MSC_WriteWord
                0x00001a9c        0x6 ./emlib/em_msc.o
                0x00001a9c                MSC_WriteWord
 *fill*         0x00001aa2        0x2 
 .text.SYSTEM_ChipRevisionGet
                0x00001aa4       0x34 ./emlib/em_system.o
                0x00001aa4                SYSTEM_ChipRevisionGet
 .text.TIMER_Init
                0x00001ad8       0xa6 ./emlib/em_timer.o
                0x00001ad8                TIMER_Init
 .text.CRYPTO_DataReadUnaligned
                0x00001b7e       0x3e ./mbedtls/crypto_aes.o
 .text.CRYPTO_DataWriteUnaligned
                0x00001bbc       0x44 ./mbedtls/crypto_aes.o
 .text.CRYPTO_KeyBufWrite
                0x00001c00       0x5a ./mbedtls/crypto_aes.o
 .text.CRYPTO_KeyBufWriteUnaligned
                0x00001c5a       0x4c ./mbedtls/crypto_aes.o
 .text.mbedtls_aes_init
                0x00001ca6        0xc ./mbedtls/crypto_aes.o
                0x00001ca6                mbedtls_aes_init
 .text.mbedtls_aes_setkey_enc
                0x00001cb2       0x3c ./mbedtls/crypto_aes.o
                0x00001cb2                mbedtls_aes_setkey_enc
 .text.mbedtls_aes_crypt_ctr
                0x00001cee      0x194 ./mbedtls/crypto_aes.o
                0x00001cee                mbedtls_aes_crypt_ctr
 *fill*         0x00001e82        0x2 
 .text.crypto_management_acquire
                0x00001e84       0x14 ./mbedtls/crypto_management.o
                0x00001e84                crypto_management_acquire
 .text.crypto_management_release
                0x00001e98       0x1c ./mbedtls/crypto_management.o
                0x00001e98                crypto_management_release
 .text.sha_x_process
                0x00001eb4      0x1f8 ./mbedtls/crypto_sha.o
                0x00001eb4                sha_x_process
 .text.sha_x_update
                0x000020ac       0xcc ./mbedtls/shax.o
                0x000020ac                sha_x_update
 .text.sha_x_finish
                0x00002178       0xac ./mbedtls/shax.o
                0x00002178                sha_x_finish
 .text.mbedtls_sha256_init
                0x00002224        0xc ./mbedtls/shax.o
                0x00002224                mbedtls_sha256_init
 .text.mbedtls_sha256_update_ret
                0x00002230       0x26 ./mbedtls/shax.o
                0x00002230                mbedtls_sha256_update_ret
 .text.mbedtls_sha256_finish_ret
                0x00002256       0x24 ./mbedtls/shax.o
                0x00002256                mbedtls_sha256_finish_ret
 .text.mbedtls_sha256_starts
                0x0000227a       0x14 ./mbedtls/shax.o
                0x0000227a                mbedtls_sha256_starts
 .text.mbedtls_sha256_update
                0x0000228e        0x4 ./mbedtls/shax.o
                0x0000228e                mbedtls_sha256_update
 .text.mbedtls_sha256_finish
                0x00002292        0x4 ./mbedtls/shax.o
                0x00002292                mbedtls_sha256_finish
 .text.gbl_isCustomTag
                0x00002296        0x4 ./parser/btl_gbl_custom_tags.o
                0x00002296                gbl_isCustomTag
 .text.gbl_getCustomTagProperties
                0x0000229a        0x4 ./parser/btl_gbl_custom_tags.o
                0x0000229a                gbl_getCustomTagProperties
 .text.parser_requireAuthenticity
                0x0000229e        0x4 ./parser/btl_image_parser.o
                0x0000229e                parser_requireAuthenticity
 .text.parser_requireConfidentiality
                0x000022a2        0x4 ./parser/btl_image_parser.o
                0x000022a2                parser_requireConfidentiality
 .text.parser_getApplicationAddress
                0x000022a6        0xa ./parser/btl_image_parser.o
                0x000022a6                parser_getApplicationAddress
 .text.parser_getBootloaderUpgradeAddress
                0x000022b0       0x18 ./parser/btl_image_parser.o
                0x000022b0                parser_getBootloaderUpgradeAddress
 .text.parser_applicationUpgradeValidCallback
                0x000022c8        0x4 ./parser/btl_image_parser.o
                0x000022c8                parser_applicationUpgradeValidCallback
 .text.btl_getSignedBootloaderKeyXPtr
                0x000022cc        0x8 ./token-management/btl_security_tokens.o
                0x000022cc                btl_getSignedBootloaderKeyXPtr
 .text.btl_getSignedBootloaderKeyYPtr
                0x000022d4        0x8 ./token-management/btl_security_tokens.o
                0x000022d4                btl_getSignedBootloaderKeyYPtr
 .text.btl_getImageFileEncryptionKeyPtr
                0x000022dc        0x8 ./token-management/btl_security_tokens.o
                0x000022dc                btl_getImageFileEncryptionKeyPtr
 .text.uart_init
                0x000022e4      0x104 ./uart-driver/btl_driver_uart.o
                0x000022e4                uart_init
 .text.uart_isTxIdle
                0x000023e8       0x30 ./uart-driver/btl_driver_uart.o
                0x000023e8                uart_isTxIdle
 .text.uart_sendBuffer
                0x00002418       0x6c ./uart-driver/btl_driver_uart.o
                0x00002418                uart_sendBuffer
 .text.uart_getRxAvailableBytes
                0x00002484       0x48 ./uart-driver/btl_driver_uart.o
                0x00002484                uart_getRxAvailableBytes
 .text.uart_receiveBuffer
                0x000024cc       0xa4 ./uart-driver/btl_driver_uart.o
                0x000024cc                uart_receiveBuffer
 .text.ebl_storeData
                0x00002570       0x42 C:/SiliconLabs/SimplicityStudio/v4/developer/sdks/gecko_sdk_suite/v2.5//platform/bootloader/build/lib/\libparser_efx32xg11_gcc.a(btl_ebl_parser.o)
 .text.ebl_getData
                0x000025b2       0xea C:/SiliconLabs/SimplicityStudio/v4/developer/sdks/gecko_sdk_suite/v2.5//platform/bootloader/build/lib/\libparser_efx32xg11_gcc.a(btl_ebl_parser.o)
 .text.ebl_parseHeader
                0x0000269c       0x7c C:/SiliconLabs/SimplicityStudio/v4/developer/sdks/gecko_sdk_suite/v2.5//platform/bootloader/build/lib/\libparser_efx32xg11_gcc.a(btl_ebl_parser.o)
 .text.gbl_writeProgData
                0x00002718       0xa4 C:/SiliconLabs/SimplicityStudio/v4/developer/sdks/gecko_sdk_suite/v2.5//platform/bootloader/build/lib/\libparser_efx32xg11_gcc.a(btl_ebl_parser.o)
                0x00002718                gbl_writeProgData
 .text.parser_init
                0x000027bc       0x72 C:/SiliconLabs/SimplicityStudio/v4/developer/sdks/gecko_sdk_suite/v2.5//platform/bootloader/build/lib/\libparser_efx32xg11_gcc.a(btl_ebl_parser.o)
                0x000027bc                parser_init
 *fill*         0x0000282e        0x2 
 .text.parser_parse
                0x00002830      0x718 C:/SiliconLabs/SimplicityStudio/v4/developer/sdks/gecko_sdk_suite/v2.5//platform/bootloader/build/lib/\libparser_efx32xg11_gcc.a(btl_ebl_parser.o)
                0x00002830                parser_parse
 .text.checkApplicationPropertiesMagic
                0x00002f48       0x44 C:/SiliconLabs/SimplicityStudio/v4/developer/sdks/gecko_sdk_suite/v2.5//platform/bootloader/build/lib/\libbootloader_efx32xg11_gcc.a(btl_bootload.o)
 .text.flashData
                0x00002f8c       0x42 C:/SiliconLabs/SimplicityStudio/v4/developer/sdks/gecko_sdk_suite/v2.5//platform/bootloader/build/lib/\libbootloader_efx32xg11_gcc.a(btl_bootload.o)
 .text.bootload_verifySecureBoot
                0x00002fce       0x6c C:/SiliconLabs/SimplicityStudio/v4/developer/sdks/gecko_sdk_suite/v2.5//platform/bootloader/build/lib/\libbootloader_efx32xg11_gcc.a(btl_bootload.o)
 .text.bootload_applicationCallback
                0x0000303a       0x22 C:/SiliconLabs/SimplicityStudio/v4/developer/sdks/gecko_sdk_suite/v2.5//platform/bootloader/build/lib/\libbootloader_efx32xg11_gcc.a(btl_bootload.o)
                0x0000303a                bootload_applicationCallback
 .text.bootload_bootloaderCallback
                0x0000305c       0x50 C:/SiliconLabs/SimplicityStudio/v4/developer/sdks/gecko_sdk_suite/v2.5//platform/bootloader/build/lib/\libbootloader_efx32xg11_gcc.a(btl_bootload.o)
                0x0000305c                bootload_bootloaderCallback
 .text.bootload_verifyApplication
                0x000030ac       0x88 C:/SiliconLabs/SimplicityStudio/v4/developer/sdks/gecko_sdk_suite/v2.5//platform/bootloader/build/lib/\libbootloader_efx32xg11_gcc.a(btl_bootload.o)
                0x000030ac                bootload_verifyApplication
 .text.bootload_commitBootloaderUpgrade
                0x00003134       0x20 C:/SiliconLabs/SimplicityStudio/v4/developer/sdks/gecko_sdk_suite/v2.5//platform/bootloader/build/lib/\libbootloader_efx32xg11_gcc.a(btl_bootload.o)
                0x00003134                bootload_commitBootloaderUpgrade
 .text.core_initParser
                0x00003154       0x32 C:/SiliconLabs/SimplicityStudio/v4/developer/sdks/gecko_sdk_suite/v2.5//platform/bootloader/build/lib/\libbootloader_efx32xg11_gcc.a(btl_parse.o)
                0x00003154                core_initParser
 .text.core_parseBuffer
                0x00003186       0x3a C:/SiliconLabs/SimplicityStudio/v4/developer/sdks/gecko_sdk_suite/v2.5//platform/bootloader/build/lib/\libbootloader_efx32xg11_gcc.a(btl_parse.o)
                0x00003186                core_parseBuffer
 .text.reset_setResetReason
                0x000031c0        0xe C:/SiliconLabs/SimplicityStudio/v4/developer/sdks/gecko_sdk_suite/v2.5//platform/bootloader/build/lib/\libbootloader_efx32xg11_gcc.a(btl_reset.o)
                0x000031c0                reset_setResetReason
 .text.reset_invalidateResetReason
                0x000031ce        0xc C:/SiliconLabs/SimplicityStudio/v4/developer/sdks/gecko_sdk_suite/v2.5//platform/bootloader/build/lib/\libbootloader_efx32xg11_gcc.a(btl_reset.o)
                0x000031ce                reset_invalidateResetReason
 *fill*         0x000031da        0x2 
 .text.reset_resetWithReason
                0x000031dc       0x40 C:/SiliconLabs/SimplicityStudio/v4/developer/sdks/gecko_sdk_suite/v2.5//platform/bootloader/build/lib/\libbootloader_efx32xg11_gcc.a(btl_reset.o)
                0x000031dc                reset_resetWithReason
 .text.reset_classifyReset
                0x0000321c       0x2a C:/SiliconLabs/SimplicityStudio/v4/developer/sdks/gecko_sdk_suite/v2.5//platform/bootloader/build/lib/\libbootloader_efx32xg11_gcc.a(btl_reset.o)
                0x0000321c                reset_classifyReset
 .text.reset_getResetReason
                0x00003246        0x8 C:/SiliconLabs/SimplicityStudio/v4/developer/sdks/gecko_sdk_suite/v2.5//platform/bootloader/build/lib/\libbootloader_efx32xg11_gcc.a(btl_reset.o)
                0x00003246                reset_getResetReason
 *fill*         0x0000324e        0x2 
 .text.flash_init
                0x00003250       0x18 C:/SiliconLabs/SimplicityStudio/v4/developer/sdks/gecko_sdk_suite/v2.5//platform/bootloader/build/lib/\libbootloader_efx32xg11_gcc.a(btl_internal_flash.o)
                0x00003250                flash_init
 .text.flash_deinit
                0x00003268       0x14 C:/SiliconLabs/SimplicityStudio/v4/developer/sdks/gecko_sdk_suite/v2.5//platform/bootloader/build/lib/\libbootloader_efx32xg11_gcc.a(btl_internal_flash.o)
                0x00003268                flash_deinit
 .text.writeHalfword
                0x0000327c       0x36 C:/SiliconLabs/SimplicityStudio/v4/developer/sdks/gecko_sdk_suite/v2.5//platform/bootloader/build/lib/\libbootloader_efx32xg11_gcc.a(btl_internal_flash.o)
 .text.flash_erasePage
                0x000032b2       0x16 C:/SiliconLabs/SimplicityStudio/v4/developer/sdks/gecko_sdk_suite/v2.5//platform/bootloader/build/lib/\libbootloader_efx32xg11_gcc.a(btl_internal_flash.o)
                0x000032b2                flash_erasePage
 .text.flash_writeBuffer
                0x000032c8       0x70 C:/SiliconLabs/SimplicityStudio/v4/developer/sdks/gecko_sdk_suite/v2.5//platform/bootloader/build/lib/\libbootloader_efx32xg11_gcc.a(btl_internal_flash.o)
                0x000032c8                flash_writeBuffer
 .text.memcmp   0x00003338       0x1e c:/siliconlabs/simplicitystudio/v4/developer/toolchains/gnu_arm/7.2_2017q4/bin/../lib/gcc/arm-none-eabi/7.2.1/../../../../arm-none-eabi/lib/thumb/v7e-m/fpv4-sp/softfp\libc_nano.a(lib_a-memcmp.o)
                0x00003338                memcmp
 .text.memcpy   0x00003356       0x16 c:/siliconlabs/simplicitystudio/v4/developer/toolchains/gnu_arm/7.2_2017q4/bin/../lib/gcc/arm-none-eabi/7.2.1/../../../../arm-none-eabi/lib/thumb/v7e-m/fpv4-sp/softfp\libc_nano.a(lib_a-memcpy-stub.o)
                0x00003356                memcpy
 .text.memset   0x0000336c       0x10 c:/siliconlabs/simplicitystudio/v4/developer/toolchains/gnu_arm/7.2_2017q4/bin/../lib/gcc/arm-none-eabi/7.2.1/../../../../arm-none-eabi/lib/thumb/v7e-m/fpv4-sp/softfp\libc_nano.a(lib_a-memset.o)
                0x0000336c                memset
 *(.init)
 .init          0x0000337c        0x4 c:/siliconlabs/simplicitystudio/v4/developer/toolchains/gnu_arm/7.2_2017q4/bin/../lib/gcc/arm-none-eabi/7.2.1/thumb/v7e-m/fpv4-sp/softfp/crti.o
                0x0000337c                _init
 .init          0x00003380        0x8 c:/siliconlabs/simplicitystudio/v4/developer/toolchains/gnu_arm/7.2_2017q4/bin/../lib/gcc/arm-none-eabi/7.2.1/thumb/v7e-m/fpv4-sp/softfp/crtn.o
 *(.fini)
 .fini          0x00003388        0x4 c:/siliconlabs/simplicitystudio/v4/developer/toolchains/gnu_arm/7.2_2017q4/bin/../lib/gcc/arm-none-eabi/7.2.1/thumb/v7e-m/fpv4-sp/softfp/crti.o
                0x00003388                _fini
 .fini          0x0000338c        0x8 c:/siliconlabs/simplicitystudio/v4/developer/toolchains/gnu_arm/7.2_2017q4/bin/../lib/gcc/arm-none-eabi/7.2.1/thumb/v7e-m/fpv4-sp/softfp/crtn.o
 *crtbegin.o(.ctors)
 *crtbegin?.o(.ctors)
 *(EXCLUDE_FILE(*crtend.o *crtend?.o) .ctors)
 *(SORT_BY_NAME(.ctors.*))
 *(.ctors)
 *crtbegin.o(.dtors)
 *crtbegin?.o(.dtors)
 *(EXCLUDE_FILE(*crtend.o *crtend?.o) .dtors)
 *(SORT_BY_NAME(.dtors.*))
 *(.dtors)
 *(.rodata*)
 .rodata        0x00003394       0x10 ./bgapi-uart-dfu/btl_comm_bgapi.o
 .rodata        0x000033a4       0x11 ./core/btl_driver_util.o
 *fill*         0x000033b5        0x3 
 .rodata.appProperties
                0x000033b8       0x40 ./core/btl_main.o
                0x000033b8                appProperties
 .rodata.mainStageTable
                0x000033f8       0x34 ./core/btl_main.o
                0x000033f8                mainStageTable
 .rodata.ECC_Curve_Params
                0x0000342c       0x8c ./crypto/ecc.o
 .rodata.init_state_sha1
                0x000034b8       0x20 ./mbedtls/shax.o
 .rodata.init_state_sha224
                0x000034d8       0x20 ./mbedtls/shax.o
 .rodata.init_state_sha256
                0x000034f8       0x20 ./mbedtls/shax.o
 .rodata.shax_padding
                0x00003518       0x40 ./mbedtls/shax.o
 .rodata.ldmaRxDesc
                0x00003558       0x40 ./uart-driver/btl_driver_uart.o
 .rodata        0x00003598       0x10 C:/SiliconLabs/SimplicityStudio/v4/developer/sdks/gecko_sdk_suite/v2.5//platform/bootloader/build/lib/\libbootloader_efx32xg11_gcc.a(btl_bootload.o)
 *(.eh_frame*)
 .eh_frame      0x000035a8        0x0 c:/siliconlabs/simplicitystudio/v4/developer/toolchains/gnu_arm/7.2_2017q4/bin/../lib/gcc/arm-none-eabi/7.2.1/thumb/v7e-m/fpv4-sp/softfp/crtbegin.o
 .eh_frame      0x000035a8        0x4 c:/siliconlabs/simplicitystudio/v4/developer/toolchains/gnu_arm/7.2_2017q4/bin/../lib/gcc/arm-none-eabi/7.2.1/thumb/v7e-m/fpv4-sp/softfp/crtend.o

.glue_7         0x000035ac        0x0
 .glue_7        0x000035ac        0x0 linker stubs

.glue_7t        0x000035ac        0x0
 .glue_7t       0x000035ac        0x0 linker stubs

.vfp11_veneer   0x000035ac        0x0
 .vfp11_veneer  0x000035ac        0x0 linker stubs

.v4_bx          0x000035ac        0x0
 .v4_bx         0x000035ac        0x0 linker stubs

.iplt           0x000035ac        0x0
 .iplt          0x000035ac        0x0 c:/siliconlabs/simplicitystudio/v4/developer/toolchains/gnu_arm/7.2_2017q4/bin/../lib/gcc/arm-none-eabi/7.2.1/thumb/v7e-m/fpv4-sp/softfp/crtbegin.o

.rel.dyn        0x000035ac        0x0
 .rel.iplt      0x000035ac        0x0 c:/siliconlabs/simplicitystudio/v4/developer/toolchains/gnu_arm/7.2_2017q4/bin/../lib/gcc/arm-none-eabi/7.2.1/thumb/v7e-m/fpv4-sp/softfp/crtbegin.o

.ARM.extab
 *(.ARM.extab* .gnu.linkonce.armextab.*)
                0x000035ac                __exidx_start = .

.ARM.exidx
 *(.ARM.exidx* .gnu.linkonce.armexidx.*)
                0x000035ac                __exidx_end = .
                0x000035ac                __etext = .

.crashinfo      0x20000000      0x100
                0x20000100                . = (. + 0x100)
 *fill*         0x20000000      0x100 

.data           0x20000100       0x18 load address 0x000035ac
                0x20000100                __data_start__ = .
 *(vtable)
 *(.data*)
 .data.ldmaTxDesc
                0x20000100       0x10 ./uart-driver/btl_driver_uart.o
                0x20000110                . = ALIGN (0x4)
 *(.ram)
                0x20000110                . = ALIGN (0x4)
                0x20000110                PROVIDE (__preinit_array_start, .)
 *(.preinit_array)
                0x20000110                PROVIDE (__preinit_array_end, .)
                0x20000110                . = ALIGN (0x4)
                0x20000110                PROVIDE (__init_array_start, .)
 *(SORT_BY_NAME(.init_array.*))
 *(.init_array)
 .init_array    0x20000110        0x4 c:/siliconlabs/simplicitystudio/v4/developer/toolchains/gnu_arm/7.2_2017q4/bin/../lib/gcc/arm-none-eabi/7.2.1/thumb/v7e-m/fpv4-sp/softfp/crtbegin.o
                0x20000114                PROVIDE (__init_array_end, .)
                0x20000114                . = ALIGN (0x4)
                [!provide]                PROVIDE (__fini_array_start, .)
 *(SORT_BY_NAME(.fini_array.*))
 *(.fini_array)
 .fini_array    0x20000114        0x4 c:/siliconlabs/simplicitystudio/v4/developer/toolchains/gnu_arm/7.2_2017q4/bin/../lib/gcc/arm-none-eabi/7.2.1/thumb/v7e-m/fpv4-sp/softfp/crtbegin.o
                [!provide]                PROVIDE (__fini_array_end, .)
 *(.jcr*)
                0x20000118                . = ALIGN (0x4)
                0x20000118                __data_end__ = .
                0x000035c4                __rom_end__ = (__etext + SIZEOF (.data))

.igot.plt       0x20000118        0x0 load address 0x000035c4
 .igot.plt      0x20000118        0x0 c:/siliconlabs/simplicitystudio/v4/developer/toolchains/gnu_arm/7.2_2017q4/bin/../lib/gcc/arm-none-eabi/7.2.1/thumb/v7e-m/fpv4-sp/softfp/crtbegin.o

.bss            0x20000118      0x2a8 load address 0x000035c4
                0x20000118                . = ALIGN (0x4)
                0x20000118                __bss_start__ = .
 *(.bss*)
 .bss           0x20000118       0x1c c:/siliconlabs/simplicitystudio/v4/developer/toolchains/gnu_arm/7.2_2017q4/bin/../lib/gcc/arm-none-eabi/7.2.1/thumb/v7e-m/fpv4-sp/softfp/crtbegin.o
 .bss.delayTarget
                0x20000134        0x2 ./delay-driver/btl_driver_delay.o
 .bss.expectOverflow
                0x20000136        0x1 ./delay-driver/btl_driver_delay.o
 *fill*         0x20000137        0x1 
 .bss.ticksPerMillisecond
                0x20000138        0x4 ./delay-driver/btl_driver_delay.o
 .bss.rxBuffer  0x2000013c      0x200 ./uart-driver/btl_driver_uart.o
 .bss.rxHead    0x2000033c        0x4 ./uart-driver/btl_driver_uart.o
 .bss.txBuffer  0x20000340       0x80 ./uart-driver/btl_driver_uart.o
 *(COMMON)
                0x200003c0                . = ALIGN (0x4)
                0x200003c0                __bss_end__ = .

.heap           0x200003c0      0xc00
                0x200003c0                __HeapBase = .
                0x200003c0                __end__ = .
                0x200003c0                end = __end__
                0x200003c0                _end = __end__
 *(.heap*)
 .heap          0x200003c0      0xc00 ./core/EFR32/gcc/main_btl_startup.o
                0x20000fc0                __HeapLimit = .

.stack_dummy    0x20000fc0     0x1000
 *(.stack*)
 .stack         0x20000fc0     0x1000 ./core/EFR32/gcc/main_btl_startup.o
                0x20007c00                __StackTop = (ORIGIN (RAM) + LENGTH (RAM))
                0x20006c00                __StackLimit = (__StackTop - SIZEOF (.stack_dummy))
                0x20007c00                PROVIDE (__stack, __StackTop)
                0x00000001                ASSERT ((__StackLimit >= __HeapLimit), region RAM overflowed with stack)
                0x00000001                ASSERT (((LENGTH (FLASH) - 0x4) >= ((__etext + SIZEOF (.data)) - ORIGIN (FLASH))), FLASH memory overflowed !)
OUTPUT(CPSIncDeviceBootloader.axf elf32-littlearm)

.ARM.attributes
                0x00000000       0x2e
 .ARM.attributes
                0x00000000       0x22 c:/siliconlabs/simplicitystudio/v4/developer/toolchains/gnu_arm/7.2_2017q4/bin/../lib/gcc/arm-none-eabi/7.2.1/thumb/v7e-m/fpv4-sp/softfp/crti.o
 .ARM.attributes
                0x00000022       0x32 c:/siliconlabs/simplicitystudio/v4/developer/toolchains/gnu_arm/7.2_2017q4/bin/../lib/gcc/arm-none-eabi/7.2.1/thumb/v7e-m/fpv4-sp/softfp/crtbegin.o
 .ARM.attributes
                0x00000054       0x37 ./CMSIS/system_bgm1.o
 .ARM.attributes
                0x0000008b       0x37 ./bgapi-uart-dfu/btl_comm_bgapi.o
 .ARM.attributes
                0x000000c2       0x37 ./core/EFR32/gcc/main_btl_startup.o
 .ARM.attributes
                0x000000f9       0x37 ./core/btl_core.o
 .ARM.attributes
                0x00000130       0x37 ./core/btl_driver_util.o
 .ARM.attributes
                0x00000167       0x37 ./core/btl_main.o
 .ARM.attributes
                0x0000019e       0x37 ./crc/btl_crc32.o
 .ARM.attributes
                0x000001d5       0x37 ./crypto/btl_security_aes.o
 .ARM.attributes
                0x0000020c       0x37 ./crypto/btl_security_ecdsa.o
 .ARM.attributes
                0x00000243       0x37 ./crypto/btl_security_sha256.o
 .ARM.attributes
                0x0000027a       0x37 ./crypto/ecc.o
 .ARM.attributes
                0x000002b1       0x37 ./delay-driver/btl_driver_delay.o
 .ARM.attributes
                0x000002e8       0x37 ./emlib/em_cmu.o
 .ARM.attributes
                0x0000031f       0x37 ./emlib/em_core.o
 .ARM.attributes
                0x00000356       0x37 ./emlib/em_crypto.o
 .ARM.attributes
                0x0000038d       0x37 ./emlib/em_gpio.o
 .ARM.attributes
                0x000003c4       0x37 ./emlib/em_msc.o
 .ARM.attributes
                0x000003fb       0x37 ./emlib/em_system.o
 .ARM.attributes
                0x00000432       0x37 ./emlib/em_timer.o
 .ARM.attributes
                0x00000469       0x37 ./mbedtls/crypto_aes.o
 .ARM.attributes
                0x000004a0       0x37 ./mbedtls/crypto_management.o
 .ARM.attributes
                0x000004d7       0x37 ./mbedtls/crypto_sha.o
 .ARM.attributes
                0x0000050e       0x37 ./mbedtls/shax.o
 .ARM.attributes
                0x00000545       0x37 ./parser/btl_gbl_custom_tags.o
 .ARM.attributes
                0x0000057c       0x37 ./parser/btl_image_parser.o
 .ARM.attributes
                0x000005b3       0x37 ./token-management/btl_security_tokens.o
 .ARM.attributes
                0x000005ea       0x37 ./uart-driver/btl_driver_uart.o
 .ARM.attributes
                0x00000621       0x37 C:/SiliconLabs/SimplicityStudio/v4/developer/sdks/gecko_sdk_suite/v2.5//platform/bootloader/build/lib/\libparser_efx32xg11_gcc.a(btl_ebl_parser.o)
 .ARM.attributes
                0x00000658       0x37 C:/SiliconLabs/SimplicityStudio/v4/developer/sdks/gecko_sdk_suite/v2.5//platform/bootloader/build/lib/\libbootloader_efx32xg11_gcc.a(btl_bootload.o)
 .ARM.attributes
                0x0000068f       0x37 C:/SiliconLabs/SimplicityStudio/v4/developer/sdks/gecko_sdk_suite/v2.5//platform/bootloader/build/lib/\libbootloader_efx32xg11_gcc.a(btl_parse.o)
 .ARM.attributes
                0x000006c6       0x37 C:/SiliconLabs/SimplicityStudio/v4/developer/sdks/gecko_sdk_suite/v2.5//platform/bootloader/build/lib/\libbootloader_efx32xg11_gcc.a(btl_reset.o)
 .ARM.attributes
                0x000006fd       0x37 C:/SiliconLabs/SimplicityStudio/v4/developer/sdks/gecko_sdk_suite/v2.5//platform/bootloader/build/lib/\libbootloader_efx32xg11_gcc.a(btl_internal_flash.o)
 .ARM.attributes
                0x00000734       0x32 c:/siliconlabs/simplicitystudio/v4/developer/toolchains/gnu_arm/7.2_2017q4/bin/../lib/gcc/arm-none-eabi/7.2.1/../../../../arm-none-eabi/lib/thumb/v7e-m/fpv4-sp/softfp\libc_nano.a(lib_a-memcmp.o)
 .ARM.attributes
                0x00000766       0x32 c:/siliconlabs/simplicitystudio/v4/developer/toolchains/gnu_arm/7.2_2017q4/bin/../lib/gcc/arm-none-eabi/7.2.1/../../../../arm-none-eabi/lib/thumb/v7e-m/fpv4-sp/softfp\libc_nano.a(lib_a-memcpy-stub.o)
 .ARM.attributes
                0x00000798       0x32 c:/siliconlabs/simplicitystudio/v4/developer/toolchains/gnu_arm/7.2_2017q4/bin/../lib/gcc/arm-none-eabi/7.2.1/../../../../arm-none-eabi/lib/thumb/v7e-m/fpv4-sp/softfp\libc_nano.a(lib_a-memset.o)
 .ARM.attributes
                0x000007ca       0x32 c:/siliconlabs/simplicitystudio/v4/developer/toolchains/gnu_arm/7.2_2017q4/bin/../lib/gcc/arm-none-eabi/7.2.1/thumb/v7e-m/fpv4-sp/softfp/crtend.o
 .ARM.attributes
                0x000007fc       0x22 c:/siliconlabs/simplicitystudio/v4/developer/toolchains/gnu_arm/7.2_2017q4/bin/../lib/gcc/arm-none-eabi/7.2.1/thumb/v7e-m/fpv4-sp/softfp/crtn.o

.comment        0x00000000       0x7e
 .comment       0x00000000       0x7e ./CMSIS/system_bgm1.o
                                 0x7f (size before relaxing)
 .comment       0x0000007e       0x7f ./bgapi-uart-dfu/btl_comm_bgapi.o
 .comment       0x0000007e       0x7f ./core/EFR32/gcc/main_btl_startup.o
 .comment       0x0000007e       0x7f ./core/btl_core.o
 .comment       0x0000007e       0x7f ./core/btl_driver_util.o
 .comment       0x0000007e       0x7f ./core/btl_main.o
 .comment       0x0000007e       0x7f ./crc/btl_crc32.o
 .comment       0x0000007e       0x7f ./crypto/btl_security_aes.o
 .comment       0x0000007e       0x7f ./crypto/btl_security_ecdsa.o
 .comment       0x0000007e       0x7f ./crypto/btl_security_sha256.o
 .comment       0x0000007e       0x7f ./crypto/ecc.o
 .comment       0x0000007e       0x7f ./delay-driver/btl_driver_delay.o
 .comment       0x0000007e       0x7f ./emlib/em_cmu.o
 .comment       0x0000007e       0x7f ./emlib/em_core.o
 .comment       0x0000007e       0x7f ./emlib/em_crypto.o
 .comment       0x0000007e       0x7f ./emlib/em_gpio.o
 .comment       0x0000007e       0x7f ./emlib/em_msc.o
 .comment       0x0000007e       0x7f ./emlib/em_system.o
 .comment       0x0000007e       0x7f ./emlib/em_timer.o
 .comment       0x0000007e       0x7f ./mbedtls/crypto_aes.o
 .comment       0x0000007e       0x7f ./mbedtls/crypto_management.o
 .comment       0x0000007e       0x7f ./mbedtls/crypto_sha.o
 .comment       0x0000007e       0x7f ./mbedtls/shax.o
 .comment       0x0000007e       0x7f ./parser/btl_gbl_custom_tags.o
 .comment       0x0000007e       0x7f ./parser/btl_image_parser.o
 .comment       0x0000007e       0x7f ./token-management/btl_security_tokens.o
 .comment       0x0000007e       0x7f ./uart-driver/btl_driver_uart.o
 .comment       0x0000007e       0x7f C:/SiliconLabs/SimplicityStudio/v4/developer/sdks/gecko_sdk_suite/v2.5//platform/bootloader/build/lib/\libparser_efx32xg11_gcc.a(btl_ebl_parser.o)
 .comment       0x0000007e       0x7f C:/SiliconLabs/SimplicityStudio/v4/developer/sdks/gecko_sdk_suite/v2.5//platform/bootloader/build/lib/\libbootloader_efx32xg11_gcc.a(btl_bootload.o)
 .comment       0x0000007e       0x7f C:/SiliconLabs/SimplicityStudio/v4/developer/sdks/gecko_sdk_suite/v2.5//platform/bootloader/build/lib/\libbootloader_efx32xg11_gcc.a(btl_parse.o)
 .comment       0x0000007e       0x7f C:/SiliconLabs/SimplicityStudio/v4/developer/sdks/gecko_sdk_suite/v2.5//platform/bootloader/build/lib/\libbootloader_efx32xg11_gcc.a(btl_reset.o)
 .comment       0x0000007e       0x7f C:/SiliconLabs/SimplicityStudio/v4/developer/sdks/gecko_sdk_suite/v2.5//platform/bootloader/build/lib/\libbootloader_efx32xg11_gcc.a(btl_internal_flash.o)

.debug_info     0x00000000    0x1c9fe
 .debug_info    0x00000000      0xb4f ./CMSIS/system_bgm1.o
 .debug_info    0x00000b4f     0x1b26 ./bgapi-uart-dfu/btl_comm_bgapi.o
 .debug_info    0x00002675      0xa76 ./core/EFR32/gcc/main_btl_startup.o
 .debug_info    0x000030eb      0x12e ./core/btl_core.o
 .debug_info    0x00003219      0x924 ./core/btl_driver_util.o
 .debug_info    0x00003b3d     0x2114 ./core/btl_main.o
 .debug_info    0x00005c51      0x655 ./crc/btl_crc32.o
 .debug_info    0x000062a6      0xdc5 ./crypto/btl_security_aes.o
 .debug_info    0x0000706b     0x111d ./crypto/btl_security_ecdsa.o
 .debug_info    0x00008188      0x3a2 ./crypto/btl_security_sha256.o
 .debug_info    0x0000852a     0x2864 ./crypto/ecc.o
 .debug_info    0x0000ad8e      0xa75 ./delay-driver/btl_driver_delay.o
 .debug_info    0x0000b803     0x2774 ./emlib/em_cmu.o
 .debug_info    0x0000df77      0xcfb ./emlib/em_core.o
 .debug_info    0x0000ec72     0x30b0 ./emlib/em_crypto.o
 .debug_info    0x00011d22      0xf05 ./emlib/em_gpio.o
 .debug_info    0x00012c27      0x7f2 ./emlib/em_msc.o
 .debug_info    0x00013419      0x28e ./emlib/em_system.o
 .debug_info    0x000136a7      0x9f7 ./emlib/em_timer.o
 .debug_info    0x0001409e     0x2307 ./mbedtls/crypto_aes.o
 .debug_info    0x000163a5     0x1504 ./mbedtls/crypto_management.o
 .debug_info    0x000178a9     0x162a ./mbedtls/crypto_sha.o
 .debug_info    0x00018ed3     0x1702 ./mbedtls/shax.o
 .debug_info    0x0001a5d5      0x4e0 ./parser/btl_gbl_custom_tags.o
 .debug_info    0x0001aab5      0x88f ./parser/btl_image_parser.o
 .debug_info    0x0001b344      0x139 ./token-management/btl_security_tokens.o
 .debug_info    0x0001b47d     0x1581 ./uart-driver/btl_driver_uart.o

.debug_abbrev   0x00000000     0x444c
 .debug_abbrev  0x00000000      0x1ee ./CMSIS/system_bgm1.o
 .debug_abbrev  0x000001ee      0x33d ./bgapi-uart-dfu/btl_comm_bgapi.o
 .debug_abbrev  0x0000052b      0x1ad ./core/EFR32/gcc/main_btl_startup.o
 .debug_abbrev  0x000006d8       0xb3 ./core/btl_core.o
 .debug_abbrev  0x0000078b      0x17e ./core/btl_driver_util.o
 .debug_abbrev  0x00000909      0x391 ./core/btl_main.o
 .debug_abbrev  0x00000c9a       0xea ./crc/btl_crc32.o
 .debug_abbrev  0x00000d84      0x25e ./crypto/btl_security_aes.o
 .debug_abbrev  0x00000fe2      0x244 ./crypto/btl_security_ecdsa.o
 .debug_abbrev  0x00001226      0x18e ./crypto/btl_security_sha256.o
 .debug_abbrev  0x000013b4      0x430 ./crypto/ecc.o
 .debug_abbrev  0x000017e4      0x1e0 ./delay-driver/btl_driver_delay.o
 .debug_abbrev  0x000019c4      0x472 ./emlib/em_cmu.o
 .debug_abbrev  0x00001e36      0x335 ./emlib/em_core.o
 .debug_abbrev  0x0000216b      0x492 ./emlib/em_crypto.o
 .debug_abbrev  0x000025fd      0x31d ./emlib/em_gpio.o
 .debug_abbrev  0x0000291a      0x269 ./emlib/em_msc.o
 .debug_abbrev  0x00002b83      0x12c ./emlib/em_system.o
 .debug_abbrev  0x00002caf      0x24d ./emlib/em_timer.o
 .debug_abbrev  0x00002efc      0x475 ./mbedtls/crypto_aes.o
 .debug_abbrev  0x00003371      0x32e ./mbedtls/crypto_management.o
 .debug_abbrev  0x0000369f      0x330 ./mbedtls/crypto_sha.o
 .debug_abbrev  0x000039cf      0x3f3 ./mbedtls/shax.o
 .debug_abbrev  0x00003dc2      0x10a ./parser/btl_gbl_custom_tags.o
 .debug_abbrev  0x00003ecc      0x180 ./parser/btl_image_parser.o
 .debug_abbrev  0x0000404c       0x8f ./token-management/btl_security_tokens.o
 .debug_abbrev  0x000040db      0x371 ./uart-driver/btl_driver_uart.o

.debug_loc      0x00000000     0xb28d
 .debug_loc     0x00000000       0xa6 ./CMSIS/system_bgm1.o
 .debug_loc     0x000000a6      0x188 ./bgapi-uart-dfu/btl_comm_bgapi.o
 .debug_loc     0x0000022e       0x63 ./core/EFR32/gcc/main_btl_startup.o
 .debug_loc     0x00000291       0xec ./core/btl_driver_util.o
 .debug_loc     0x0000037d      0x2ae ./core/btl_main.o
 .debug_loc     0x0000062b       0xa8 ./crc/btl_crc32.o
 .debug_loc     0x000006d3      0x401 ./crypto/btl_security_aes.o
 .debug_loc     0x00000ad4      0x123 ./crypto/btl_security_ecdsa.o
 .debug_loc     0x00000bf7      0x2d1 ./crypto/btl_security_sha256.o
 .debug_loc     0x00000ec8     0x1175 ./crypto/ecc.o
 .debug_loc     0x0000203d      0x104 ./delay-driver/btl_driver_delay.o
 .debug_loc     0x00002141     0x1be6 ./emlib/em_cmu.o
 .debug_loc     0x00003d27      0x4ec ./emlib/em_core.o
 .debug_loc     0x00004213     0x2b41 ./emlib/em_crypto.o
 .debug_loc     0x00006d54      0x8ce ./emlib/em_gpio.o
 .debug_loc     0x00007622      0x59b ./emlib/em_msc.o
 .debug_loc     0x00007bbd       0x8d ./emlib/em_system.o
 .debug_loc     0x00007c4a      0x256 ./emlib/em_timer.o
 .debug_loc     0x00007ea0     0x1719 ./mbedtls/crypto_aes.o
 .debug_loc     0x000095b9      0x197 ./mbedtls/crypto_management.o
 .debug_loc     0x00009750      0x785 ./mbedtls/crypto_sha.o
 .debug_loc     0x00009ed5      0xc7a ./mbedtls/shax.o
 .debug_loc     0x0000ab4f       0x42 ./parser/btl_gbl_custom_tags.o
 .debug_loc     0x0000ab91       0x21 ./parser/btl_image_parser.o
 .debug_loc     0x0000abb2      0x6db ./uart-driver/btl_driver_uart.o

.debug_aranges  0x00000000      0x958
 .debug_aranges
                0x00000000       0x68 ./CMSIS/system_bgm1.o
 .debug_aranges
                0x00000068       0x40 ./bgapi-uart-dfu/btl_comm_bgapi.o
 .debug_aranges
                0x000000a8       0x28 ./core/EFR32/gcc/main_btl_startup.o
 .debug_aranges
                0x000000d0       0x20 ./core/btl_core.o
 .debug_aranges
                0x000000f0       0x28 ./core/btl_driver_util.o
 .debug_aranges
                0x00000118       0x38 ./core/btl_main.o
 .debug_aranges
                0x00000150       0x20 ./crc/btl_crc32.o
 .debug_aranges
                0x00000170       0x40 ./crypto/btl_security_aes.o
 .debug_aranges
                0x000001b0       0x20 ./crypto/btl_security_ecdsa.o
 .debug_aranges
                0x000001d0       0x38 ./crypto/btl_security_sha256.o
 .debug_aranges
                0x00000208       0x80 ./crypto/ecc.o
 .debug_aranges
                0x00000288       0x38 ./delay-driver/btl_driver_delay.o
 .debug_aranges
                0x000002c0      0x130 ./emlib/em_cmu.o
 .debug_aranges
                0x000003f0       0xb8 ./emlib/em_core.o
 .debug_aranges
                0x000004a8       0xf0 ./emlib/em_crypto.o
 .debug_aranges
                0x00000598       0x48 ./emlib/em_gpio.o
 .debug_aranges
                0x000005e0       0x68 ./emlib/em_msc.o
 .debug_aranges
                0x00000648       0x28 ./emlib/em_system.o
 .debug_aranges
                0x00000670       0x38 ./emlib/em_timer.o
 .debug_aranges
                0x000006a8       0x98 ./mbedtls/crypto_aes.o
 .debug_aranges
                0x00000740       0x38 ./mbedtls/crypto_management.o
 .debug_aranges
                0x00000778       0x20 ./mbedtls/crypto_sha.o
 .debug_aranges
                0x00000798       0xc8 ./mbedtls/shax.o
 .debug_aranges
                0x00000860       0x28 ./parser/btl_gbl_custom_tags.o
 .debug_aranges
                0x00000888       0x38 ./parser/btl_image_parser.o
 .debug_aranges
                0x000008c0       0x30 ./token-management/btl_security_tokens.o
 .debug_aranges
                0x000008f0       0x68 ./uart-driver/btl_driver_uart.o

.debug_ranges   0x00000000     0x1018
 .debug_ranges  0x00000000       0x58 ./CMSIS/system_bgm1.o
 .debug_ranges  0x00000058       0x30 ./bgapi-uart-dfu/btl_comm_bgapi.o
 .debug_ranges  0x00000088       0x18 ./core/EFR32/gcc/main_btl_startup.o
 .debug_ranges  0x000000a0       0x10 ./core/btl_core.o
 .debug_ranges  0x000000b0       0x18 ./core/btl_driver_util.o
 .debug_ranges  0x000000c8       0x70 ./core/btl_main.o
 .debug_ranges  0x00000138       0x10 ./crc/btl_crc32.o
 .debug_ranges  0x00000148       0x30 ./crypto/btl_security_aes.o
 .debug_ranges  0x00000178       0x10 ./crypto/btl_security_ecdsa.o
 .debug_ranges  0x00000188       0x40 ./crypto/btl_security_sha256.o
 .debug_ranges  0x000001c8      0x100 ./crypto/ecc.o
 .debug_ranges  0x000002c8       0x28 ./delay-driver/btl_driver_delay.o
 .debug_ranges  0x000002f0      0x298 ./emlib/em_cmu.o
 .debug_ranges  0x00000588      0x100 ./emlib/em_core.o
 .debug_ranges  0x00000688      0x300 ./emlib/em_crypto.o
 .debug_ranges  0x00000988      0x150 ./emlib/em_gpio.o
 .debug_ranges  0x00000ad8       0x58 ./emlib/em_msc.o
 .debug_ranges  0x00000b30       0x18 ./emlib/em_system.o
 .debug_ranges  0x00000b48       0x58 ./emlib/em_timer.o
 .debug_ranges  0x00000ba0      0x1b0 ./mbedtls/crypto_aes.o
 .debug_ranges  0x00000d50       0x58 ./mbedtls/crypto_management.o
 .debug_ranges  0x00000da8       0x58 ./mbedtls/crypto_sha.o
 .debug_ranges  0x00000e00      0x100 ./mbedtls/shax.o
 .debug_ranges  0x00000f00       0x18 ./parser/btl_gbl_custom_tags.o
 .debug_ranges  0x00000f18       0x28 ./parser/btl_image_parser.o
 .debug_ranges  0x00000f40       0x20 ./token-management/btl_security_tokens.o
 .debug_ranges  0x00000f60       0xb8 ./uart-driver/btl_driver_uart.o

.debug_macro    0x00000000    0x29126
 .debug_macro   0x00000000      0x239 ./CMSIS/system_bgm1.o
 .debug_macro   0x00000239      0xa8a ./CMSIS/system_bgm1.o
 .debug_macro   0x00000cc3       0x22 ./CMSIS/system_bgm1.o
 .debug_macro   0x00000ce5       0x4f ./CMSIS/system_bgm1.o
 .debug_macro   0x00000d34       0x51 ./CMSIS/system_bgm1.o
 .debug_macro   0x00000d85       0xef ./CMSIS/system_bgm1.o
 .debug_macro   0x00000e74       0x6a ./CMSIS/system_bgm1.o
 .debug_macro   0x00000ede      0x1df ./CMSIS/system_bgm1.o
 .debug_macro   0x000010bd      0x352 ./CMSIS/system_bgm1.o
 .debug_macro   0x0000140f       0x1c ./CMSIS/system_bgm1.o
 .debug_macro   0x0000142b       0x22 ./CMSIS/system_bgm1.o
 .debug_macro   0x0000144d       0xdf ./CMSIS/system_bgm1.o
 .debug_macro   0x0000152c      0xff5 ./CMSIS/system_bgm1.o
 .debug_macro   0x00002521       0xe2 ./CMSIS/system_bgm1.o
 .debug_macro   0x00002603      0xa6a ./CMSIS/system_bgm1.o
 .debug_macro   0x0000306d     0x1998 ./CMSIS/system_bgm1.o
 .debug_macro   0x00004a05      0x32a ./CMSIS/system_bgm1.o
 .debug_macro   0x00004d2f     0x2a51 ./CMSIS/system_bgm1.o
 .debug_macro   0x00007780     0x1b2f ./CMSIS/system_bgm1.o
 .debug_macro   0x000092af     0x2173 ./CMSIS/system_bgm1.o
 .debug_macro   0x0000b422     0x1770 ./CMSIS/system_bgm1.o
 .debug_macro   0x0000cb92      0xbee ./CMSIS/system_bgm1.o
 .debug_macro   0x0000d780      0x345 ./CMSIS/system_bgm1.o
 .debug_macro   0x0000dac5      0x29e ./CMSIS/system_bgm1.o
 .debug_macro   0x0000dd63     0x2764 ./CMSIS/system_bgm1.o
 .debug_macro   0x000104c7     0x31cd ./CMSIS/system_bgm1.o
 .debug_macro   0x00013694     0x136c ./CMSIS/system_bgm1.o
 .debug_macro   0x00014a00      0xde3 ./CMSIS/system_bgm1.o
 .debug_macro   0x000157e3      0x23c ./CMSIS/system_bgm1.o
 .debug_macro   0x00015a1f     0x1043 ./CMSIS/system_bgm1.o
 .debug_macro   0x00016a62     0x1606 ./CMSIS/system_bgm1.o
 .debug_macro   0x00018068     0x38e4 ./CMSIS/system_bgm1.o
 .debug_macro   0x0001b94c     0x2290 ./CMSIS/system_bgm1.o
 .debug_macro   0x0001dbdc      0x618 ./CMSIS/system_bgm1.o
 .debug_macro   0x0001e1f4      0xfb0 ./CMSIS/system_bgm1.o
 .debug_macro   0x0001f1a4      0x6b6 ./CMSIS/system_bgm1.o
 .debug_macro   0x0001f85a     0x12f8 ./CMSIS/system_bgm1.o
 .debug_macro   0x00020b52       0x40 ./CMSIS/system_bgm1.o
 .debug_macro   0x00020b92      0x1d2 ./CMSIS/system_bgm1.o
 .debug_macro   0x00020d64      0x1fa ./CMSIS/system_bgm1.o
 .debug_macro   0x00020f5e       0xc4 ./CMSIS/system_bgm1.o
 .debug_macro   0x00021022       0x35 ./CMSIS/system_bgm1.o
 .debug_macro   0x00021057      0x15a ./CMSIS/system_bgm1.o
 .debug_macro   0x000211b1      0x15a ./CMSIS/system_bgm1.o
 .debug_macro   0x0002130b      0x513 ./bgapi-uart-dfu/btl_comm_bgapi.o
 .debug_macro   0x0002181e       0x1c ./bgapi-uart-dfu/btl_comm_bgapi.o
 .debug_macro   0x0002183a       0x18 ./bgapi-uart-dfu/btl_comm_bgapi.o
 .debug_macro   0x00021852      0x10d ./bgapi-uart-dfu/btl_comm_bgapi.o
 .debug_macro   0x0002195f       0x1c ./bgapi-uart-dfu/btl_comm_bgapi.o
 .debug_macro   0x0002197b       0x22 ./bgapi-uart-dfu/btl_comm_bgapi.o
 .debug_macro   0x0002199d       0x10 ./bgapi-uart-dfu/btl_comm_bgapi.o
 .debug_macro   0x000219ad       0xe4 ./bgapi-uart-dfu/btl_comm_bgapi.o
 .debug_macro   0x00021a91      0x1ba ./bgapi-uart-dfu/btl_comm_bgapi.o
 .debug_macro   0x00021c4b      0x151 ./bgapi-uart-dfu/btl_comm_bgapi.o
 .debug_macro   0x00021d9c      0x330 ./bgapi-uart-dfu/btl_comm_bgapi.o
 .debug_macro   0x000220cc       0x73 ./bgapi-uart-dfu/btl_comm_bgapi.o
 .debug_macro   0x0002213f       0x46 ./bgapi-uart-dfu/btl_comm_bgapi.o
 .debug_macro   0x00022185       0x69 ./bgapi-uart-dfu/btl_comm_bgapi.o
 .debug_macro   0x000221ee       0x3e ./bgapi-uart-dfu/btl_comm_bgapi.o
 .debug_macro   0x0002222c      0x16d ./bgapi-uart-dfu/btl_comm_bgapi.o
 .debug_macro   0x00022399      0x212 ./bgapi-uart-dfu/btl_comm_bgapi.o
 .debug_macro   0x000225ab       0x58 ./bgapi-uart-dfu/btl_comm_bgapi.o
 .debug_macro   0x00022603       0x58 ./bgapi-uart-dfu/btl_comm_bgapi.o
 .debug_macro   0x0002265b       0x3c ./bgapi-uart-dfu/btl_comm_bgapi.o
 .debug_macro   0x00022697       0xa5 ./bgapi-uart-dfu/btl_comm_bgapi.o
 .debug_macro   0x0002273c       0x40 ./bgapi-uart-dfu/btl_comm_bgapi.o
 .debug_macro   0x0002277c       0x2a ./bgapi-uart-dfu/btl_comm_bgapi.o
 .debug_macro   0x000227a6       0x28 ./bgapi-uart-dfu/btl_comm_bgapi.o
 .debug_macro   0x000227ce       0xa1 ./bgapi-uart-dfu/btl_comm_bgapi.o
 .debug_macro   0x0002286f      0x373 ./bgapi-uart-dfu/btl_comm_bgapi.o
 .debug_macro   0x00022be2       0x58 ./bgapi-uart-dfu/btl_comm_bgapi.o
 .debug_macro   0x00022c3a      0x34d ./bgapi-uart-dfu/btl_comm_bgapi.o
 .debug_macro   0x00022f87       0x25 ./bgapi-uart-dfu/btl_comm_bgapi.o
 .debug_macro   0x00022fac       0xee ./bgapi-uart-dfu/btl_comm_bgapi.o
 .debug_macro   0x0002309a       0x19 ./bgapi-uart-dfu/btl_comm_bgapi.o
 .debug_macro   0x000230b3       0x28 ./bgapi-uart-dfu/btl_comm_bgapi.o
 .debug_macro   0x000230db       0x18 ./bgapi-uart-dfu/btl_comm_bgapi.o
 .debug_macro   0x000230f3       0x12 ./bgapi-uart-dfu/btl_comm_bgapi.o
 .debug_macro   0x00023105       0x12 ./bgapi-uart-dfu/btl_comm_bgapi.o
 .debug_macro   0x00023117       0x17 ./bgapi-uart-dfu/btl_comm_bgapi.o
 .debug_macro   0x0002312e       0x35 ./bgapi-uart-dfu/btl_comm_bgapi.o
 .debug_macro   0x00023163       0x9c ./bgapi-uart-dfu/btl_comm_bgapi.o
 .debug_macro   0x000231ff       0x58 ./bgapi-uart-dfu/btl_comm_bgapi.o
 .debug_macro   0x00023257       0x1f ./bgapi-uart-dfu/btl_comm_bgapi.o
 .debug_macro   0x00023276       0x43 ./bgapi-uart-dfu/btl_comm_bgapi.o
 .debug_macro   0x000232b9       0x20 ./bgapi-uart-dfu/btl_comm_bgapi.o
 .debug_macro   0x000232d9      0x18e ./bgapi-uart-dfu/btl_comm_bgapi.o
 .debug_macro   0x00023467       0x10 ./bgapi-uart-dfu/btl_comm_bgapi.o
 .debug_macro   0x00023477       0x35 ./bgapi-uart-dfu/btl_comm_bgapi.o
 .debug_macro   0x000234ac      0x287 ./core/EFR32/gcc/main_btl_startup.o
 .debug_macro   0x00023733      0x316 ./core/btl_core.o
 .debug_macro   0x00023a49      0x262 ./core/btl_driver_util.o
 .debug_macro   0x00023cab       0xeb ./core/btl_driver_util.o
 .debug_macro   0x00023d96       0xea ./core/btl_driver_util.o
 .debug_macro   0x00023e80      0x4ac ./core/btl_main.o
 .debug_macro   0x0002432c      0x22d ./crc/btl_crc32.o
 .debug_macro   0x00024559       0x10 ./crc/btl_crc32.o
 .debug_macro   0x00024569      0x4a5 ./crypto/btl_security_aes.o
 .debug_macro   0x00024a0e       0x9b ./crypto/btl_security_aes.o
 .debug_macro   0x00024aa9       0x3a ./crypto/btl_security_aes.o
 .debug_macro   0x00024ae3       0x1c ./crypto/btl_security_aes.o
 .debug_macro   0x00024aff       0x10 ./crypto/btl_security_aes.o
 .debug_macro   0x00024b0f       0x10 ./crypto/btl_security_aes.o
 .debug_macro   0x00024b1f       0xb6 ./crypto/btl_security_aes.o
 .debug_macro   0x00024bd5       0x16 ./crypto/btl_security_aes.o
 .debug_macro   0x00024beb      0x129 ./crypto/btl_security_aes.o
 .debug_macro   0x00024d14      0x325 ./crypto/btl_security_ecdsa.o
 .debug_macro   0x00025039       0x10 ./crypto/btl_security_ecdsa.o
 .debug_macro   0x00025049       0x22 ./crypto/btl_security_ecdsa.o
 .debug_macro   0x0002506b      0x321 ./crypto/btl_security_sha256.o
 .debug_macro   0x0002538c      0x47c ./crypto/ecc.o
 .debug_macro   0x00025808       0x16 ./crypto/ecc.o
 .debug_macro   0x0002581e       0x97 ./crypto/ecc.o
 .debug_macro   0x000258b5       0xf6 ./crypto/ecc.o
 .debug_macro   0x000259ab       0x16 ./crypto/ecc.o
 .debug_macro   0x000259c1       0x22 ./crypto/ecc.o
 .debug_macro   0x000259e3       0x52 ./crypto/ecc.o
 .debug_macro   0x00025a35       0x16 ./crypto/ecc.o
 .debug_macro   0x00025a4b       0x9c ./crypto/ecc.o
 .debug_macro   0x00025ae7      0x1b6 ./crypto/ecc.o
 .debug_macro   0x00025c9d       0xba ./crypto/ecc.o
 .debug_macro   0x00025d57       0x1c ./crypto/ecc.o
 .debug_macro   0x00025d73      0x27b ./delay-driver/btl_driver_delay.o
 .debug_macro   0x00025fee       0x7f ./delay-driver/btl_driver_delay.o
 .debug_macro   0x0002606d      0x32b ./emlib/em_cmu.o
 .debug_macro   0x00026398      0x261 ./emlib/em_core.o
 .debug_macro   0x000265f9       0x63 ./emlib/em_core.o
 .debug_macro   0x0002665c      0x35d ./emlib/em_crypto.o
 .debug_macro   0x000269b9      0x24c ./emlib/em_gpio.o
 .debug_macro   0x00026c05      0x26c ./emlib/em_msc.o
 .debug_macro   0x00026e71       0x34 ./emlib/em_msc.o
 .debug_macro   0x00026ea5       0x34 ./emlib/em_msc.o
 .debug_macro   0x00026ed9      0x23a ./emlib/em_system.o
 .debug_macro   0x00027113      0x23a ./emlib/em_timer.o
 .debug_macro   0x0002734d       0x79 ./emlib/em_timer.o
 .debug_macro   0x000273c6      0x3b5 ./mbedtls/crypto_aes.o
 .debug_macro   0x0002777b       0x40 ./mbedtls/crypto_aes.o
 .debug_macro   0x000277bb      0x397 ./mbedtls/crypto_management.o
 .debug_macro   0x00027b52      0x40e ./mbedtls/crypto_sha.o
 .debug_macro   0x00027f60       0x18 ./mbedtls/crypto_sha.o
 .debug_macro   0x00027f78       0x12 ./mbedtls/crypto_sha.o
 .debug_macro   0x00027f8a       0x36 ./mbedtls/crypto_sha.o
 .debug_macro   0x00027fc0      0x3b3 ./mbedtls/shax.o
 .debug_macro   0x00028373      0x338 ./parser/btl_gbl_custom_tags.o
 .debug_macro   0x000286ab      0x315 ./parser/btl_image_parser.o
 .debug_macro   0x000289c0      0x22b ./token-management/btl_security_tokens.o
 .debug_macro   0x00028beb      0x38a ./uart-driver/btl_driver_uart.o
 .debug_macro   0x00028f75       0xf1 ./uart-driver/btl_driver_uart.o
 .debug_macro   0x00029066       0xc0 ./uart-driver/btl_driver_uart.o

.debug_line     0x00000000    0x122db
 .debug_line    0x00000000      0x724 ./CMSIS/system_bgm1.o
 .debug_line    0x00000724     0x11e7 ./bgapi-uart-dfu/btl_comm_bgapi.o
 .debug_line    0x0000190b      0x7f1 ./core/EFR32/gcc/main_btl_startup.o
 .debug_line    0x000020fc      0xa6a ./core/btl_core.o
 .debug_line    0x00002b66      0x747 ./core/btl_driver_util.o
 .debug_line    0x000032ad     0x112c ./core/btl_main.o
 .debug_line    0x000043d9      0x682 ./crc/btl_crc32.o
 .debug_line    0x00004a5b      0xe1a ./crypto/btl_security_aes.o
 .debug_line    0x00005875      0x8ce ./crypto/btl_security_ecdsa.o
 .debug_line    0x00006143      0xa4c ./crypto/btl_security_sha256.o
 .debug_line    0x00006b8f      0xf15 ./crypto/ecc.o
 .debug_line    0x00007aa4      0x7ae ./delay-driver/btl_driver_delay.o
 .debug_line    0x00008252     0x1004 ./emlib/em_cmu.o
 .debug_line    0x00009256      0x90f ./emlib/em_core.o
 .debug_line    0x00009b65      0xd16 ./emlib/em_crypto.o
 .debug_line    0x0000a87b      0x81e ./emlib/em_gpio.o
 .debug_line    0x0000b099      0x8ca ./emlib/em_msc.o
 .debug_line    0x0000b963      0x705 ./emlib/em_system.o
 .debug_line    0x0000c068      0x7e6 ./emlib/em_timer.o
 .debug_line    0x0000c84e      0xddd ./mbedtls/crypto_aes.o
 .debug_line    0x0000d62b      0xa4c ./mbedtls/crypto_management.o
 .debug_line    0x0000e077      0xb92 ./mbedtls/crypto_sha.o
 .debug_line    0x0000ec09      0xb84 ./mbedtls/shax.o
 .debug_line    0x0000f78d      0xc00 ./parser/btl_gbl_custom_tags.o
 .debug_line    0x0001038d      0xb0e ./parser/btl_image_parser.o
 .debug_line    0x00010e9b      0x6a0 ./token-management/btl_security_tokens.o
 .debug_line    0x0001153b      0xda0 ./uart-driver/btl_driver_uart.o

.debug_str      0x00000000    0xfd677
 .debug_str     0x00000000    0xe5c7c ./CMSIS/system_bgm1.o
                              0xe5eb4 (size before relaxing)
 .debug_str     0x000e5c7c     0xa4f8 ./bgapi-uart-dfu/btl_comm_bgapi.o
                              0xeff13 (size before relaxing)
 .debug_str     0x000f0174      0x242 ./core/EFR32/gcc/main_btl_startup.o
                              0xe82bb (size before relaxing)
 .debug_str     0x000f03b6       0x92 ./core/btl_core.o
                              0xeaa0d (size before relaxing)
 .debug_str     0x000f0448      0x88d ./core/btl_driver_util.o
                              0xe7842 (size before relaxing)
 .debug_str     0x000f0cd5      0x519 ./core/btl_main.o
                              0xeec72 (size before relaxing)
 .debug_str     0x000f11ee      0x12a ./crc/btl_crc32.o
                              0xe5f56 (size before relaxing)
 .debug_str     0x000f1318      0x891 ./crypto/btl_security_aes.o
                              0xed732 (size before relaxing)
 .debug_str     0x000f1ba9      0x370 ./crypto/btl_security_ecdsa.o
                              0xeb844 (size before relaxing)
 .debug_str     0x000f1f19      0x13d ./crypto/btl_security_sha256.o
                              0xe9bb5 (size before relaxing)
 .debug_str     0x000f2056     0x408f ./crypto/ecc.o
                              0xf1a0e (size before relaxing)
 .debug_str     0x000f60e5      0x76f ./delay-driver/btl_driver_delay.o
                              0xe7c6f (size before relaxing)
 .debug_str     0x000f6854      0xd1c ./emlib/em_cmu.o
                              0xea384 (size before relaxing)
 .debug_str     0x000f7570      0x5f0 ./emlib/em_core.o
                              0xe684b (size before relaxing)
 .debug_str     0x000f7b60      0x8a0 ./emlib/em_crypto.o
                              0xec484 (size before relaxing)
 .debug_str     0x000f8400      0x435 ./emlib/em_gpio.o
                              0xe6789 (size before relaxing)
 .debug_str     0x000f8835      0x51b ./emlib/em_msc.o
                              0xe5f0b (size before relaxing)
 .debug_str     0x000f8d50       0xed ./emlib/em_system.o
                              0xe5d26 (size before relaxing)
 .debug_str     0x000f8e3d      0x4c4 ./emlib/em_timer.o
                              0xe6428 (size before relaxing)
 .debug_str     0x000f9301      0x373 ./mbedtls/crypto_aes.o
                              0xedb3f (size before relaxing)
 .debug_str     0x000f9674      0x21d ./mbedtls/crypto_management.o
                              0xeda1a (size before relaxing)
 .debug_str     0x000f9891      0x234 ./mbedtls/crypto_sha.o
                              0xeda3e (size before relaxing)
 .debug_str     0x000f9ac5      0x331 ./mbedtls/shax.o
                              0xea133 (size before relaxing)
 .debug_str     0x000f9df6      0x130 ./parser/btl_gbl_custom_tags.o
                              0xe930d (size before relaxing)
 .debug_str     0x000f9f26      0x12f ./parser/btl_image_parser.o
                              0xeb149 (size before relaxing)
 .debug_str     0x000fa055      0x110 ./token-management/btl_security_tokens.o
                              0xe5992 (size before relaxing)
 .debug_str     0x000fa165     0x3512 ./uart-driver/btl_driver_uart.o
                              0xeed7a (size before relaxing)

.debug_frame    0x00000000     0x1818
 .debug_frame   0x00000000       0xb8 ./CMSIS/system_bgm1.o
 .debug_frame   0x000000b8       0x7c ./bgapi-uart-dfu/btl_comm_bgapi.o
 .debug_frame   0x00000134       0x38 ./core/EFR32/gcc/main_btl_startup.o
 .debug_frame   0x0000016c       0x30 ./core/btl_core.o
 .debug_frame   0x0000019c       0x44 ./core/btl_driver_util.o
 .debug_frame   0x000001e0       0x6c ./core/btl_main.o
 .debug_frame   0x0000024c       0x28 ./crc/btl_crc32.o
 .debug_frame   0x00000274       0x8c ./crypto/btl_security_aes.o
 .debug_frame   0x00000300       0x38 ./crypto/btl_security_ecdsa.o
 .debug_frame   0x00000338       0x64 ./crypto/btl_security_sha256.o
 .debug_frame   0x0000039c      0x1b8 ./crypto/ecc.o
 .debug_frame   0x00000554       0x6c ./delay-driver/btl_driver_delay.o
 .debug_frame   0x000005c0      0x328 ./emlib/em_cmu.o
 .debug_frame   0x000008e8      0x1f8 ./emlib/em_core.o
 .debug_frame   0x00000ae0      0x420 ./emlib/em_crypto.o
 .debug_frame   0x00000f00       0x8c ./emlib/em_gpio.o
 .debug_frame   0x00000f8c       0xe4 ./emlib/em_msc.o
 .debug_frame   0x00001070       0x30 ./emlib/em_system.o
 .debug_frame   0x000010a0       0x88 ./emlib/em_timer.o
 .debug_frame   0x00001128      0x220 ./mbedtls/crypto_aes.o
 .debug_frame   0x00001348       0x60 ./mbedtls/crypto_management.o
 .debug_frame   0x000013a8       0x40 ./mbedtls/crypto_sha.o
 .debug_frame   0x000013e8      0x1f8 ./mbedtls/shax.o
 .debug_frame   0x000015e0       0x30 ./parser/btl_gbl_custom_tags.o
 .debug_frame   0x00001610       0x60 ./parser/btl_image_parser.o
 .debug_frame   0x00001670       0x40 ./token-management/btl_security_tokens.o
 .debug_frame   0x000016b0       0xf4 ./uart-driver/btl_driver_uart.o
 .debug_frame   0x000017a4       0x2c c:/siliconlabs/simplicitystudio/v4/developer/toolchains/gnu_arm/7.2_2017q4/bin/../lib/gcc/arm-none-eabi/7.2.1/../../../../arm-none-eabi/lib/thumb/v7e-m/fpv4-sp/softfp\libc_nano.a(lib_a-memcmp.o)
 .debug_frame   0x000017d0       0x28 c:/siliconlabs/simplicitystudio/v4/developer/toolchains/gnu_arm/7.2_2017q4/bin/../lib/gcc/arm-none-eabi/7.2.1/../../../../arm-none-eabi/lib/thumb/v7e-m/fpv4-sp/softfp\libc_nano.a(lib_a-memcpy-stub.o)
 .debug_frame   0x000017f8       0x20 c:/siliconlabs/simplicitystudio/v4/developer/toolchains/gnu_arm/7.2_2017q4/bin/../lib/gcc/arm-none-eabi/7.2.1/../../../../arm-none-eabi/lib/thumb/v7e-m/fpv4-sp/softfp\libc_nano.a(lib_a-memset.o)
