Archive member included to satisfy reference by file (symbol)

C:\Users\colto\SimplicityStudio\v4_workspace\soc-empty_3\protocol\bluetooth\lib\EFR32BG1B\GCC\libbluetooth.a(bgapi.c.obj)
                              ./app.o (gecko_rsp_msg_buf)
C:\Users\colto\SimplicityStudio\v4_workspace\soc-empty_3\protocol\bluetooth\lib\EFR32BG1B\GCC\libbluetooth.a(bglib.c.obj)
                              ./app.o (gecko_wait_event)
C:\Users\colto\SimplicityStudio\v4_workspace\soc-empty_3\protocol\bluetooth\lib\EFR32BG1B\GCC\libbluetooth.a(gecko_endpoints.c.obj)
                              C:\Users\colto\SimplicityStudio\v4_workspace\soc-empty_3\protocol\bluetooth\lib\EFR32BG1B\GCC\libbluetooth.a(bglib.c.obj) (gecko_release_evt)
C:\Users\colto\SimplicityStudio\v4_workspace\soc-empty_3\protocol\bluetooth\lib\EFR32BG1B\GCC\libbluetooth.a(init.c.obj)
                              C:\Users\colto\SimplicityStudio\v4_workspace\soc-empty_3\protocol\bluetooth\lib\EFR32BG1B\GCC\libbluetooth.a(bglib.c.obj) (bg_radio_init)
C:\Users\colto\SimplicityStudio\v4_workspace\soc-empty_3\protocol\bluetooth\lib\EFR32BG1B\GCC\libbluetooth.a(ll_task.c.obj)
                              C:\Users\colto\SimplicityStudio\v4_workspace\soc-empty_3\protocol\bluetooth\lib\EFR32BG1B\GCC\libbluetooth.a(bglib.c.obj) (ll_task_init)
C:\Users\colto\SimplicityStudio\v4_workspace\soc-empty_3\protocol\bluetooth\lib\EFR32BG1B\GCC\libbluetooth.a(ll_to_hci.c.obj)
                              C:\Users\colto\SimplicityStudio\v4_workspace\soc-empty_3\protocol\bluetooth\lib\EFR32BG1B\GCC\libbluetooth.a(init.c.obj) (bgll_init)
C:\Users\colto\SimplicityStudio\v4_workspace\soc-empty_3\protocol\bluetooth\lib\EFR32BG1B\GCC\libbluetooth.a(pskeys.c.obj)
                              C:\Users\colto\SimplicityStudio\v4_workspace\soc-empty_3\protocol\bluetooth\lib\EFR32BG1B\GCC\libbluetooth.a(bglib.c.obj) (ecode2bg)
C:\Users\colto\SimplicityStudio\v4_workspace\soc-empty_3\protocol\bluetooth\lib\EFR32BG1B\GCC\libbluetooth.a(ll_init.c.obj)
                              C:\Users\colto\SimplicityStudio\v4_workspace\soc-empty_3\protocol\bluetooth\lib\EFR32BG1B\GCC\libbluetooth.a(ll_task.c.obj) (BTLE_LL_Process)
C:\Users\colto\SimplicityStudio\v4_workspace\soc-empty_3\protocol\bluetooth\lib\EFR32BG1B\GCC\libbluetooth.a(ll_adv.c.obj)
                              C:\Users\colto\SimplicityStudio\v4_workspace\soc-empty_3\protocol\bluetooth\lib\EFR32BG1B\GCC\libbluetooth.a(ll_init.c.obj) (ll_advAllocMem)
C:\Users\colto\SimplicityStudio\v4_workspace\soc-empty_3\protocol\bluetooth\lib\EFR32BG1B\GCC\libbluetooth.a(ll_adv_ext-stubs.c.obj)
                              C:\Users\colto\SimplicityStudio\v4_workspace\soc-empty_3\protocol\bluetooth\lib\EFR32BG1B\GCC\libbluetooth.a(ll_init.c.obj) (ll_advExtSyncEventHandler)
C:\Users\colto\SimplicityStudio\v4_workspace\soc-empty_3\protocol\bluetooth\lib\EFR32BG1B\GCC\libbluetooth.a(ll_adv_sync-stubs.c.obj)
                              C:\Users\colto\SimplicityStudio\v4_workspace\soc-empty_3\protocol\bluetooth\lib\EFR32BG1B\GCC\libbluetooth.a(bglib.c.obj) (ll_allocPeriodicAdv)
C:\Users\colto\SimplicityStudio\v4_workspace\soc-empty_3\protocol\bluetooth\lib\EFR32BG1B\GCC\libbluetooth.a(ll_aox-stubs.c.obj)
                              C:\Users\colto\SimplicityStudio\v4_workspace\soc-empty_3\protocol\bluetooth\lib\EFR32BG1B\GCC\libbluetooth.a(ll_init.c.obj) (ll_aoxEvent)
C:\Users\colto\SimplicityStudio\v4_workspace\soc-empty_3\protocol\bluetooth\lib\EFR32BG1B\GCC\libbluetooth.a(ll_channelmap.c.obj)
                              C:\Users\colto\SimplicityStudio\v4_workspace\soc-empty_3\protocol\bluetooth\lib\EFR32BG1B\GCC\libbluetooth.a(ll_init.c.obj) (ll_channelmapEvent)
C:\Users\colto\SimplicityStudio\v4_workspace\soc-empty_3\protocol\bluetooth\lib\EFR32BG1B\GCC\libbluetooth.a(ll_conn.c.obj)
                              C:\Users\colto\SimplicityStudio\v4_workspace\soc-empty_3\protocol\bluetooth\lib\EFR32BG1B\GCC\libbluetooth.a(ll_init.c.obj) (ll_connGetByHandle)
C:\Users\colto\SimplicityStudio\v4_workspace\soc-empty_3\protocol\bluetooth\lib\EFR32BG1B\GCC\libbluetooth.a(ll_conn_enc.c.obj)
                              C:\Users\colto\SimplicityStudio\v4_workspace\soc-empty_3\protocol\bluetooth\lib\EFR32BG1B\GCC\libbluetooth.a(ll_init.c.obj) (ll_connEncryptionInit)
C:\Users\colto\SimplicityStudio\v4_workspace\soc-empty_3\protocol\bluetooth\lib\EFR32BG1B\GCC\libbluetooth.a(ll_hci.c.obj)
                              C:\Users\colto\SimplicityStudio\v4_workspace\soc-empty_3\protocol\bluetooth\lib\EFR32BG1B\GCC\libbluetooth.a(ll_init.c.obj) (ll_hciInit)
C:\Users\colto\SimplicityStudio\v4_workspace\soc-empty_3\protocol\bluetooth\lib\EFR32BG1B\GCC\libbluetooth.a(ll_hci_phy.c.obj)
                              C:\Users\colto\SimplicityStudio\v4_workspace\soc-empty_3\protocol\bluetooth\lib\EFR32BG1B\GCC\libbluetooth.a(init.c.obj) (ll_initPhy)
[...]
Memory Configuration

Name             Origin             Length             Attributes
FLASH_BOOTLOADER 0x00000000         0x00004000         xr
FLASH            0x00004000         0x0003c000         xr
RAM              0x20000000         0x00007c00         xrw
*default*        0x00000000         0xffffffff

Linker script and memory map

LOAD c:/siliconlabs/simplicitystudio/v4/developer/toolchains/gnu_arm/7.2_2017q4/bin/../lib/gcc/arm-none-eabi/7.2.1/thumb/v7e-m/fpv4-sp/softfp/crti.o
LOAD c:/siliconlabs/simplicitystudio/v4/developer/toolchains/gnu_arm/7.2_2017q4/bin/../lib/gcc/arm-none-eabi/7.2.1/thumb/v7e-m/fpv4-sp/softfp/crtbegin.o
LOAD c:/siliconlabs/simplicitystudio/v4/developer/toolchains/gnu_arm/7.2_2017q4/bin/../lib/gcc/arm-none-eabi/7.2.1/../../../../arm-none-eabi/lib/thumb/v7e-m/fpv4-sp/softfp/crt0.o
START GROUP
LOAD ./app/bluetooth/common/util/infrastructure.o
LOAD ./app.o
LOAD ./application_properties.o
LOAD ./gatt_db.o
LOAD ./init_app.o
LOAD ./init_board_efr32xg1.o
LOAD ./init_mcu_efr32xg1.o
LOAD ./main.o
LOAD ./hardware/kit/common/bsp/bsp_stk.o
LOAD ./hardware/kit/common/drivers/pg_retargetswo.o
LOAD ./hardware/kit/common/drivers/retargetio.o
LOAD ./platform/Device/SiliconLabs/EFR32BG1B/Source/GCC/startup_efr32bg1b.o
LOAD ./platform/Device/SiliconLabs/EFR32BG1B/Source/system_efr32bg1b.o
LOAD ./platform/emdrv/sleep/src/sleep.o
LOAD ./platform/emdrv/tempdrv/src/tempdrv.o
LOAD ./platform/emlib/src/em_adc.o
LOAD ./platform/emlib/src/em_assert.o
LOAD ./platform/emlib/src/em_burtc.o
LOAD ./platform/emlib/src/em_cmu.o
LOAD ./platform/emlib/src/em_core.o
LOAD ./platform/emlib/src/em_cryotimer.o
LOAD ./platform/emlib/src/em_crypto.o
LOAD ./platform/emlib/src/em_dbg.o
LOAD ./platform/emlib/src/em_emu.o
LOAD ./platform/emlib/src/em_gpio.o
LOAD ./platform/emlib/src/em_i2c.o
LOAD ./platform/emlib/src/em_msc.o
LOAD ./platform/emlib/src/em_rmu.o
LOAD ./platform/emlib/src/em_rtcc.o
LOAD ./platform/emlib/src/em_se.o
LOAD ./platform/emlib/src/em_system.o
LOAD ./platform/emlib/src/em_timer.o
LOAD ./platform/emlib/src/em_usart.o
LOAD C:\Users\colto\SimplicityStudio\v4_workspace\soc-empty_3\protocol\bluetooth\lib\EFR32BG1B\GCC\binapploader.o
LOAD C:\Users\colto\SimplicityStudio\v4_workspace\soc-empty_3\protocol\bluetooth\lib\EFR32BG1B\GCC\libmbedtls.a
LOAD C:\Users\colto\SimplicityStudio\v4_workspace\soc-empty_3\protocol\bluetooth\lib\EFR32BG1B\GCC\libpsstore.a
LOAD C:\Users\colto\SimplicityStudio\v4_workspace\soc-empty_3\protocol\bluetooth\lib\EFR32BG1B\GCC\libbluetooth.a
LOAD C:\Users\colto\SimplicityStudio\v4_workspace\soc-empty_3\platform\radio\rail_lib\autogen\librail_release\librail_efr32xg1_gcc_release.a
LOAD c:/siliconlabs/simplicitystudio/v4/developer/toolchains/gnu_arm/7.2_2017q4/bin/../lib/gcc/arm-none-eabi/7.2.1/../../../../arm-none-eabi/lib/thumb/v7e-m/fpv4-sp/softfp\libm.a
END GROUP
START GROUP
LOAD c:/siliconlabs/simplicitystudio/v4/developer/toolchains/gnu_arm/7.2_2017q4/bin/../lib/gcc/arm-none-eabi/7.2.1/thumb/v7e-m/fpv4-sp/softfp\libgcc.a
LOAD c:/siliconlabs/simplicitystudio/v4/developer/toolchains/gnu_arm/7.2_2017q4/bin/../lib/gcc/arm-none-eabi/7.2.1/../../../../arm-none-eabi/lib/thumb/v7e-m/fpv4-sp/softfp\libc_nano.a
LOAD c:/siliconlabs/simplicitystudio/v4/developer/toolchains/gnu_arm/7.2_2017q4/bin/../lib/gcc/arm-none-eabi/7.2.1/../../../../arm-none-eabi/lib/thumb/v7e-m/fpv4-sp/softfp\libnosys.a
END GROUP
START GROUP
LOAD c:/siliconlabs/simplicitystudio/v4/developer/toolchains/gnu_arm/7.2_2017q4/bin/../lib/gcc/arm-none-eabi/7.2.1/thumb/v7e-m/fpv4-sp/softfp\libgcc.a
LOAD c:/siliconlabs/simplicitystudio/v4/developer/toolchains/gnu_arm/7.2_2017q4/bin/../lib/gcc/arm-none-eabi/7.2.1/../../../../arm-none-eabi/lib/thumb/v7e-m/fpv4-sp/softfp\libg_nano.a
LOAD c:/siliconlabs/simplicitystudio/v4/developer/toolchains/gnu_arm/7.2_2017q4/bin/../lib/gcc/arm-none-eabi/7.2.1/../../../../arm-none-eabi/lib/thumb/v7e-m/fpv4-sp/softfp\libc_nano.a
END GROUP
START GROUP
LOAD c:/siliconlabs/simplicitystudio/v4/developer/toolchains/gnu_arm/7.2_2017q4/bin/../lib/gcc/arm-none-eabi/7.2.1/thumb/v7e-m/fpv4-sp/softfp\libgcc.a
LOAD c:/siliconlabs/simplicitystudio/v4/developer/toolchains/gnu_arm/7.2_2017q4/bin/../lib/gcc/arm-none-eabi/7.2.1/../../../../arm-none-eabi/lib/thumb/v7e-m/fpv4-sp/softfp\libc_nano.a
END GROUP
LOAD c:/siliconlabs/simplicitystudio/v4/developer/toolchains/gnu_arm/7.2_2017q4/bin/../lib/gcc/arm-none-eabi/7.2.1/thumb/v7e-m/fpv4-sp/softfp/crtend.o
LOAD c:/siliconlabs/simplicitystudio/v4/developer/toolchains/gnu_arm/7.2_2017q4/bin/../lib/gcc/arm-none-eabi/7.2.1/thumb/v7e-m/fpv4-sp/softfp/crtn.o

.text_bootloader
                0x00000000        0x0
 *(.binbootloader*)
                0x00000000                . = ALIGN (0x4000)

.text_apploader
                0x00004000     0x97c0
 *(.binapploader*)
 .binapploader  0x00004000     0x97c0 C:\Users\colto\SimplicityStudio\v4_workspace\soc-empty_3\protocol\bluetooth\lib\EFR32BG1B\GCC\binapploader.o

.text_signature
                0x0000d7c0       0x40
                0x0000d800                . = ALIGN (0x800)
 *fill*         0x0000d7c0       0x40 
                0x0000d800                __text_start__ = .

.text_application
                0x0000d800    0x1fee0
 *(.vectors)
 .vectors       0x0000d800       0xc8 ./platform/Device/SiliconLabs/EFR32BG1B/Source/GCC/startup_efr32bg1b.o
                0x0000d800                __Vectors
                0x0000d8c8                __Vectors_End = .
                0x000000c8                __Vectors_Size = (__Vectors_End - __Vectors)
                0x0000d8c8                __end__ = .
 *(.application_properties)
 .application_properties
                0x0000d8c8       0x40 ./application_properties.o
                0x0000d8c8                applicationProperties
 *(.gecko_configuration)
 *(.xo_configuration)
 *(.gatt_header)
 .gatt_header   0x0000d908       0x34 ./gatt_db.o
                0x0000d908                bg_gattdb_data
 *(.gatt_data)
 .gatt_data     0x0000d93c      0x30a ./gatt_db.o
                0x0000d93c                bg_gattdb_data_adv_uuid128_map
                0x0000d940                bg_gattdb_data_adv_uuid16_map
                0x0000d944                bg_gattdb_data_attributes_dynamic_mapping_map
                0x0000d954                bg_gattdb_data_attributes_map
                0x0000dac8                bg_gattdb_data_attribute_field_0
                0x0000dacc                bg_gattdb_data_attribute_field_1
                0x0000dad4                bg_gattdb_data_attribute_field_2
                0x0000dadc                bg_gattdb_data_attribute_field_4
                0x0000dae4                bg_gattdb_data_attribute_field_5
                0x0000daec                bg_gattdb_data_attribute_field_6
                0x0000daf4                bg_gattdb_data_attribute_field_7
                0x0000dafc                bg_gattdb_data_attribute_field_8
                0x0000db00                bg_gattdb_data_attribute_field_9
                0x0000db08                bg_gattdb_data_attribute_field_10
                0x0000db10                bg_gattdb_data_attribute_field_11
                0x0000db18                bg_gattdb_data_attribute_field_12
                0x0000db1c                bg_gattdb_data_attribute_field_13
                0x0000db20                bg_gattdb_data_attribute_field_14
                0x0000db28                bg_gattdb_data_attribute_field_15
                0x0000db44                bg_gattdb_data_attribute_field_16
                0x0000db4c                bg_gattdb_data_attribute_field_17
                0x0000db58                bg_gattdb_data_attribute_field_18
                0x0000db60                bg_gattdb_data_attribute_field_19
                0x0000db68                bg_gattdb_data_attribute_field_20
                0x0000db7c                bg_gattdb_data_attribute_field_21
                0x0000db94                bg_gattdb_data_attribute_field_22
                0x0000db9c                bg_gattdb_data_attribute_field_23
                0x0000dba0                bg_gattdb_data_attribute_field_24
                0x0000dba8                bg_gattdb_data_attribute_field_25
                0x0000dbb0                bg_gattdb_data_attribute_field_27
                0x0000dbc4                bg_gattdb_data_attribute_field_28
                0x0000dbdc                bg_gattdb_data_attribute_field_29
                0x0000dbe4                bg_gattdb_data_uuidtable_128_map
                0x0000dc24                bg_gattdb_data_uuidtable_16_map
 *(.text*)
 *fill*         0x0000dc46        0x2 
 .text          0x0000dc48       0x40 c:/siliconlabs/simplicitystudio/v4/developer/toolchains/gnu_arm/7.2_2017q4/bin/../lib/gcc/arm-none-eabi/7.2.1/thumb/v7e-m/fpv4-sp/softfp/crtbegin.o
 .text          0x0000dc88       0x74 c:/siliconlabs/simplicitystudio/v4/developer/toolchains/gnu_arm/7.2_2017q4/bin/../lib/gcc/arm-none-eabi/7.2.1/../../../../arm-none-eabi/lib/thumb/v7e-m/fpv4-sp/softfp/crt0.o
                0x0000dc88                _start
                0x0000dc88                _mainCRTStartup
 .text.appMain  0x0000dcfc      0x380 ./app.o
                0x0000dcfc                appMain
 .text.initApp  0x0000e07c        0x4 ./init_app.o
                0x0000e07c                initApp
 .text.initBoard
                0x0000e080       0x2c ./init_board_efr32xg1.o
                0x0000e080                initBoard
 .text.initMcu  0x0000e0ac      0x18c ./init_mcu_efr32xg1.o
                0x0000e0ac                initMcu
 .text.startup.main
                0x0000e238       0x1c ./main.o
                0x0000e238                main
 .text.RETARGET_WriteChar
                0x0000e254       0x28 ./hardware/kit/common/drivers/pg_retargetswo.o
                0x0000e254                RETARGET_WriteChar
 .text.RETARGET_ReadChar
                0x0000e27c        0x4 ./hardware/kit/common/drivers/pg_retargetswo.o
                0x0000e27c                RETARGET_ReadChar
 .text.setupSWOForPrint
                0x0000e280       0xbc ./hardware/kit/common/drivers/pg_retargetswo.o
                0x0000e280                setupSWOForPrint
 .text.swoFlush
                0x0000e33c        0x8 ./hardware/kit/common/drivers/pg_retargetswo.o
                0x0000e33c                swoFlush
 .text._close   0x0000e344        0x4 ./hardware/kit/common/drivers/retargetio.o
                0x0000e344                _close
 .text._exit    0x0000e348        0x4 ./hardware/kit/common/drivers/retargetio.o
                0x0000e348                _exit
 .text._fstat   0x0000e34c        0xc ./hardware/kit/common/drivers/retargetio.o
                0x0000e34c                _fstat
 .text._isatty  0x0000e358        0x4 ./hardware/kit/common/drivers/retargetio.o
                0x0000e358                _isatty
 .text._lseek   0x0000e35c        0x4 ./hardware/kit/common/drivers/retargetio.o
                0x0000e35c                _lseek
 .text._read    0x0000e360       0x2c ./hardware/kit/common/drivers/retargetio.o
                0x0000e360                _read
 .text._sbrk    0x0000e38c       0x1c ./hardware/kit/common/drivers/retargetio.o
                0x0000e38c                _sbrk
 .text._write   0x0000e3a8       0x1c ./hardware/kit/common/drivers/retargetio.o
                0x0000e3a8                _write
 .text.Default_Handler
                0x0000e3c4        0x4 ./platform/Device/SiliconLabs/EFR32BG1B/Source/GCC/startup_efr32bg1b.o
                0x0000e3c4                DebugMon_Handler
                0x0000e3c4                USART0_TX_IRQHandler
                0x0000e3c4                I2C0_IRQHandler
                0x0000e3c4                HardFault_Handler
                0x0000e3c4                SysTick_Handler
                0x0000e3c4                USART1_RX_IRQHandler
                0x0000e3c4                PendSV_Handler
                0x0000e3c4                NMI_Handler
                0x0000e3c4                WDOG0_IRQHandler
                0x0000e3c4                USART1_TX_IRQHandler
                0x0000e3c4                MSC_IRQHandler
                0x0000e3c4                ADC0_IRQHandler
                0x0000e3c4                UsageFault_Handler
                0x0000e3c4                LEUART0_IRQHandler
                0x0000e3c4                FPUEH_IRQHandler
                0x0000e3c4                GPIO_EVEN_IRQHandler
                0x0000e3c4                LDMA_IRQHandler
                0x0000e3c4                TIMER0_IRQHandler
                0x0000e3c4                LETIMER0_IRQHandler
                0x0000e3c4                TIMER1_IRQHandler
                0x0000e3c4                Default_Handler
                0x0000e3c4                CRYOTIMER_IRQHandler
                0x0000e3c4                PCNT0_IRQHandler
                0x0000e3c4                ACMP0_IRQHandler
                0x0000e3c4                USART0_RX_IRQHandler
                0x0000e3c4                MemManage_Handler
                0x0000e3c4                SVC_Handler
                0x0000e3c4                RTCC_IRQHandler
                0x0000e3c4                CRYPTO_IRQHandler
                0x0000e3c4                CMU_IRQHandler
                0x0000e3c4                GPIO_ODD_IRQHandler
                0x0000e3c4                BusFault_Handler
                0x0000e3c4                IDAC0_IRQHandler
 .text.Reset_Handler
                0x0000e3c8       0x2c ./platform/Device/SiliconLabs/EFR32BG1B/Source/GCC/startup_efr32bg1b.o
                0x0000e3c8                Reset_Handler
 .text.SystemMaxCoreClockGet
                0x0000e3f4        0x8 ./platform/Device/SiliconLabs/EFR32BG1B/Source/system_efr32bg1b.o
                0x0000e3f4                SystemMaxCoreClockGet
 .text.SystemHFClockGet
                0x0000e3fc       0x50 ./platform/Device/SiliconLabs/EFR32BG1B/Source/system_efr32bg1b.o
                0x0000e3fc                SystemHFClockGet
 .text.SystemCoreClockGet
                0x0000e44c       0x24 ./platform/Device/SiliconLabs/EFR32BG1B/Source/system_efr32bg1b.o
                0x0000e44c                SystemCoreClockGet
 .text.SystemHFXOClockGet
                0x0000e470        0xc ./platform/Device/SiliconLabs/EFR32BG1B/Source/system_efr32bg1b.o
                0x0000e470                SystemHFXOClockGet
 .text.SystemHFXOClockSet
                0x0000e47c       0x3c ./platform/Device/SiliconLabs/EFR32BG1B/Source/system_efr32bg1b.o
                0x0000e47c                SystemHFXOClockSet
 .text.SystemInit
                0x0000e4b8       0x54 ./platform/Device/SiliconLabs/EFR32BG1B/Source/system_efr32bg1b.o
                0x0000e4b8                SystemInit
 .text.SystemLFRCOClockGet
                0x0000e50c        0x8 ./platform/Device/SiliconLabs/EFR32BG1B/Source/system_efr32bg1b.o
                0x0000e50c                SystemLFRCOClockGet
 .text.SystemULFRCOClockGet
                0x0000e514        0x8 ./platform/Device/SiliconLabs/EFR32BG1B/Source/system_efr32bg1b.o
                0x0000e514                SystemULFRCOClockGet
 .text.SystemLFXOClockGet
                0x0000e51c        0xc ./platform/Device/SiliconLabs/EFR32BG1B/Source/system_efr32bg1b.o
                0x0000e51c                SystemLFXOClockGet
 .text.SystemLFXOClockSet
                0x0000e528       0x3c ./platform/Device/SiliconLabs/EFR32BG1B/Source/system_efr32bg1b.o
                0x0000e528                SystemLFXOClockSet
 .text.sleepCallbackWrapper
                0x0000e564       0x14 ./platform/emdrv/sleep/src/sleep.o
 .text.enterEMx
                0x0000e578       0x54 ./platform/emdrv/sleep/src/sleep.o
 .text.SLEEP_Init
                0x0000e5cc       0x40 ./platform/emdrv/sleep/src/sleep.o
                0x0000e5cc                SLEEP_Init
 .text.SLEEP_Sleep
                0x0000e60c       0x70 ./platform/emdrv/sleep/src/sleep.o
                0x0000e60c                SLEEP_Sleep
 .text.SLEEP_SleepBlockBegin
                0x0000e67c       0x18 ./platform/emdrv/sleep/src/sleep.o
                0x0000e67c                SLEEP_SleepBlockBegin
 .text.SLEEP_SleepBlockEnd
                0x0000e694       0x1c ./platform/emdrv/sleep/src/sleep.o
                0x0000e694                SLEEP_SleepBlockEnd
 .text.SLEEP_LowestEnergyModeGet
                0x0000e6b0       0x1c ./platform/emdrv/sleep/src/sleep.o
                0x0000e6b0                SLEEP_LowestEnergyModeGet
 .text.updateInterrupts
                0x0000e6cc       0xcc ./platform/emdrv/tempdrv/src/tempdrv.o
 .text.errataStateUpdate
                0x0000e798       0xc0 ./platform/emdrv/tempdrv/src/tempdrv.o
 .text.errataCallback
                0x0000e858        0x4 ./platform/emdrv/tempdrv/src/tempdrv.o
 .text.TEMPDRV_IRQHandler
                0x0000e85c       0x9c ./platform/emdrv/tempdrv/src/tempdrv.o
                0x0000e85c                TEMPDRV_IRQHandler
 .text.EMU_IRQHandler
                0x0000e8f8        0x4 ./platform/emdrv/tempdrv/src/tempdrv.o
                0x0000e8f8                EMU_IRQHandler
 .text.TEMPDRV_Init
                0x0000e8fc      0x120 ./platform/emdrv/tempdrv/src/tempdrv.o
                0x0000e8fc                TEMPDRV_Init
 .text.ADC_LoadDevinfoCal
                0x0000ea1c       0xc0 ./platform/emlib/src/em_adc.o
 .text.ADC_InitSingle
                0x0000eadc       0xbc ./platform/emlib/src/em_adc.o
                0x0000eadc                ADC_InitSingle
 .text.flashWaitStateMax
                0x0000eb98       0x48 ./platform/emlib/src/em_cmu.o
 .text.CMU_OscillatorTuningSet.part.3
                0x0000ebe0       0x3c ./platform/emlib/src/em_cmu.o
 .text.CMU_ClockEnable
                0x0000ec1c       0x94 ./platform/emlib/src/em_cmu.o
                0x0000ec1c                CMU_ClockEnable
 .text.CMU_ClockSelectGet
                0x0000ecb0       0xc4 ./platform/emlib/src/em_cmu.o
                0x0000ecb0                CMU_ClockSelectGet
 .text.lfClkGet
                0x0000ed74       0x94 ./platform/emlib/src/em_cmu.o
 .text.CMU_ClockFreqGet
                0x0000ee08      0x178 ./platform/emlib/src/em_cmu.o
                0x0000ee08                CMU_ClockFreqGet
 .text.CMU_OscillatorTuningWait
                0x0000ef80       0x48 ./platform/emlib/src/em_cmu.o
                0x0000ef80                CMU_OscillatorTuningWait
 .text.CMU_OscillatorEnable
                0x0000efc8      0x118 ./platform/emlib/src/em_cmu.o
                0x0000efc8                CMU_OscillatorEnable
 .text.CMU_ClockSelectSet
                0x0000f0e0      0x240 ./platform/emlib/src/em_cmu.o
                0x0000f0e0                CMU_ClockSelectSet
 .text.CMU_HFXOAutostartEnable
                0x0000f320       0xc8 ./platform/emlib/src/em_cmu.o
                0x0000f320                CMU_HFXOAutostartEnable
 .text.CMU_HFXOInit
                0x0000f3e8       0x88 ./platform/emlib/src/em_cmu.o
                0x0000f3e8                CMU_HFXOInit
 .text.CMU_LFXOInit
                0x0000f470       0x44 ./platform/emlib/src/em_cmu.o
                0x0000f470                CMU_LFXOInit
 .text.CORE_EnterCritical
                0x0000f4b4        0x8 ./platform/emlib/src/em_core.o
                0x0000f4b4                CORE_EnterCritical
 .text.CORE_ExitCritical
                0x0000f4bc        0x8 ./platform/emlib/src/em_core.o
                0x0000f4bc                CORE_ExitCritical
 .text.CORE_EnterAtomic
                0x0000f4c4        0x8 ./platform/emlib/src/em_core.o
                0x0000f4c4                CORE_EnterAtomic
 .text.CORE_ExitAtomic
                0x0000f4cc        0x4 ./platform/emlib/src/em_core.o
                0x0000f4cc                CORE_ExitAtomic
 .text.CORE_SetNvicRamTableHandler
                0x0000f4d0       0x10 ./platform/emlib/src/em_core.o
                0x0000f4d0                CORE_SetNvicRamTableHandler
 .text.CORE_InitNvicVectorTable
                0x0000f4e0       0x44 ./platform/emlib/src/em_core.o
                0x0000f4e0                CORE_InitNvicVectorTable
 .text.CRYPTO_ModulusSet
                0x0000f524       0x38 ./platform/emlib/src/em_crypto.o
                0x0000f524                CRYPTO_ModulusSet
 .text.CRYPTO_KeyRead
                0x0000f55c       0x2c ./platform/emlib/src/em_crypto.o
                0x0000f55c                CRYPTO_KeyRead
 .text.currentLimitersUpdate
                0x0000f588       0x74 ./platform/emlib/src/em_emu.o
 .text.dcdcHsFixLnBlock.part.0
                0x0000f5fc       0x30 ./platform/emlib/src/em_emu.o
 .text.dcdcFetCntSet.part.1
                0x0000f62c       0x20 ./platform/emlib/src/em_emu.o
 .text.emState.part.2
                0x0000f64c       0x24 ./platform/emlib/src/em_emu.o
 .text.emState.constprop.5
                0x0000f670       0x50 ./platform/emlib/src/em_emu.o
 .text.EMU_EnterEM2
                0x0000f6c0       0x5c ./platform/emlib/src/em_emu.o
                0x0000f6c0                EMU_EnterEM2
 .text.EMU_EnterEM3
                0x0000f71c       0x80 ./platform/emlib/src/em_emu.o
                0x0000f71c                EMU_EnterEM3
 .text.EMU_Save
                0x0000f79c        0x4 ./platform/emlib/src/em_emu.o
                0x0000f79c                EMU_Save
 .text.EMU_Restore
                0x0000f7a0        0x4 ./platform/emlib/src/em_emu.o
                0x0000f7a0                EMU_Restore
 .text.EMU_DCDCModeSet
                0x0000f7a4       0x64 ./platform/emlib/src/em_emu.o
                0x0000f7a4                EMU_DCDCModeSet
 .text.EMU_EnterEM4
                0x0000f808       0x98 ./platform/emlib/src/em_emu.o
                0x0000f808                EMU_EnterEM4
 .text.EMU_DCDCOutputVoltageSet
                0x0000f8a0      0x1b8 ./platform/emlib/src/em_emu.o
                0x0000f8a0                EMU_DCDCOutputVoltageSet
 .text.EMU_DCDCOptimizeSlice
                0x0000fa58       0x94 ./platform/emlib/src/em_emu.o
                0x0000fa58                EMU_DCDCOptimizeSlice
 .text.EMU_DCDCInit
                0x0000faec      0x1a8 ./platform/emlib/src/em_emu.o
                0x0000faec                EMU_DCDCInit
 .text.EMU_DCDCLnRcoBandSet
                0x0000fc94       0x24 ./platform/emlib/src/em_emu.o
                0x0000fc94                EMU_DCDCLnRcoBandSet
 .text.EMU_SetBiasMode
                0x0000fcb8       0x7c ./platform/emlib/src/em_emu.o
                0x0000fcb8                EMU_SetBiasMode
 .text.MSC_Init
                0x0000fd34       0x18 ./platform/emlib/src/em_msc.o
                0x0000fd34                MSC_Init
 .text.MSC_Deinit
                0x0000fd4c       0x14 ./platform/emlib/src/em_msc.o
                0x0000fd4c                MSC_Deinit
 .text.RMU_ResetCauseClear
                0x0000fd60        0xc ./platform/emlib/src/em_rmu.o
                0x0000fd60                RMU_ResetCauseClear
 .text.RMU_ResetCauseGet
                0x0000fd6c       0x7c ./platform/emlib/src/em_rmu.o
                0x0000fd6c                RMU_ResetCauseGet
 .text.RTCC_ChannelInit
                0x0000fde8       0x38 ./platform/emlib/src/em_rtcc.o
                0x0000fde8                RTCC_ChannelInit
 .text.RTCC_Init
                0x0000fe20       0x64 ./platform/emlib/src/em_rtcc.o
                0x0000fe20                RTCC_Init
 .text.SYSTEM_ChipRevisionGet
                0x0000fe84       0x34 ./platform/emlib/src/em_system.o
                0x0000fe84                SYSTEM_ChipRevisionGet
 .text.convert_scan_respone_packet_type.isra.0
                0x0000feb8       0x44 C:\Users\colto\SimplicityStudio\v4_workspace\soc-empty_3\protocol\bluetooth\lib\EFR32BG1B\GCC\libbluetooth.a(bgapi.c.obj)
 .text.bgapi_ubt_listener
                0x0000fefc      0x37c C:\Users\colto\SimplicityStudio\v4_workspace\soc-empty_3\protocol\bluetooth\lib\EFR32BG1B\GCC\libbluetooth.a(bgapi.c.obj)
                0x0000fefc                bgapi_ubt_listener
 .text.bgapi_init
                0x00010278        0x2 C:\Users\colto\SimplicityStudio\v4_workspace\soc-empty_3\protocol\bluetooth\lib\EFR32BG1B\GCC\libbluetooth.a(bgapi.c.obj)
                0x00010278                bgapi_init
 *fill*         0x0001027a        0x2 
 .text.bgapi_buffer_init
                0x0001027c       0x30 C:\Users\colto\SimplicityStudio\v4_workspace\soc-empty_3\protocol\bluetooth\lib\EFR32BG1B\GCC\libbluetooth.a(bgapi.c.obj)
                0x0001027c                bgapi_buffer_init
 .text.gecko_init_alloc
                0x000102ac       0x38 C:\Users\colto\SimplicityStudio\v4_workspace\soc-empty_3\protocol\bluetooth\lib\EFR32BG1B\GCC\libbluetooth.a(bglib.c.obj)
                0x000102ac                gecko_init_alloc
 .text.user_signal_message_handler
                0x000102e4       0x2c C:\Users\colto\SimplicityStudio\v4_workspace\soc-empty_3\protocol\bluetooth\lib\EFR32BG1B\GCC\libbluetooth.a(bglib.c.obj)
 .text.gecko_process_event
                0x00010310       0x5c C:\Users\colto\SimplicityStudio\v4_workspace\soc-empty_3\protocol\bluetooth\lib\EFR32BG1B\GCC\libbluetooth.a(bglib.c.obj)
 .text.check_ctune_override
                0x0001036c       0x1e C:\Users\colto\SimplicityStudio\v4_workspace\soc-empty_3\protocol\bluetooth\lib\EFR32BG1B\GCC\libbluetooth.a(bglib.c.obj)
                0x0001036c                check_ctune_override
 .text.gecko_wait_event
                0x0001038a        0x6 C:\Users\colto\SimplicityStudio\v4_workspace\soc-empty_3\protocol\bluetooth\lib\EFR32BG1B\GCC\libbluetooth.a(bglib.c.obj)
                0x0001038a                gecko_wait_event
 .text.gecko_stack_update_callback
                0x00010390       0x10 C:\Users\colto\SimplicityStudio\v4_workspace\soc-empty_3\protocol\bluetooth\lib\EFR32BG1B\GCC\libbluetooth.a(bglib.c.obj)
                0x00010390                gecko_stack_update_callback
 .text.gecko_stack_init
                0x000103a0      0x288 C:\Users\colto\SimplicityStudio\v4_workspace\soc-empty_3\protocol\bluetooth\lib\EFR32BG1B\GCC\libbluetooth.a(bglib.c.obj)
                0x000103a0                gecko_stack_init
 .text.get_bgapi_library
                0x00010628       0x18 C:\Users\colto\SimplicityStudio\v4_workspace\soc-empty_3\protocol\bluetooth\lib\EFR32BG1B\GCC\libbluetooth.a(gecko_endpoints.c.obj)
 .text.handle_bgapi_output
                0x00010640       0x74 C:\Users\colto\SimplicityStudio\v4_workspace\soc-empty_3\protocol\bluetooth\lib\EFR32BG1B\GCC\libbluetooth.a(gecko_endpoints.c.obj)
 .text.gecko_release_evt
                0x000106b4       0x14 C:\Users\colto\SimplicityStudio\v4_workspace\soc-empty_3\protocol\bluetooth\lib\EFR32BG1B\GCC\libbluetooth.a(gecko_endpoints.c.obj)
                0x000106b4                gecko_release_evt
 .text.gecko_get_evt
                0x000106c8       0x10 C:\Users\colto\SimplicityStudio\v4_workspace\soc-empty_3\protocol\bluetooth\lib\EFR32BG1B\GCC\libbluetooth.a(gecko_endpoints.c.obj)
                0x000106c8                gecko_get_evt
 .text.gecko_register_bgapi_library
                0x000106d8       0x30 C:\Users\colto\SimplicityStudio\v4_workspace\soc-empty_3\protocol\bluetooth\lib\EFR32BG1B\GCC\libbluetooth.a(gecko_endpoints.c.obj)
                0x000106d8                gecko_register_bgapi_library
 .text.gecko_handle_library_packet
                0x00010708       0x10 C:\Users\colto\SimplicityStudio\v4_workspace\soc-empty_3\protocol\bluetooth\lib\EFR32BG1B\GCC\libbluetooth.a(gecko_endpoints.c.obj)
                0x00010708                gecko_handle_library_packet
 .text.sli_bt_cmd_handler_delegate
                0x00010718       0x5e C:\Users\colto\SimplicityStudio\v4_workspace\soc-empty_3\protocol\bluetooth\lib\EFR32BG1B\GCC\libbluetooth.a(gecko_endpoints.c.obj)
                0x00010718                sli_bt_cmd_handler_delegate
 .text.bg_pre_sleep
                0x00010776        0x2 C:\Users\colto\SimplicityStudio\v4_workspace\soc-empty_3\protocol\bluetooth\lib\EFR32BG1B\GCC\libbluetooth.a(init.c.obj)
                0x00010776                bg_pre_sleep
 .text.bg_post_wakeup
                0x00010778        0x2 C:\Users\colto\SimplicityStudio\v4_workspace\soc-empty_3\protocol\bluetooth\lib\EFR32BG1B\GCC\libbluetooth.a(init.c.obj)
                0x00010778                bg_post_wakeup
 *fill*         0x0001077a        0x2 
 .text.bg_radio_init
                0x0001077c       0xe4 C:\Users\colto\SimplicityStudio\v4_workspace\soc-empty_3\protocol\bluetooth\lib\EFR32BG1B\GCC\libbluetooth.a(init.c.obj)
                0x0001077c                bg_radio_init
 .text.bg_low_init
                0x00010860       0x20 C:\Users\colto\SimplicityStudio\v4_workspace\soc-empty_3\protocol\bluetooth\lib\EFR32BG1B\GCC\libbluetooth.a(init.c.obj)
                0x00010860                bg_low_init
 .text.ll_task_default_callback
                0x00010880       0x10 C:\Users\colto\SimplicityStudio\v4_workspace\soc-empty_3\protocol\bluetooth\lib\EFR32BG1B\GCC\libbluetooth.a(ll_task.c.obj)
 .text.gecko_priority_handle
                0x00010890       0x18 C:\Users\colto\SimplicityStudio\v4_workspace\soc-empty_3\protocol\bluetooth\lib\EFR32BG1B\GCC\libbluetooth.a(ll_task.c.obj)
                0x00010890                gecko_priority_handle
 .text.BTLE_LL_EventRaise
                0x000108a8       0x20 C:\Users\colto\SimplicityStudio\v4_workspace\soc-empty_3\protocol\bluetooth\lib\EFR32BG1B\GCC\libbluetooth.a(ll_task.c.obj)
                0x000108a8                BTLE_LL_EventRaise
 .text.ll_task_init
                0x000108c8       0x24 C:\Users\colto\SimplicityStudio\v4_workspace\soc-empty_3\protocol\bluetooth\lib\EFR32BG1B\GCC\libbluetooth.a(ll_task.c.obj)
                0x000108c8                ll_task_init
 .text.bgll_init
                0x000108ec       0x40 C:\Users\colto\SimplicityStudio\v4_workspace\soc-empty_3\protocol\bluetooth\lib\EFR32BG1B\GCC\libbluetooth.a(ll_to_hci.c.obj)
                0x000108ec                bgll_init
 .text.ll_init_msg
                0x0001092c       0x1c C:\Users\colto\SimplicityStudio\v4_workspace\soc-empty_3\protocol\bluetooth\lib\EFR32BG1B\GCC\libbluetooth.a(ll_to_hci.c.obj)
                0x0001092c                ll_init_msg
 .text.ll_to_hci_event_handler
                0x00010948       0x68 C:\Users\colto\SimplicityStudio\v4_workspace\soc-empty_3\protocol\bluetooth\lib\EFR32BG1B\GCC\libbluetooth.a(ll_to_hci.c.obj)
 .text.BTLE_LLToHCIEventSAP
                0x000109b0       0x38 C:\Users\colto\SimplicityStudio\v4_workspace\soc-empty_3\protocol\bluetooth\lib\EFR32BG1B\GCC\libbluetooth.a(ll_to_hci.c.obj)
                0x000109b0                BTLE_LLToHCIEventSAP
 .text.BTLE_LLToHCIDataSAP
                0x000109e8        0x4 C:\Users\colto\SimplicityStudio\v4_workspace\soc-empty_3\protocol\bluetooth\lib\EFR32BG1B\GCC\libbluetooth.a(ll_to_hci.c.obj)
                0x000109e8                BTLE_LLToHCIDataSAP
 .text.ecode2bg
                0x000109ec       0x40 C:\Users\colto\SimplicityStudio\v4_workspace\soc-empty_3\protocol\bluetooth\lib\EFR32BG1B\GCC\libbluetooth.a(pskeys.c.obj)
                0x000109ec                ecode2bg
 .text.ubt_pskey_write_callback
                0x00010a2c       0x1c C:\Users\colto\SimplicityStudio\v4_workspace\soc-empty_3\protocol\bluetooth\lib\EFR32BG1B\GCC\libbluetooth.a(pskeys.c.obj)
                0x00010a2c                ubt_pskey_write_callback
 .text.ubt_pskey_read_callback
                0x00010a48       0x1c C:\Users\colto\SimplicityStudio\v4_workspace\soc-empty_3\protocol\bluetooth\lib\EFR32BG1B\GCC\libbluetooth.a(pskeys.c.obj)
                0x00010a48                ubt_pskey_read_callback
 .text.nvm3_deleteObjects
                0x00010a64       0x40 C:\Users\colto\SimplicityStudio\v4_workspace\soc-empty_3\protocol\bluetooth\lib\EFR32BG1B\GCC\libbluetooth.a(pskeys.c.obj)
                0x00010a64                nvm3_deleteObjects
 .text.ubt_pskey_delete_callback
                0x00010aa4       0x20 C:\Users\colto\SimplicityStudio\v4_workspace\soc-empty_3\protocol\bluetooth\lib\EFR32BG1B\GCC\libbluetooth.a(pskeys.c.obj)
                0x00010aa4                ubt_pskey_delete_callback
 .text.ll_bgbuf_callback
                0x00010ac4       0x10 C:\Users\colto\SimplicityStudio\v4_workspace\soc-empty_3\protocol\bluetooth\lib\EFR32BG1B\GCC\libbluetooth.a(ll_init.c.obj)
 .text.BTLE_LL_Process
                0x00010ad4       0xfc C:\Users\colto\SimplicityStudio\v4_workspace\soc-empty_3\protocol\bluetooth\lib\EFR32BG1B\GCC\libbluetooth.a(ll_init.c.obj)
                0x00010ad4                BTLE_LL_Process
 .text.ll_initAllocMem
                0x00010bd0       0x1a C:\Users\colto\SimplicityStudio\v4_workspace\soc-empty_3\protocol\bluetooth\lib\EFR32BG1B\GCC\libbluetooth.a(ll_init.c.obj)
                0x00010bd0                ll_initAllocMem
 *fill*         0x00010bea        0x2 
 .text.BTLE_LL_Init
                0x00010bec       0x78 C:\Users\colto\SimplicityStudio\v4_workspace\soc-empty_3\protocol\bluetooth\lib\EFR32BG1B\GCC\libbluetooth.a(ll_init.c.obj)
                0x00010bec                BTLE_LL_Init
 .text.BTLE_LL_SetFlags
                0x00010c64       0x18 C:\Users\colto\SimplicityStudio\v4_workspace\soc-empty_3\protocol\bluetooth\lib\EFR32BG1B\GCC\libbluetooth.a(ll_init.c.obj)
                0x00010c64                BTLE_LL_SetFlags
 .text.BTLE_LL_ClearFlags
                0x00010c7c       0x18 C:\Users\colto\SimplicityStudio\v4_workspace\soc-empty_3\protocol\bluetooth\lib\EFR32BG1B\GCC\libbluetooth.a(ll_init.c.obj)
                0x00010c7c                BTLE_LL_ClearFlags
 .text.BTLE_LL_GetFlags
                0x00010c94        0xc C:\Users\colto\SimplicityStudio\v4_workspace\soc-empty_3\protocol\bluetooth\lib\EFR32BG1B\GCC\libbluetooth.a(ll_init.c.obj)
                0x00010c94                BTLE_LL_GetFlags
 .text.BTLE_LL_SetMaxPower
                0x00010ca0       0x10 C:\Users\colto\SimplicityStudio\v4_workspace\soc-empty_3\protocol\bluetooth\lib\EFR32BG1B\GCC\libbluetooth.a(ll_init.c.obj)
                0x00010ca0                BTLE_LL_SetMaxPower
 .text.BTLE_LL_GetRadioHandle
                0x00010cb0        0x4 C:\Users\colto\SimplicityStudio\v4_workspace\soc-empty_3\protocol\bluetooth\lib\EFR32BG1B\GCC\libbluetooth.a(ll_init.c.obj)
                0x00010cb0                BTLE_LL_GetRadioHandle
 .text.ll_initSetRandomAddress
                0x00010cb4       0x14 C:\Users\colto\SimplicityStudio\v4_workspace\soc-empty_3\protocol\bluetooth\lib\EFR32BG1B\GCC\libbluetooth.a(ll_init.c.obj)
                0x00010cb4                ll_initSetRandomAddress
 .text.ll_initGetRandomAddress
                0x00010cc8        0x8 C:\Users\colto\SimplicityStudio\v4_workspace\soc-empty_3\protocol\bluetooth\lib\EFR32BG1B\GCC\libbluetooth.a(ll_init.c.obj)
                0x00010cc8                ll_initGetRandomAddress
 .text.ll_advExtTaskHandlerWaitTx
                0x00010cd0        0x2 C:\Users\colto\SimplicityStudio\v4_workspace\soc-empty_3\protocol\bluetooth\lib\EFR32BG1B\GCC\libbluetooth.a(ll_adv.c.obj)
                0x00010cd0                ll_advExtTaskHandlerWaitTx
 .text.ll_advTaskHandlerWaitConnectRsp
                0x00010cd2        0x2 C:\Users\colto\SimplicityStudio\v4_workspace\soc-empty_3\protocol\bluetooth\lib\EFR32BG1B\GCC\libbluetooth.a(ll_adv.c.obj)
                0x00010cd2                ll_advTaskHandlerWaitConnectRsp
 .text.ll_advGetByHandle
                0x00010cd4       0x48 C:\Users\colto\SimplicityStudio\v4_workspace\soc-empty_3\protocol\bluetooth\lib\EFR32BG1B\GCC\libbluetooth.a(ll_adv.c.obj)
                0x00010cd4                ll_advGetByHandle
 .text.ll_advRaiseEvents
                0x00010d1c       0x18 C:\Users\colto\SimplicityStudio\v4_workspace\soc-empty_3\protocol\bluetooth\lib\EFR32BG1B\GCC\libbluetooth.a(ll_adv.c.obj)
                0x00010d1c                ll_advRaiseEvents
 .text.ll_advTaskInitAdv
                0x00010d34       0x90 C:\Users\colto\SimplicityStudio\v4_workspace\soc-empty_3\protocol\bluetooth\lib\EFR32BG1B\GCC\libbluetooth.a(ll_adv.c.obj)
                0x00010d34                ll_advTaskInitAdv
 .text.ll_advTaskStopHandle
                0x00010dc4       0x22 C:\Users\colto\SimplicityStudio\v4_workspace\soc-empty_3\protocol\bluetooth\lib\EFR32BG1B\GCC\libbluetooth.a(ll_adv.c.obj)
                0x00010dc4                ll_advTaskStopHandle
 .text.ll_advTaskReschedule
                0x00010de6       0xb0 C:\Users\colto\SimplicityStudio\v4_workspace\soc-empty_3\protocol\bluetooth\lib\EFR32BG1B\GCC\libbluetooth.a(ll_adv.c.obj)
                0x00010de6                ll_advTaskReschedule
 *fill*         0x00010e96        0x2 
 .text.ll_advTaskNextChannelOrReschedule
                0x00010e98       0x74 C:\Users\colto\SimplicityStudio\v4_workspace\soc-empty_3\protocol\bluetooth\lib\EFR32BG1B\GCC\libbluetooth.a(ll_adv.c.obj)
 .text.ll_advAllocMem
                0x00010f0c       0x38 C:\Users\colto\SimplicityStudio\v4_workspace\soc-empty_3\protocol\bluetooth\lib\EFR32BG1B\GCC\libbluetooth.a(ll_adv.c.obj)
                0x00010f0c                ll_advAllocMem
 .text.ll_advHandleEvent
                0x00010f44       0xcc C:\Users\colto\SimplicityStudio\v4_workspace\soc-empty_3\protocol\bluetooth\lib\EFR32BG1B\GCC\libbluetooth.a(ll_adv.c.obj)
                0x00010f44                ll_advHandleEvent
 .text.ll_advEnable
                0x00011010       0xd8 C:\Users\colto\SimplicityStudio\v4_workspace\soc-empty_3\protocol\bluetooth\lib\EFR32BG1B\GCC\libbluetooth.a(ll_adv.c.obj)
                0x00011010                ll_advEnable
 .text.ll_advCopyAddress
                0x000110e8       0x34 C:\Users\colto\SimplicityStudio\v4_workspace\soc-empty_3\protocol\bluetooth\lib\EFR32BG1B\GCC\libbluetooth.a(ll_adv.c.obj)
                0x000110e8                ll_advCopyAddress
 .text.ll_advSetPacketHeader
                0x0001111c       0xa8 C:\Users\colto\SimplicityStudio\v4_workspace\soc-empty_3\protocol\bluetooth\lib\EFR32BG1B\GCC\libbluetooth.a(ll_adv.c.obj)
                0x0001111c                ll_advSetPacketHeader
 .text.ll_advTaskHandlerCommon
                0x000111c4       0xd0 C:\Users\colto\SimplicityStudio\v4_workspace\soc-empty_3\protocol\bluetooth\lib\EFR32BG1B\GCC\libbluetooth.a(ll_adv.c.obj)
                0x000111c4                ll_advTaskHandlerCommon
 .text.ll_advTaskHandlerWaitTx
                0x00011294        0xe C:\Users\colto\SimplicityStudio\v4_workspace\soc-empty_3\protocol\bluetooth\lib\EFR32BG1B\GCC\libbluetooth.a(ll_adv.c.obj)
                0x00011294                ll_advTaskHandlerWaitTx
 *fill*         0x000112a2        0x2 
 .text.ll_advTaskHandlerScanRsp
                0x000112a4       0x34 C:\Users\colto\SimplicityStudio\v4_workspace\soc-empty_3\protocol\bluetooth\lib\EFR32BG1B\GCC\libbluetooth.a(ll_adv.c.obj)
                0x000112a4                ll_advTaskHandlerScanRsp
 .text.ll_advValidatePacket
                0x000112d8       0xd8 C:\Users\colto\SimplicityStudio\v4_workspace\soc-empty_3\protocol\bluetooth\lib\EFR32BG1B\GCC\libbluetooth.a(ll_adv.c.obj)
                0x000112d8                ll_advValidatePacket
 .text.ll_advSetRandomAddress
                0x000113b0        0xe C:\Users\colto\SimplicityStudio\v4_workspace\soc-empty_3\protocol\bluetooth\lib\EFR32BG1B\GCC\libbluetooth.a(ll_adv.c.obj)
                0x000113b0                ll_advSetRandomAddress
 .text.ll_advExtUpdateMaxEventLength
                0x000113be        0x4 C:\Users\colto\SimplicityStudio\v4_workspace\soc-empty_3\protocol\bluetooth\lib\EFR32BG1B\GCC\libbluetooth.a(ll_adv.c.obj)
                0x000113be                ll_advExtUpdateMaxEventLength
 *fill*         0x000113c2        0x2 
 .text.ll_advUpdateMaxEventLength
                0x000113c4       0x84 C:\Users\colto\SimplicityStudio\v4_workspace\soc-empty_3\protocol\bluetooth\lib\EFR32BG1B\GCC\libbluetooth.a(ll_adv.c.obj)
                0x000113c4                ll_advUpdateMaxEventLength
 .text.ll_advSetParameters
                0x00011448      0x142 C:\Users\colto\SimplicityStudio\v4_workspace\soc-empty_3\protocol\bluetooth\lib\EFR32BG1B\GCC\libbluetooth.a(ll_adv.c.obj)
                0x00011448                ll_advSetParameters
 .text.ll_advSetData
                0x0001158a       0xda C:\Users\colto\SimplicityStudio\v4_workspace\soc-empty_3\protocol\bluetooth\lib\EFR32BG1B\GCC\libbluetooth.a(ll_adv.c.obj)
                0x0001158a                ll_advSetData
 .text.ll_advExtUpdateChannelMap
                0x00011664        0x2 C:\Users\colto\SimplicityStudio\v4_workspace\soc-empty_3\protocol\bluetooth\lib\EFR32BG1B\GCC\libbluetooth.a(ll_adv.c.obj)
                0x00011664                ll_advExtUpdateChannelMap
 *fill*         0x00011666        0x2 
 .text.ll_advInit
                0x00011668       0x74 C:\Users\colto\SimplicityStudio\v4_workspace\soc-empty_3\protocol\bluetooth\lib\EFR32BG1B\GCC\libbluetooth.a(ll_adv.c.obj)
                0x00011668                ll_advInit
 .text.ll_advExtCreateConnectRsp
                0x000116dc        0x2 C:\Users\colto\SimplicityStudio\v4_workspace\soc-empty_3\protocol\bluetooth\lib\EFR32BG1B\GCC\libbluetooth.a(ll_adv.c.obj)
                0x000116dc                ll_advExtCreateConnectRsp
 *fill*         0x000116de        0x2 
 .text.ll_advHandleConnectReq
                0x000116e0       0xec C:\Users\colto\SimplicityStudio\v4_workspace\soc-empty_3\protocol\bluetooth\lib\EFR32BG1B\GCC\libbluetooth.a(ll_adv.c.obj)
                0x000116e0                ll_advHandleConnectReq
 .text.ll_advTaskRxHandle
                0x000117cc       0xc4 C:\Users\colto\SimplicityStudio\v4_workspace\soc-empty_3\protocol\bluetooth\lib\EFR32BG1B\GCC\libbluetooth.a(ll_adv.c.obj)
                0x000117cc                ll_advTaskRxHandle
 .text.ll_advTaskHandlerWaitRx
                0x00011890       0x34 C:\Users\colto\SimplicityStudio\v4_workspace\soc-empty_3\protocol\bluetooth\lib\EFR32BG1B\GCC\libbluetooth.a(ll_adv.c.obj)
                0x00011890                ll_advTaskHandlerWaitRx
 .text.ll_advExtSyncEventHandler
                0x000118c4        0x2 C:\Users\colto\SimplicityStudio\v4_workspace\soc-empty_3\protocol\bluetooth\lib\EFR32BG1B\GCC\libbluetooth.a(ll_adv_ext-stubs.c.obj)
                0x000118c4                ll_advExtSyncEventHandler
 .text.ll_allocPeriodicAdv
                0x000118c6        0x2 C:\Users\colto\SimplicityStudio\v4_workspace\soc-empty_3\protocol\bluetooth\lib\EFR32BG1B\GCC\libbluetooth.a(ll_adv_sync-stubs.c.obj)
                0x000118c6                ll_allocPeriodicAdv
 .text.ll_advSyncGetDataPtr
                0x000118c8        0x4 C:\Users\colto\SimplicityStudio\v4_workspace\soc-empty_3\protocol\bluetooth\lib\EFR32BG1B\GCC\libbluetooth.a(ll_adv_sync-stubs.c.obj)
                0x000118c8                ll_advSyncGetDataPtr
 .text.ll_aoxConnectionEvent
                0x000118cc        0x2 C:\Users\colto\SimplicityStudio\v4_workspace\soc-empty_3\protocol\bluetooth\lib\EFR32BG1B\GCC\libbluetooth.a(ll_aox-stubs.c.obj)
                0x000118cc                ll_aoxConnectionEvent
 .text.ll_aoxFetchCteRspPacketCteInfo
                0x000118ce        0x6 C:\Users\colto\SimplicityStudio\v4_workspace\soc-empty_3\protocol\bluetooth\lib\EFR32BG1B\GCC\libbluetooth.a(ll_aox-stubs.c.obj)
                0x000118ce                ll_aoxFetchCteRspPacketCteInfo
 .text.ll_aoxRxPacketReceived
                0x000118d4        0x4 C:\Users\colto\SimplicityStudio\v4_workspace\soc-empty_3\protocol\bluetooth\lib\EFR32BG1B\GCC\libbluetooth.a(ll_aox-stubs.c.obj)
                0x000118d4                ll_aoxRxPacketReceived
 .text.ll_aoxEvent
                0x000118d8        0x2 C:\Users\colto\SimplicityStudio\v4_workspace\soc-empty_3\protocol\bluetooth\lib\EFR32BG1B\GCC\libbluetooth.a(ll_aox-stubs.c.obj)
                0x000118d8                ll_aoxEvent
 .text.ll_aoxLlcpPacket
                0x000118da        0x4 C:\Users\colto\SimplicityStudio\v4_workspace\soc-empty_3\protocol\bluetooth\lib\EFR32BG1B\GCC\libbluetooth.a(ll_aox-stubs.c.obj)
                0x000118da                ll_aoxLlcpPacket
 .text.ll_aoxHciCommand
                0x000118de        0x4 C:\Users\colto\SimplicityStudio\v4_workspace\soc-empty_3\protocol\bluetooth\lib\EFR32BG1B\GCC\libbluetooth.a(ll_aox-stubs.c.obj)
                0x000118de                ll_aoxHciCommand
 .text.ll_channelmapEvent
                0x000118e2        0x2 C:\Users\colto\SimplicityStudio\v4_workspace\soc-empty_3\protocol\bluetooth\lib\EFR32BG1B\GCC\libbluetooth.a(ll_channelmap.c.obj)
                0x000118e2                ll_channelmapEvent
 .text.ll_channelmapSetChannelClassification
                0x000118e4       0x10 C:\Users\colto\SimplicityStudio\v4_workspace\soc-empty_3\protocol\bluetooth\lib\EFR32BG1B\GCC\libbluetooth.a(ll_channelmap.c.obj)
                0x000118e4                ll_channelmapSetChannelClassification
 .text.ll_channelmapInit
                0x000118f4       0x14 C:\Users\colto\SimplicityStudio\v4_workspace\soc-empty_3\protocol\bluetooth\lib\EFR32BG1B\GCC\libbluetooth.a(ll_channelmap.c.obj)
                0x000118f4                ll_channelmapInit
 .text.ll_channelmapQualityAdjust
                0x00011908        0x2 C:\Users\colto\SimplicityStudio\v4_workspace\soc-empty_3\protocol\bluetooth\lib\EFR32BG1B\GCC\libbluetooth.a(ll_channelmap.c.obj)
                0x00011908                ll_channelmapQualityAdjust
 .text.ll_channelmapIsAdaptive
                0x0001190a        0x4 C:\Users\colto\SimplicityStudio\v4_workspace\soc-empty_3\protocol\bluetooth\lib\EFR32BG1B\GCC\libbluetooth.a(ll_channelmap.c.obj)
                0x0001190a                ll_channelmapIsAdaptive
 *fill*         0x0001190e        0x2 
 .text.ll_channelmapIsBlocked
                0x00011910       0x1c C:\Users\colto\SimplicityStudio\v4_workspace\soc-empty_3\protocol\bluetooth\lib\EFR32BG1B\GCC\libbluetooth.a(ll_channelmap.c.obj)
                0x00011910                ll_channelmapIsBlocked
 .text.ll_channelmapCanUseHighPower
                0x0001192c        0x4 C:\Users\colto\SimplicityStudio\v4_workspace\soc-empty_3\protocol\bluetooth\lib\EFR32BG1B\GCC\libbluetooth.a(ll_channelmap.c.obj)
                0x0001192c                ll_channelmapCanUseHighPower
 .text.ll_channelmapUsedChannels
                0x00011930       0x28 C:\Users\colto\SimplicityStudio\v4_workspace\soc-empty_3\protocol\bluetooth\lib\EFR32BG1B\GCC\libbluetooth.a(ll_channelmap.c.obj)
                0x00011930                ll_channelmapUsedChannels
 .text.ll_channelmapGetChannelMap
                0x00011958       0x18 C:\Users\colto\SimplicityStudio\v4_workspace\soc-empty_3\protocol\bluetooth\lib\EFR32BG1B\GCC\libbluetooth.a(ll_channelmap.c.obj)
                0x00011958                ll_channelmapGetChannelMap
 .text.ll_channelmapUpdate
                0x00011970       0x7e C:\Users\colto\SimplicityStudio\v4_workspace\soc-empty_3\protocol\bluetooth\lib\EFR32BG1B\GCC\libbluetooth.a(ll_channelmap.c.obj)
                0x00011970                ll_channelmapUpdate
 .text.ll_channelmapValidate
                0x000119ee        0x6 C:\Users\colto\SimplicityStudio\v4_workspace\soc-empty_3\protocol\bluetooth\lib\EFR32BG1B\GCC\libbluetooth.a(ll_channelmap.c.obj)
                0x000119ee                ll_channelmapValidate
 .text.ll_channelmapAlgorithm1
                0x000119f4        0x6 C:\Users\colto\SimplicityStudio\v4_workspace\soc-empty_3\protocol\bluetooth\lib\EFR32BG1B\GCC\libbluetooth.a(ll_channelmap.c.obj)
                0x000119f4                ll_channelmapAlgorithm1
 *fill*         0x000119fa        0x2 
 .text.ll_channelmapAlgorithm2
                0x000119fc       0x80 C:\Users\colto\SimplicityStudio\v4_workspace\soc-empty_3\protocol\bluetooth\lib\EFR32BG1B\GCC\libbluetooth.a(ll_channelmap.c.obj)
                0x000119fc                ll_channelmapAlgorithm2
 .text.bg_bit_clr_atomic
                0x00011a7c       0x18 C:\Users\colto\SimplicityStudio\v4_workspace\soc-empty_3\protocol\bluetooth\lib\EFR32BG1B\GCC\libbluetooth.a(ll_conn.c.obj)
 .text.bg_bit_set_exclusive
                0x00011a94       0x10 C:\Users\colto\SimplicityStudio\v4_workspace\soc-empty_3\protocol\bluetooth\lib\EFR32BG1B\GCC\libbluetooth.a(ll_conn.c.obj)
 .text.bg_bit_clr_exclusive
                0x00011aa4       0x12 C:\Users\colto\SimplicityStudio\v4_workspace\soc-empty_3\protocol\bluetooth\lib\EFR32BG1B\GCC\libbluetooth.a(ll_conn.c.obj)
 *fill*         0x00011ab6        0x2 
 .text.ll_connUpdatePriority.part.3
                0x00011ab8       0x44 C:\Users\colto\SimplicityStudio\v4_workspace\soc-empty_3\protocol\bluetooth\lib\EFR32BG1B\GCC\libbluetooth.a(ll_conn.c.obj)
 .text.bg_bit_set_atomic.constprop.12
                0x00011afc       0x24 C:\Users\colto\SimplicityStudio\v4_workspace\soc-empty_3\protocol\bluetooth\lib\EFR32BG1B\GCC\libbluetooth.a(ll_conn.c.obj)
 .text.ll_connCheckCloseEvent.part.6
                0x00011b20       0x50 C:\Users\colto\SimplicityStudio\v4_workspace\soc-empty_3\protocol\bluetooth\lib\EFR32BG1B\GCC\libbluetooth.a(ll_conn.c.obj)
 .text.ll_connLLCPGetState
                0x00011b70        0xe C:\Users\colto\SimplicityStudio\v4_workspace\soc-empty_3\protocol\bluetooth\lib\EFR32BG1B\GCC\libbluetooth.a(ll_conn.c.obj)
                0x00011b70                ll_connLLCPGetState
 .text.ll_connEncGetState
                0x00011b7e        0x4 C:\Users\colto\SimplicityStudio\v4_workspace\soc-empty_3\protocol\bluetooth\lib\EFR32BG1B\GCC\libbluetooth.a(ll_conn.c.obj)
                0x00011b7e                ll_connEncGetState
 .text.ll_connGetFlags
                0x00011b82        0x4 C:\Users\colto\SimplicityStudio\v4_workspace\soc-empty_3\protocol\bluetooth\lib\EFR32BG1B\GCC\libbluetooth.a(ll_conn.c.obj)
                0x00011b82                ll_connGetFlags
 .text.ll_connSetFlags
                0x00011b86        0x6 C:\Users\colto\SimplicityStudio\v4_workspace\soc-empty_3\protocol\bluetooth\lib\EFR32BG1B\GCC\libbluetooth.a(ll_conn.c.obj)
                0x00011b86                ll_connSetFlags
 .text.ll_connClearFlags
                0x00011b8c        0x6 C:\Users\colto\SimplicityStudio\v4_workspace\soc-empty_3\protocol\bluetooth\lib\EFR32BG1B\GCC\libbluetooth.a(ll_conn.c.obj)
                0x00011b8c                ll_connClearFlags
 .text.ll_connGetRSSI
                0x00011b92        0x6 C:\Users\colto\SimplicityStudio\v4_workspace\soc-empty_3\protocol\bluetooth\lib\EFR32BG1B\GCC\libbluetooth.a(ll_conn.c.obj)
                0x00011b92                ll_connGetRSSI
 .text.ll_connTimerToEvent
                0x00011b98       0x36 C:\Users\colto\SimplicityStudio\v4_workspace\soc-empty_3\protocol\bluetooth\lib\EFR32BG1B\GCC\libbluetooth.a(ll_conn.c.obj)
                0x00011b98                ll_connTimerToEvent
 .text.ll_connAddWindow
                0x00011bce       0x42 C:\Users\colto\SimplicityStudio\v4_workspace\soc-empty_3\protocol\bluetooth\lib\EFR32BG1B\GCC\libbluetooth.a(ll_conn.c.obj)
                0x00011bce                ll_connAddWindow
 .text.ll_connControlPacketsQueued
                0x00011c10       0x22 C:\Users\colto\SimplicityStudio\v4_workspace\soc-empty_3\protocol\bluetooth\lib\EFR32BG1B\GCC\libbluetooth.a(ll_conn.c.obj)
                0x00011c10                ll_connControlPacketsQueued
 .text.ll_connSetErrorReason
                0x00011c32        0x6 C:\Users\colto\SimplicityStudio\v4_workspace\soc-empty_3\protocol\bluetooth\lib\EFR32BG1B\GCC\libbluetooth.a(ll_conn.c.obj)
                0x00011c32                ll_connSetErrorReason
 .text.ll_connGetByHandle
                0x00011c38       0x28 C:\Users\colto\SimplicityStudio\v4_workspace\soc-empty_3\protocol\bluetooth\lib\EFR32BG1B\GCC\libbluetooth.a(ll_conn.c.obj)
                0x00011c38                ll_connGetByHandle
 .text.ll_connGetHandleByConn
                0x00011c60       0x2c C:\Users\colto\SimplicityStudio\v4_workspace\soc-empty_3\protocol\bluetooth\lib\EFR32BG1B\GCC\libbluetooth.a(ll_conn.c.obj)
                0x00011c60                ll_connGetHandleByConn
 .text.ll_connRaiseEvents
                0x00011c8c       0x1e C:\Users\colto\SimplicityStudio\v4_workspace\soc-empty_3\protocol\bluetooth\lib\EFR32BG1B\GCC\libbluetooth.a(ll_conn.c.obj)
                0x00011c8c                ll_connRaiseEvents
 *fill*         0x00011caa        0x2 
 .text.ll_connLoadTxPacket
                0x00011cac      0x104 C:\Users\colto\SimplicityStudio\v4_workspace\soc-empty_3\protocol\bluetooth\lib\EFR32BG1B\GCC\libbluetooth.a(ll_conn.c.obj)
 .text.ll_connGetAnchor
                0x00011db0       0x24 C:\Users\colto\SimplicityStudio\v4_workspace\soc-empty_3\protocol\bluetooth\lib\EFR32BG1B\GCC\libbluetooth.a(ll_conn.c.obj)
                0x00011db0                ll_connGetAnchor
 .text.ll_connCalcNextEvent
                0x00011dd4       0x78 C:\Users\colto\SimplicityStudio\v4_workspace\soc-empty_3\protocol\bluetooth\lib\EFR32BG1B\GCC\libbluetooth.a(ll_conn.c.obj)
                0x00011dd4                ll_connCalcNextEvent
 .text.ll_connEndEvent
                0x00011e4c      0x16c C:\Users\colto\SimplicityStudio\v4_workspace\soc-empty_3\protocol\bluetooth\lib\EFR32BG1B\GCC\libbluetooth.a(ll_conn.c.obj)
 .text.ll_connHandleRx
                0x00011fb8      0x1e8 C:\Users\colto\SimplicityStudio\v4_workspace\soc-empty_3\protocol\bluetooth\lib\EFR32BG1B\GCC\libbluetooth.a(ll_conn.c.obj)
                0x00011fb8                ll_connHandleRx
 .text.ll_connHandleTx
                0x000121a0       0x54 C:\Users\colto\SimplicityStudio\v4_workspace\soc-empty_3\protocol\bluetooth\lib\EFR32BG1B\GCC\libbluetooth.a(ll_conn.c.obj)
                0x000121a0                ll_connHandleTx
 .text.ll_connInitEvent
                0x000121f4       0x70 C:\Users\colto\SimplicityStudio\v4_workspace\soc-empty_3\protocol\bluetooth\lib\EFR32BG1B\GCC\libbluetooth.a(ll_conn.c.obj)
                0x000121f4                ll_connInitEvent
 .text.ll_connMasterTaskHandler
                0x00012264       0x7c C:\Users\colto\SimplicityStudio\v4_workspace\soc-empty_3\protocol\bluetooth\lib\EFR32BG1B\GCC\libbluetooth.a(ll_conn.c.obj)
                0x00012264                ll_connMasterTaskHandler
 .text.ll_connSlaveTaskHandler
                0x000122e0       0x74 C:\Users\colto\SimplicityStudio\v4_workspace\soc-empty_3\protocol\bluetooth\lib\EFR32BG1B\GCC\libbluetooth.a(ll_conn.c.obj)
                0x000122e0                ll_connSlaveTaskHandler
 .text.ll_connAllocMem
                0x00012354       0x5c C:\Users\colto\SimplicityStudio\v4_workspace\soc-empty_3\protocol\bluetooth\lib\EFR32BG1B\GCC\libbluetooth.a(ll_conn.c.obj)
                0x00012354                ll_connAllocMem
 .text.ll_connInit
                0x000123b0       0x60 C:\Users\colto\SimplicityStudio\v4_workspace\soc-empty_3\protocol\bluetooth\lib\EFR32BG1B\GCC\libbluetooth.a(ll_conn.c.obj)
                0x000123b0                ll_connInit
 .text.ll_connAlloc
                0x00012410       0x58 C:\Users\colto\SimplicityStudio\v4_workspace\soc-empty_3\protocol\bluetooth\lib\EFR32BG1B\GCC\libbluetooth.a(ll_conn.c.obj)
                0x00012410                ll_connAlloc
 .text.ll_connFree
                0x00012468       0x3c C:\Users\colto\SimplicityStudio\v4_workspace\soc-empty_3\protocol\bluetooth\lib\EFR32BG1B\GCC\libbluetooth.a(ll_conn.c.obj)
                0x00012468                ll_connFree
 .text.ll_connUpdateChannelMap
                0x000124a4       0x10 C:\Users\colto\SimplicityStudio\v4_workspace\soc-empty_3\protocol\bluetooth\lib\EFR32BG1B\GCC\libbluetooth.a(ll_conn.c.obj)
                0x000124a4                ll_connUpdateChannelMap
 .text.ll_connHandleRxData
                0x000124b4      0x130 C:\Users\colto\SimplicityStudio\v4_workspace\soc-empty_3\protocol\bluetooth\lib\EFR32BG1B\GCC\libbluetooth.a(ll_conn.c.obj)
                0x000124b4                ll_connHandleRxData
 .text.ll_connSetDefaultPacketLength
                0x000125e4        0xc C:\Users\colto\SimplicityStudio\v4_workspace\soc-empty_3\protocol\bluetooth\lib\EFR32BG1B\GCC\libbluetooth.a(ll_conn.c.obj)
                0x000125e4                ll_connSetDefaultPacketLength
 .text.ll_connUpdateMaxPacketLengths
                0x000125f0       0x56 C:\Users\colto\SimplicityStudio\v4_workspace\soc-empty_3\protocol\bluetooth\lib\EFR32BG1B\GCC\libbluetooth.a(ll_conn.c.obj)
                0x000125f0                ll_connUpdateMaxPacketLengths
 .text.ll_connSetParameters
                0x00012646       0x80 C:\Users\colto\SimplicityStudio\v4_workspace\soc-empty_3\protocol\bluetooth\lib\EFR32BG1B\GCC\libbluetooth.a(ll_conn.c.obj)
                0x00012646                ll_connSetParameters
 .text.ll_connSetMaxPacketLengths
                0x000126c6       0x52 C:\Users\colto\SimplicityStudio\v4_workspace\soc-empty_3\protocol\bluetooth\lib\EFR32BG1B\GCC\libbluetooth.a(ll_conn.c.obj)
                0x000126c6                ll_connSetMaxPacketLengths
 .text.ll_connSetPhy
                0x00012718       0x3a C:\Users\colto\SimplicityStudio\v4_workspace\soc-empty_3\protocol\bluetooth\lib\EFR32BG1B\GCC\libbluetooth.a(ll_conn.c.obj)
                0x00012718                ll_connSetPhy
 .text.ll_connSetRemoteFeatures
                0x00012752       0x28 C:\Users\colto\SimplicityStudio\v4_workspace\soc-empty_3\protocol\bluetooth\lib\EFR32BG1B\GCC\libbluetooth.a(ll_conn.c.obj)
                0x00012752                ll_connSetRemoteFeatures
 .text.ll_connSetVersionInformation
                0x0001277a       0x36 C:\Users\colto\SimplicityStudio\v4_workspace\soc-empty_3\protocol\bluetooth\lib\EFR32BG1B\GCC\libbluetooth.a(ll_conn.c.obj)
                0x0001277a                ll_connSetVersionInformation
 .text.ll_connSetConfig
                0x000127b0       0x10 C:\Users\colto\SimplicityStudio\v4_workspace\soc-empty_3\protocol\bluetooth\lib\EFR32BG1B\GCC\libbluetooth.a(ll_conn.c.obj)
                0x000127b0                ll_connSetConfig
 .text.ll_connClearConfig
                0x000127c0       0x10 C:\Users\colto\SimplicityStudio\v4_workspace\soc-empty_3\protocol\bluetooth\lib\EFR32BG1B\GCC\libbluetooth.a(ll_conn.c.obj)
                0x000127c0                ll_connClearConfig
 .text.ll_connEndEventAfterCtrl
                0x000127d0        0xa C:\Users\colto\SimplicityStudio\v4_workspace\soc-empty_3\protocol\bluetooth\lib\EFR32BG1B\GCC\libbluetooth.a(ll_conn.c.obj)
                0x000127d0                ll_connEndEventAfterCtrl
 .text.ll_connGetPhyConfig
                0x000127da        0x6 C:\Users\colto\SimplicityStudio\v4_workspace\soc-empty_3\protocol\bluetooth\lib\EFR32BG1B\GCC\libbluetooth.a(ll_conn.c.obj)
                0x000127da                ll_connGetPhyConfig
 .text.ll_connAbortSlaveLatency
                0x000127e0       0x86 C:\Users\colto\SimplicityStudio\v4_workspace\soc-empty_3\protocol\bluetooth\lib\EFR32BG1B\GCC\libbluetooth.a(ll_conn.c.obj)
                0x000127e0                ll_connAbortSlaveLatency
 .text.ll_connCreateTxPacket
                0x00012866      0x10e C:\Users\colto\SimplicityStudio\v4_workspace\soc-empty_3\protocol\bluetooth\lib\EFR32BG1B\GCC\libbluetooth.a(ll_conn.c.obj)
                0x00012866                ll_connCreateTxPacket
 .text.ll_connSendData
                0x00012974      0x1d4 C:\Users\colto\SimplicityStudio\v4_workspace\soc-empty_3\protocol\bluetooth\lib\EFR32BG1B\GCC\libbluetooth.a(ll_conn.c.obj)
                0x00012974                ll_connSendData
 .text.ll_connHandleHostEvents
                0x00012b48      0x2d0 C:\Users\colto\SimplicityStudio\v4_workspace\soc-empty_3\protocol\bluetooth\lib\EFR32BG1B\GCC\libbluetooth.a(ll_conn.c.obj)
                0x00012b48                ll_connHandleHostEvents
 .text.ll_connHandleNumberOfPackets
                0x00012e18       0x12 C:\Users\colto\SimplicityStudio\v4_workspace\soc-empty_3\protocol\bluetooth\lib\EFR32BG1B\GCC\libbluetooth.a(ll_conn.c.obj)
                0x00012e18                ll_connHandleNumberOfPackets
 *fill*         0x00012e2a        0x2 
 .text.ll_connGetNumberOfCompletedPackets
                0x00012e2c       0x84 C:\Users\colto\SimplicityStudio\v4_workspace\soc-empty_3\protocol\bluetooth\lib\EFR32BG1B\GCC\libbluetooth.a(ll_conn.c.obj)
                0x00012e2c                ll_connGetNumberOfCompletedPackets
 .text.ll_connEnableDataFlow
                0x00012eb0       0x1a C:\Users\colto\SimplicityStudio\v4_workspace\soc-empty_3\protocol\bluetooth\lib\EFR32BG1B\GCC\libbluetooth.a(ll_conn.c.obj)
                0x00012eb0                ll_connEnableDataFlow
 .text.ll_connIsFeatureSupported
                0x00012eca       0x20 C:\Users\colto\SimplicityStudio\v4_workspace\soc-empty_3\protocol\bluetooth\lib\EFR32BG1B\GCC\libbluetooth.a(ll_conn.c.obj)
                0x00012eca                ll_connIsFeatureSupported
 *fill*         0x00012eea        0x2 
 .text.ll_connUpdatedChannelClassification
                0x00012eec       0x64 C:\Users\colto\SimplicityStudio\v4_workspace\soc-empty_3\protocol\bluetooth\lib\EFR32BG1B\GCC\libbluetooth.a(ll_conn.c.obj)
                0x00012eec                ll_connUpdatedChannelClassification
 .text.ll_connValidateParams
                0x00012f50       0x3a C:\Users\colto\SimplicityStudio\v4_workspace\soc-empty_3\protocol\bluetooth\lib\EFR32BG1B\GCC\libbluetooth.a(ll_conn.c.obj)
                0x00012f50                ll_connValidateParams
 *fill*         0x00012f8a        0x2 
 .text.ll_connInitNew
                0x00012f8c      0x204 C:\Users\colto\SimplicityStudio\v4_workspace\soc-empty_3\protocol\bluetooth\lib\EFR32BG1B\GCC\libbluetooth.a(ll_conn.c.obj)
                0x00012f8c                ll_connInitNew
 .text.ll_connEncryptionInit
                0x00013190        0x4 C:\Users\colto\SimplicityStudio\v4_workspace\soc-empty_3\protocol\bluetooth\lib\EFR32BG1B\GCC\libbluetooth.a(ll_conn_enc.c.obj)
                0x00013190                ll_connEncryptionInit
 .text.ll_encrypt
                0x00013194       0x48 C:\Users\colto\SimplicityStudio\v4_workspace\soc-empty_3\protocol\bluetooth\lib\EFR32BG1B\GCC\libbluetooth.a(ll_conn_enc.c.obj)
                0x00013194                ll_encrypt
 .text.ll_connEncryptSetParams
                0x000131dc       0x38 C:\Users\colto\SimplicityStudio\v4_workspace\soc-empty_3\protocol\bluetooth\lib\EFR32BG1B\GCC\libbluetooth.a(ll_conn_enc.c.obj)
                0x000131dc                ll_connEncryptSetParams
 .text.ll_connEncryptionConnectionInit
                0x00013214       0x36 C:\Users\colto\SimplicityStudio\v4_workspace\soc-empty_3\protocol\bluetooth\lib\EFR32BG1B\GCC\libbluetooth.a(ll_conn_enc.c.obj)
                0x00013214                ll_connEncryptionConnectionInit
 .text.ll_connEncrypted
                0x0001324a       0x14 C:\Users\colto\SimplicityStudio\v4_workspace\soc-empty_3\protocol\bluetooth\lib\EFR32BG1B\GCC\libbluetooth.a(ll_conn_enc.c.obj)
                0x0001324a                ll_connEncrypted
 .text.ll_connEncryptionFail
                0x0001325e       0x16 C:\Users\colto\SimplicityStudio\v4_workspace\soc-empty_3\protocol\bluetooth\lib\EFR32BG1B\GCC\libbluetooth.a(ll_conn_enc.c.obj)
                0x0001325e                ll_connEncryptionFail
 .text.ll_connEncryptionSetSessionKey
                0x00013274       0x4e C:\Users\colto\SimplicityStudio\v4_workspace\soc-empty_3\protocol\bluetooth\lib\EFR32BG1B\GCC\libbluetooth.a(ll_conn_enc.c.obj)
                0x00013274                ll_connEncryptionSetSessionKey
 *fill*         0x000132c2        0x2 
 .text.ll_connEncBufferToData
                0x000132c4       0x2c C:\Users\colto\SimplicityStudio\v4_workspace\soc-empty_3\protocol\bluetooth\lib\EFR32BG1B\GCC\libbluetooth.a(ll_conn_enc.c.obj)
                0x000132c4                ll_connEncBufferToData
 .text.ll_connEncDataToBuffer
                0x000132f0       0x28 C:\Users\colto\SimplicityStudio\v4_workspace\soc-empty_3\protocol\bluetooth\lib\EFR32BG1B\GCC\libbluetooth.a(ll_conn_enc.c.obj)
                0x000132f0                ll_connEncDataToBuffer
 .text.ll_connDataTxEncrypt
                0x00013318       0x68 C:\Users\colto\SimplicityStudio\v4_workspace\soc-empty_3\protocol\bluetooth\lib\EFR32BG1B\GCC\libbluetooth.a(ll_conn_enc.c.obj)
                0x00013318                ll_connDataTxEncrypt
 .text.ll_connDataRxDecrypt
                0x00013380       0x6a C:\Users\colto\SimplicityStudio\v4_workspace\soc-empty_3\protocol\bluetooth\lib\EFR32BG1B\GCC\libbluetooth.a(ll_conn_enc.c.obj)
                0x00013380                ll_connDataRxDecrypt
 .text.ll_hciSetCommandCompleteHeader
                0x000133ea       0x22 C:\Users\colto\SimplicityStudio\v4_workspace\soc-empty_3\protocol\bluetooth\lib\EFR32BG1B\GCC\libbluetooth.a(ll_hci.c.obj)
                0x000133ea                ll_hciSetCommandCompleteHeader
 .text.ll_hciSetMetaEventHeader
                0x0001340c       0x1a C:\Users\colto\SimplicityStudio\v4_workspace\soc-empty_3\protocol\bluetooth\lib\EFR32BG1B\GCC\libbluetooth.a(ll_hci.c.obj)
                0x0001340c                ll_hciSetMetaEventHeader
 .text.ll_hciSetCommandStatusHeader
                0x00013426       0x22 C:\Users\colto\SimplicityStudio\v4_workspace\soc-empty_3\protocol\bluetooth\lib\EFR32BG1B\GCC\libbluetooth.a(ll_hci.c.obj)
                0x00013426                ll_hciSetCommandStatusHeader
 .text.ll_hciSendHCIEvent
                0x00013448       0x1c C:\Users\colto\SimplicityStudio\v4_workspace\soc-empty_3\protocol\bluetooth\lib\EFR32BG1B\GCC\libbluetooth.a(ll_hci.c.obj)
                0x00013448                ll_hciSendHCIEvent
 .text.ll_hciSendGenericCommandComplete
                0x00013464       0x10 C:\Users\colto\SimplicityStudio\v4_workspace\soc-empty_3\protocol\bluetooth\lib\EFR32BG1B\GCC\libbluetooth.a(ll_hci.c.obj)
                0x00013464                ll_hciSendGenericCommandComplete
 .text.ll_hciInit
                0x00013474       0x34 C:\Users\colto\SimplicityStudio\v4_workspace\soc-empty_3\protocol\bluetooth\lib\EFR32BG1B\GCC\libbluetooth.a(ll_hci.c.obj)
                0x00013474                ll_hciInit
 .text.ll_hciGetSharedCommand
                0x000134a8        0xc C:\Users\colto\SimplicityStudio\v4_workspace\soc-empty_3\protocol\bluetooth\lib\EFR32BG1B\GCC\libbluetooth.a(ll_hci.c.obj)
                0x000134a8                ll_hciGetSharedCommand
 .text.ll_hciGetSharedResponse
                0x000134b4        0xc C:\Users\colto\SimplicityStudio\v4_workspace\soc-empty_3\protocol\bluetooth\lib\EFR32BG1B\GCC\libbluetooth.a(ll_hci.c.obj)
                0x000134b4                ll_hciGetSharedResponse
 .text.ll_hciCall
                0x000134c0       0x20 C:\Users\colto\SimplicityStudio\v4_workspace\soc-empty_3\protocol\bluetooth\lib\EFR32BG1B\GCC\libbluetooth.a(ll_hci.c.obj)
                0x000134c0                ll_hciCall
 .text.BTLE_HCIToLLCmdSAP
                0x000134e0       0x30 C:\Users\colto\SimplicityStudio\v4_workspace\soc-empty_3\protocol\bluetooth\lib\EFR32BG1B\GCC\libbluetooth.a(ll_hci.c.obj)
                0x000134e0                BTLE_HCIToLLCmdSAP
 .text.BTLE_HCIToLLDataSAP
                0x00013510       0x44 C:\Users\colto\SimplicityStudio\v4_workspace\soc-empty_3\protocol\bluetooth\lib\EFR32BG1B\GCC\libbluetooth.a(ll_hci.c.obj)
                0x00013510                BTLE_HCIToLLDataSAP
 .text.ll_hciHandleDisconnect
                0x00013554       0x46 C:\Users\colto\SimplicityStudio\v4_workspace\soc-empty_3\protocol\bluetooth\lib\EFR32BG1B\GCC\libbluetooth.a(ll_hci.c.obj)
                0x00013554                ll_hciHandleDisconnect
 .text.ll_hciHandleUnknown
                0x0001359a        0xc C:\Users\colto\SimplicityStudio\v4_workspace\soc-empty_3\protocol\bluetooth\lib\EFR32BG1B\GCC\libbluetooth.a(ll_hci.c.obj)
                0x0001359a                ll_hciHandleUnknown
 .text.ll_hciHandleReset
                0x000135a6       0x18 C:\Users\colto\SimplicityStudio\v4_workspace\soc-empty_3\protocol\bluetooth\lib\EFR32BG1B\GCC\libbluetooth.a(ll_hci.c.obj)
                0x000135a6                ll_hciHandleReset
 *fill*         0x000135be        0x2 
 .text.ll_hciHandleReadBDADDR
                0x000135c0       0x2c C:\Users\colto\SimplicityStudio\v4_workspace\soc-empty_3\protocol\bluetooth\lib\EFR32BG1B\GCC\libbluetooth.a(ll_hci.c.obj)
                0x000135c0                ll_hciHandleReadBDADDR
 .text.ll_hciHandleSetHostChannelClassification
                0x000135ec       0x3e C:\Users\colto\SimplicityStudio\v4_workspace\soc-empty_3\protocol\bluetooth\lib\EFR32BG1B\GCC\libbluetooth.a(ll_hci.c.obj)
                0x000135ec                ll_hciHandleSetHostChannelClassification
 .text.ll_hciHandleLeWriteRfPathCompensation
                0x0001362a       0x26 C:\Users\colto\SimplicityStudio\v4_workspace\soc-empty_3\protocol\bluetooth\lib\EFR32BG1B\GCC\libbluetooth.a(ll_hci.c.obj)
                0x0001362a                ll_hciHandleLeWriteRfPathCompensation
 .text.ll_hciHandleLeStartEncryption
                0x00013650       0x50 C:\Users\colto\SimplicityStudio\v4_workspace\soc-empty_3\protocol\bluetooth\lib\EFR32BG1B\GCC\libbluetooth.a(ll_hci.c.obj)
                0x00013650                ll_hciHandleLeStartEncryption
 .text.ll_hciHandleLeLtkNegReply
                0x000136a0       0x3a C:\Users\colto\SimplicityStudio\v4_workspace\soc-empty_3\protocol\bluetooth\lib\EFR32BG1B\GCC\libbluetooth.a(ll_hci.c.obj)
                0x000136a0                ll_hciHandleLeLtkNegReply
 .text.ll_hciHandleLeLtkReply
                0x000136da       0x44 C:\Users\colto\SimplicityStudio\v4_workspace\soc-empty_3\protocol\bluetooth\lib\EFR32BG1B\GCC\libbluetooth.a(ll_hci.c.obj)
                0x000136da                ll_hciHandleLeLtkReply
 .text.ll_hciHandleSiliconLabsSetConnectionConfigBits
                0x0001371e       0x30 C:\Users\colto\SimplicityStudio\v4_workspace\soc-empty_3\protocol\bluetooth\lib\EFR32BG1B\GCC\libbluetooth.a(ll_hci.c.obj)
                0x0001371e                ll_hciHandleSiliconLabsSetConnectionConfigBits
 .text.ll_hciHandleSiliconLabsClearConnectionConfigBits
                0x0001374e       0x30 C:\Users\colto\SimplicityStudio\v4_workspace\soc-empty_3\protocol\bluetooth\lib\EFR32BG1B\GCC\libbluetooth.a(ll_hci.c.obj)
                0x0001374e                ll_hciHandleSiliconLabsClearConnectionConfigBits
 .text.ll_hciHandleSiliconLabsConfigFlags
                0x0001377e       0x46 C:\Users\colto\SimplicityStudio\v4_workspace\soc-empty_3\protocol\bluetooth\lib\EFR32BG1B\GCC\libbluetooth.a(ll_hci.c.obj)
                0x0001377e                ll_hciHandleSiliconLabsConfigFlags
 .text.ll_hciHandleSiliconLabsGetCounters
                0x000137c4       0x56 C:\Users\colto\SimplicityStudio\v4_workspace\soc-empty_3\protocol\bluetooth\lib\EFR32BG1B\GCC\libbluetooth.a(ll_hci.c.obj)
                0x000137c4                ll_hciHandleSiliconLabsGetCounters
 .text.ll_hciHandleSiliconLabsGetTiming
                0x0001381a       0x1e C:\Users\colto\SimplicityStudio\v4_workspace\soc-empty_3\protocol\bluetooth\lib\EFR32BG1B\GCC\libbluetooth.a(ll_hci.c.obj)
                0x0001381a                ll_hciHandleSiliconLabsGetTiming
 .text.ll_hciHandleSiliconLabsConfigure
                0x00013838       0x98 C:\Users\colto\SimplicityStudio\v4_workspace\soc-empty_3\protocol\bluetooth\lib\EFR32BG1B\GCC\libbluetooth.a(ll_hci.c.obj)
                0x00013838                ll_hciHandleSiliconLabsConfigure
 .text.ll_hciHandleLeSetRandomAddress
                0x000138d0       0x32 C:\Users\colto\SimplicityStudio\v4_workspace\soc-empty_3\protocol\bluetooth\lib\EFR32BG1B\GCC\libbluetooth.a(ll_hci.c.obj)
                0x000138d0                ll_hciHandleLeSetRandomAddress
 *fill*         0x00013902        0x2 
 .text.ll_hciCmdSetExtendedAdvertisingParameters
                0x00013904      0x10c C:\Users\colto\SimplicityStudio\v4_workspace\soc-empty_3\protocol\bluetooth\lib\EFR32BG1B\GCC\libbluetooth.a(ll_hci.c.obj)
                0x00013904                ll_hciCmdSetExtendedAdvertisingParameters
 .text.ll_hciHandleLeSetExtendedScanParameters
                0x00013a10       0x3a C:\Users\colto\SimplicityStudio\v4_workspace\soc-empty_3\protocol\bluetooth\lib\EFR32BG1B\GCC\libbluetooth.a(ll_hci.c.obj)
                0x00013a10                ll_hciHandleLeSetExtendedScanParameters
 .text.ll_hciHandleLeSetScanParameters
                0x00013a4a       0x3e C:\Users\colto\SimplicityStudio\v4_workspace\soc-empty_3\protocol\bluetooth\lib\EFR32BG1B\GCC\libbluetooth.a(ll_hci.c.obj)
                0x00013a4a                ll_hciHandleLeSetScanParameters
 .text.ll_hciHandleLeSetExtendedScanEnable
                0x00013a88       0x36 C:\Users\colto\SimplicityStudio\v4_workspace\soc-empty_3\protocol\bluetooth\lib\EFR32BG1B\GCC\libbluetooth.a(ll_hci.c.obj)
                0x00013a88                ll_hciHandleLeSetExtendedScanEnable
 .text.ll_hciHandleLeConnectionUpdate
                0x00013abe       0x60 C:\Users\colto\SimplicityStudio\v4_workspace\soc-empty_3\protocol\bluetooth\lib\EFR32BG1B\GCC\libbluetooth.a(ll_hci.c.obj)
                0x00013abe                ll_hciHandleLeConnectionUpdate
 .text.ll_hciHandleLeCreateConnectionCancel
                0x00013b1e       0x30 C:\Users\colto\SimplicityStudio\v4_workspace\soc-empty_3\protocol\bluetooth\lib\EFR32BG1B\GCC\libbluetooth.a(ll_hci.c.obj)
                0x00013b1e                ll_hciHandleLeCreateConnectionCancel
 .text.ll_hciHandleLeCreateConnection
                0x00013b4e       0x92 C:\Users\colto\SimplicityStudio\v4_workspace\soc-empty_3\protocol\bluetooth\lib\EFR32BG1B\GCC\libbluetooth.a(ll_hci.c.obj)
                0x00013b4e                ll_hciHandleLeCreateConnection
 .text.ll_hciHandleLeExtendedCreateConnection
                0x00013be0       0x96 C:\Users\colto\SimplicityStudio\v4_workspace\soc-empty_3\protocol\bluetooth\lib\EFR32BG1B\GCC\libbluetooth.a(ll_hci.c.obj)
                0x00013be0                ll_hciHandleLeExtendedCreateConnection
 .text.ll_hciHandleLeWriteSuggestedDefaultDataLength
                0x00013c76       0x28 C:\Users\colto\SimplicityStudio\v4_workspace\soc-empty_3\protocol\bluetooth\lib\EFR32BG1B\GCC\libbluetooth.a(ll_hci.c.obj)
                0x00013c76                ll_hciHandleLeWriteSuggestedDefaultDataLength
 .text.ll_hciHandleLeSetDataLength
                0x00013c9e       0x5a C:\Users\colto\SimplicityStudio\v4_workspace\soc-empty_3\protocol\bluetooth\lib\EFR32BG1B\GCC\libbluetooth.a(ll_hci.c.obj)
                0x00013c9e                ll_hciHandleLeSetDataLength
 .text.ll_hciReadRemoteUsedFeatures
                0x00013cf8       0x40 C:\Users\colto\SimplicityStudio\v4_workspace\soc-empty_3\protocol\bluetooth\lib\EFR32BG1B\GCC\libbluetooth.a(ll_hci.c.obj)
                0x00013cf8                ll_hciReadRemoteUsedFeatures
 .text.ll_hciReadRemoteVersionInformation
                0x00013d38       0x40 C:\Users\colto\SimplicityStudio\v4_workspace\soc-empty_3\protocol\bluetooth\lib\EFR32BG1B\GCC\libbluetooth.a(ll_hci.c.obj)
                0x00013d38                ll_hciReadRemoteVersionInformation
 .text.ll_hciHandleReadRssi
                0x00013d78       0x40 C:\Users\colto\SimplicityStudio\v4_workspace\soc-empty_3\protocol\bluetooth\lib\EFR32BG1B\GCC\libbluetooth.a(ll_hci.c.obj)
                0x00013d78                ll_hciHandleReadRssi
 .text.ll_hciSendLeConnectionUpdate
                0x00013db8       0x3a C:\Users\colto\SimplicityStudio\v4_workspace\soc-empty_3\protocol\bluetooth\lib\EFR32BG1B\GCC\libbluetooth.a(ll_hci.c.obj)
                0x00013db8                ll_hciSendLeConnectionUpdate
 .text.ll_hciSendLeConnectionComplete
                0x00013df2       0x74 C:\Users\colto\SimplicityStudio\v4_workspace\soc-empty_3\protocol\bluetooth\lib\EFR32BG1B\GCC\libbluetooth.a(ll_hci.c.obj)
                0x00013df2                ll_hciSendLeConnectionComplete
 .text.ll_hciSendVersionComplete
                0x00013e66       0x4a C:\Users\colto\SimplicityStudio\v4_workspace\soc-empty_3\protocol\bluetooth\lib\EFR32BG1B\GCC\libbluetooth.a(ll_hci.c.obj)
                0x00013e66                ll_hciSendVersionComplete
 .text.ll_hciSendUsedFeaturesComplete
                0x00013eb0       0x34 C:\Users\colto\SimplicityStudio\v4_workspace\soc-empty_3\protocol\bluetooth\lib\EFR32BG1B\GCC\libbluetooth.a(ll_hci.c.obj)
                0x00013eb0                ll_hciSendUsedFeaturesComplete
 .text.ll_hciSendEncryptionKeyRefreshComplete
                0x00013ee4       0x30 C:\Users\colto\SimplicityStudio\v4_workspace\soc-empty_3\protocol\bluetooth\lib\EFR32BG1B\GCC\libbluetooth.a(ll_hci.c.obj)
                0x00013ee4                ll_hciSendEncryptionKeyRefreshComplete
 .text.ll_hciSendEncryptionChange
                0x00013f14       0x38 C:\Users\colto\SimplicityStudio\v4_workspace\soc-empty_3\protocol\bluetooth\lib\EFR32BG1B\GCC\libbluetooth.a(ll_hci.c.obj)
                0x00013f14                ll_hciSendEncryptionChange
 .text.ll_hciSendLeDataLengthChanged
                0x00013f4c       0x44 C:\Users\colto\SimplicityStudio\v4_workspace\soc-empty_3\protocol\bluetooth\lib\EFR32BG1B\GCC\libbluetooth.a(ll_hci.c.obj)
                0x00013f4c                ll_hciSendLeDataLengthChanged
 .text.ll_hciSendLeLtkRequest
                0x00013f90       0x3a C:\Users\colto\SimplicityStudio\v4_workspace\soc-empty_3\protocol\bluetooth\lib\EFR32BG1B\GCC\libbluetooth.a(ll_hci.c.obj)
                0x00013f90                ll_hciSendLeLtkRequest
 .text.ll_hciSendScanTimeout
                0x00013fca       0x1a C:\Users\colto\SimplicityStudio\v4_workspace\soc-empty_3\protocol\bluetooth\lib\EFR32BG1B\GCC\libbluetooth.a(ll_hci.c.obj)
                0x00013fca                ll_hciSendScanTimeout
 .text.ll_hciSendAdvSetTerminated
                0x00013fe4       0x40 C:\Users\colto\SimplicityStudio\v4_workspace\soc-empty_3\protocol\bluetooth\lib\EFR32BG1B\GCC\libbluetooth.a(ll_hci.c.obj)
                0x00013fe4                ll_hciSendAdvSetTerminated
 .text.ll_hciSendScanRequestReceived
                0x00014024       0x32 C:\Users\colto\SimplicityStudio\v4_workspace\soc-empty_3\protocol\bluetooth\lib\EFR32BG1B\GCC\libbluetooth.a(ll_hci.c.obj)
                0x00014024                ll_hciSendScanRequestReceived
 .text.ll_hciSendLeChannelSelectionAlgorithm
                0x00014056       0x2e C:\Users\colto\SimplicityStudio\v4_workspace\soc-empty_3\protocol\bluetooth\lib\EFR32BG1B\GCC\libbluetooth.a(ll_hci.c.obj)
                0x00014056                ll_hciSendLeChannelSelectionAlgorithm
 .text.ll_hciSendNumberOfCompletedPackets
                0x00014084       0x2e C:\Users\colto\SimplicityStudio\v4_workspace\soc-empty_3\protocol\bluetooth\lib\EFR32BG1B\GCC\libbluetooth.a(ll_hci.c.obj)
                0x00014084                ll_hciSendNumberOfCompletedPackets
 .text.ll_hciHandleCommand
                0x000140b2      0x202 C:\Users\colto\SimplicityStudio\v4_workspace\soc-empty_3\protocol\bluetooth\lib\EFR32BG1B\GCC\libbluetooth.a(ll_hci.c.obj)
                0x000140b2                ll_hciHandleCommand
 .text.ll_hciSendDisconnection
                0x000142b4       0x34 C:\Users\colto\SimplicityStudio\v4_workspace\soc-empty_3\protocol\bluetooth\lib\EFR32BG1B\GCC\libbluetooth.a(ll_hci.c.obj)
                0x000142b4                ll_hciSendDisconnection
 .text.ll_hciSendLeAdvertisingReport
                0x000142e8       0x2a C:\Users\colto\SimplicityStudio\v4_workspace\soc-empty_3\protocol\bluetooth\lib\EFR32BG1B\GCC\libbluetooth.a(ll_hci.c.obj)
                0x000142e8                ll_hciSendLeAdvertisingReport
 .text.ll_hciHandleACL
                0x00014312       0x40 C:\Users\colto\SimplicityStudio\v4_workspace\soc-empty_3\protocol\bluetooth\lib\EFR32BG1B\GCC\libbluetooth.a(ll_hci.c.obj)
                0x00014312                ll_hciHandleACL
 *fill*         0x00014352        0x2 
 .text.ll_hciHandleMessage
                0x00014354       0x48 C:\Users\colto\SimplicityStudio\v4_workspace\soc-empty_3\protocol\bluetooth\lib\EFR32BG1B\GCC\libbluetooth.a(ll_hci.c.obj)
                0x00014354                ll_hciHandleMessage
 .text.ll_hciAclPacketReceived
                0x0001439c        0x4 C:\Users\colto\SimplicityStudio\v4_workspace\soc-empty_3\protocol\bluetooth\lib\EFR32BG1B\GCC\libbluetooth.a(ll_hci.c.obj)
                0x0001439c                ll_hciAclPacketReceived
 .text.ll_hciCmdSetExtendedAdvertisingData
                0x000143a0       0x40 C:\Users\colto\SimplicityStudio\v4_workspace\soc-empty_3\protocol\bluetooth\lib\EFR32BG1B\GCC\libbluetooth.a(ll_hci.c.obj)
                0x000143a0                ll_hciCmdSetExtendedAdvertisingData
 .text.ll_hciCmdSetExtendedScanResponseData
                0x000143e0       0x40 C:\Users\colto\SimplicityStudio\v4_workspace\soc-empty_3\protocol\bluetooth\lib\EFR32BG1B\GCC\libbluetooth.a(ll_hci.c.obj)
                0x000143e0                ll_hciCmdSetExtendedScanResponseData
 .text.ll_hciCmdSetExtendedAdvertisingEnable
                0x00014420       0x80 C:\Users\colto\SimplicityStudio\v4_workspace\soc-empty_3\protocol\bluetooth\lib\EFR32BG1B\GCC\libbluetooth.a(ll_hci.c.obj)
                0x00014420                ll_hciCmdSetExtendedAdvertisingEnable
 .text.ll_hciCmdSetAdvertisingSetRandomAddress
                0x000144a0       0x38 C:\Users\colto\SimplicityStudio\v4_workspace\soc-empty_3\protocol\bluetooth\lib\EFR32BG1B\GCC\libbluetooth.a(ll_hci.c.obj)
                0x000144a0                ll_hciCmdSetAdvertisingSetRandomAddress
 .text.ll_initPhy
                0x000144d8        0x2 C:\Users\colto\SimplicityStudio\v4_workspace\soc-empty_3\protocol\bluetooth\lib\EFR32BG1B\GCC\libbluetooth.a(ll_hci_phy.c.obj)
                0x000144d8                ll_initPhy
 *fill*         0x000144da        0x2 
 .text.ll_hciSendLePhyUpdateComplete
                0x000144dc       0x4c C:\Users\colto\SimplicityStudio\v4_workspace\soc-empty_3\protocol\bluetooth\lib\EFR32BG1B\GCC\libbluetooth.a(ll_hci_phy.c.obj)
                0x000144dc                ll_hciSendLePhyUpdateComplete
 .text.ll_hciCmdLeReadPhy
                0x00014528       0x60 C:\Users\colto\SimplicityStudio\v4_workspace\soc-empty_3\protocol\bluetooth\lib\EFR32BG1B\GCC\libbluetooth.a(ll_hci_phy.c.obj)
                0x00014528                ll_hciCmdLeReadPhy
 .text.ll_llcpCallbackLinkLost
                0x00014588        0x4 C:\Users\colto\SimplicityStudio\v4_workspace\soc-empty_3\protocol\bluetooth\lib\EFR32BG1B\GCC\libbluetooth.a(ll_llcp.c.obj)
 .text.ll_connIsSlave
                0x0001458c        0xc C:\Users\colto\SimplicityStudio\v4_workspace\soc-empty_3\protocol\bluetooth\lib\EFR32BG1B\GCC\libbluetooth.a(ll_llcp.c.obj)
 .text.ll_llcpCallbackRemoteTerminate
                0x00014598        0xc C:\Users\colto\SimplicityStudio\v4_workspace\soc-empty_3\protocol\bluetooth\lib\EFR32BG1B\GCC\libbluetooth.a(ll_llcp.c.obj)
 .text.ll_llcpCallbackLocalTerminate
                0x000145a4       0x18 C:\Users\colto\SimplicityStudio\v4_workspace\soc-empty_3\protocol\bluetooth\lib\EFR32BG1B\GCC\libbluetooth.a(ll_llcp.c.obj)
 .text.ll_llcpHandleEvent
                0x000145bc       0x42 C:\Users\colto\SimplicityStudio\v4_workspace\soc-empty_3\protocol\bluetooth\lib\EFR32BG1B\GCC\libbluetooth.a(ll_llcp.c.obj)
                0x000145bc                ll_llcpHandleEvent
 .text.ll_llcpSend
                0x000145fe       0x1a C:\Users\colto\SimplicityStudio\v4_workspace\soc-empty_3\protocol\bluetooth\lib\EFR32BG1B\GCC\libbluetooth.a(ll_llcp.c.obj)
                0x000145fe                ll_llcpSend
 .text.ll_llcpSendVersionInd
                0x00014618       0x40 C:\Users\colto\SimplicityStudio\v4_workspace\soc-empty_3\protocol\bluetooth\lib\EFR32BG1B\GCC\libbluetooth.a(ll_llcp.c.obj)
 .text.ll_llcpHandleFeatureReq
                0x00014658       0x3e C:\Users\colto\SimplicityStudio\v4_workspace\soc-empty_3\protocol\bluetooth\lib\EFR32BG1B\GCC\libbluetooth.a(ll_llcp.c.obj)
 .text.ll_llcpSendReject
                0x00014696       0x58 C:\Users\colto\SimplicityStudio\v4_workspace\soc-empty_3\protocol\bluetooth\lib\EFR32BG1B\GCC\libbluetooth.a(ll_llcp.c.obj)
                0x00014696                ll_llcpSendReject
 *fill*         0x000146ee        0x2 
 .text.ll_llcpGenericValidation
                0x000146f0       0x78 C:\Users\colto\SimplicityStudio\v4_workspace\soc-empty_3\protocol\bluetooth\lib\EFR32BG1B\GCC\libbluetooth.a(ll_llcp.c.obj)
                0x000146f0                ll_llcpGenericValidation
 .text.ll_llcpInitPacket
                0x00014768       0x14 C:\Users\colto\SimplicityStudio\v4_workspace\soc-empty_3\protocol\bluetooth\lib\EFR32BG1B\GCC\libbluetooth.a(ll_llcp.c.obj)
                0x00014768                ll_llcpInitPacket
 .text.ll_llcpEventKeyRequest
                0x0001477c       0x24 C:\Users\colto\SimplicityStudio\v4_workspace\soc-empty_3\protocol\bluetooth\lib\EFR32BG1B\GCC\libbluetooth.a(ll_llcp.c.obj)
                0x0001477c                ll_llcpEventKeyRequest
 .text.ll_connSetLlcpCallback
                0x000147a0       0x88 C:\Users\colto\SimplicityStudio\v4_workspace\soc-empty_3\protocol\bluetooth\lib\EFR32BG1B\GCC\libbluetooth.a(ll_llcp.c.obj)
                0x000147a0                ll_connSetLlcpCallback
 .text.ll_llcpConnectionUpdate_sender
                0x00014828       0xc0 C:\Users\colto\SimplicityStudio\v4_workspace\soc-empty_3\protocol\bluetooth\lib\EFR32BG1B\GCC\libbluetooth.a(ll_llcp.c.obj)
 .text.ll_llcpUpdateChannelMap_sender
                0x000148e8       0x70 C:\Users\colto\SimplicityStudio\v4_workspace\soc-empty_3\protocol\bluetooth\lib\EFR32BG1B\GCC\libbluetooth.a(ll_llcp.c.obj)
 .text.ll_llcpFeatureExchange_sender
                0x00014958       0x78 C:\Users\colto\SimplicityStudio\v4_workspace\soc-empty_3\protocol\bluetooth\lib\EFR32BG1B\GCC\libbluetooth.a(ll_llcp.c.obj)
 .text.ll_llcpReadVersionInformation_sender
                0x000149d0       0x2c C:\Users\colto\SimplicityStudio\v4_workspace\soc-empty_3\protocol\bluetooth\lib\EFR32BG1B\GCC\libbluetooth.a(ll_llcp.c.obj)
 .text.ll_llcpSendLengthReq_sender
                0x000149fc       0x6c C:\Users\colto\SimplicityStudio\v4_workspace\soc-empty_3\protocol\bluetooth\lib\EFR32BG1B\GCC\libbluetooth.a(ll_llcp.c.obj)
 .text.ll_llcpStartEncryption_sender
                0x00014a68      0x100 C:\Users\colto\SimplicityStudio\v4_workspace\soc-empty_3\protocol\bluetooth\lib\EFR32BG1B\GCC\libbluetooth.a(ll_llcp.c.obj)
 .text.ll_connClearLlcpCallback
                0x00014b68       0x3e C:\Users\colto\SimplicityStudio\v4_workspace\soc-empty_3\protocol\bluetooth\lib\EFR32BG1B\GCC\libbluetooth.a(ll_llcp.c.obj)
                0x00014b68                ll_connClearLlcpCallback
 .text.ll_llcpCallbackConnectionUpdateParams
                0x00014ba6       0x68 C:\Users\colto\SimplicityStudio\v4_workspace\soc-empty_3\protocol\bluetooth\lib\EFR32BG1B\GCC\libbluetooth.a(ll_llcp.c.obj)
 *fill*         0x00014c0e        0x2 
 .text.ll_llcpCallbackConnectionUpdatePreListen
                0x00014c10       0x4c C:\Users\colto\SimplicityStudio\v4_workspace\soc-empty_3\protocol\bluetooth\lib\EFR32BG1B\GCC\libbluetooth.a(ll_llcp.c.obj)
 .text.ll_llcpCallbackChannelMapUpdate
                0x00014c5c       0x48 C:\Users\colto\SimplicityStudio\v4_workspace\soc-empty_3\protocol\bluetooth\lib\EFR32BG1B\GCC\libbluetooth.a(ll_llcp.c.obj)
 .text.ll_llcpCallbackChannelMapUpdateMaster
                0x00014ca4       0x28 C:\Users\colto\SimplicityStudio\v4_workspace\soc-empty_3\protocol\bluetooth\lib\EFR32BG1B\GCC\libbluetooth.a(ll_llcp.c.obj)
 .text.ll_connAbortLlcp
                0x00014ccc       0x24 C:\Users\colto\SimplicityStudio\v4_workspace\soc-empty_3\protocol\bluetooth\lib\EFR32BG1B\GCC\libbluetooth.a(ll_llcp.c.obj)
                0x00014ccc                ll_connAbortLlcp
 .text.ll_llcpCommonTimeout.isra.1
                0x00014cf0       0x32 C:\Users\colto\SimplicityStudio\v4_workspace\soc-empty_3\protocol\bluetooth\lib\EFR32BG1B\GCC\libbluetooth.a(ll_llcp.c.obj)
 .text.ll_llcpCallbackLengthReqSent
                0x00014d22        0x4 C:\Users\colto\SimplicityStudio\v4_workspace\soc-empty_3\protocol\bluetooth\lib\EFR32BG1B\GCC\libbluetooth.a(ll_llcp.c.obj)
 .text.ll_llcpCallbackFeatureReqSent
                0x00014d26       0x26 C:\Users\colto\SimplicityStudio\v4_workspace\soc-empty_3\protocol\bluetooth\lib\EFR32BG1B\GCC\libbluetooth.a(ll_llcp.c.obj)
 .text.ll_llcpVersionExchange
                0x00014d4c        0x4 C:\Users\colto\SimplicityStudio\v4_workspace\soc-empty_3\protocol\bluetooth\lib\EFR32BG1B\GCC\libbluetooth.a(ll_llcp.c.obj)
 .text.ll_llcpCallbackEncryption
                0x00014d50       0x72 C:\Users\colto\SimplicityStudio\v4_workspace\soc-empty_3\protocol\bluetooth\lib\EFR32BG1B\GCC\libbluetooth.a(ll_llcp.c.obj)
 .text.ll_llcpLtkReply
                0x00014dc2       0x72 C:\Users\colto\SimplicityStudio\v4_workspace\soc-empty_3\protocol\bluetooth\lib\EFR32BG1B\GCC\libbluetooth.a(ll_llcp.c.obj)
                0x00014dc2                ll_llcpLtkReply
 .text.ll_llcpDisconnect
                0x00014e34       0x80 C:\Users\colto\SimplicityStudio\v4_workspace\soc-empty_3\protocol\bluetooth\lib\EFR32BG1B\GCC\libbluetooth.a(ll_llcp.c.obj)
                0x00014e34                ll_llcpDisconnect
 .text.ll_llcpLinkLost
                0x00014eb4       0x3c C:\Users\colto\SimplicityStudio\v4_workspace\soc-empty_3\protocol\bluetooth\lib\EFR32BG1B\GCC\libbluetooth.a(ll_llcp.c.obj)
                0x00014eb4                ll_llcpLinkLost
 .text.ll_llcpCheckInstant
                0x00014ef0       0x22 C:\Users\colto\SimplicityStudio\v4_workspace\soc-empty_3\protocol\bluetooth\lib\EFR32BG1B\GCC\libbluetooth.a(ll_llcp.c.obj)
                0x00014ef0                ll_llcpCheckInstant
 *fill*         0x00014f12        0x2 
 .text.ll_llcpHandlePacketCommon
                0x00014f14      0x280 C:\Users\colto\SimplicityStudio\v4_workspace\soc-empty_3\protocol\bluetooth\lib\EFR32BG1B\GCC\libbluetooth.a(ll_llcp.c.obj)
                0x00014f14                ll_llcpHandlePacketCommon
 .text.ll_llcpHandlePacketMaster
                0x00015194      0x104 C:\Users\colto\SimplicityStudio\v4_workspace\soc-empty_3\protocol\bluetooth\lib\EFR32BG1B\GCC\libbluetooth.a(ll_llcp.c.obj)
                0x00015194                ll_llcpHandlePacketMaster
 .text.ll_llcpHandlePacketSlave
                0x00015298      0x214 C:\Users\colto\SimplicityStudio\v4_workspace\soc-empty_3\protocol\bluetooth\lib\EFR32BG1B\GCC\libbluetooth.a(ll_llcp.c.obj)
                0x00015298                ll_llcpHandlePacketSlave
 .text.ll_llcpHandlePacket
                0x000154ac       0x2c C:\Users\colto\SimplicityStudio\v4_workspace\soc-empty_3\protocol\bluetooth\lib\EFR32BG1B\GCC\libbluetooth.a(ll_llcp.c.obj)
                0x000154ac                ll_llcpHandlePacket
 .text.ll_llcpGetInstantProcedure
                0x000154d8       0x28 C:\Users\colto\SimplicityStudio\v4_workspace\soc-empty_3\protocol\bluetooth\lib\EFR32BG1B\GCC\libbluetooth.a(ll_llcp.c.obj)
                0x000154d8                ll_llcpGetInstantProcedure
 .text.ll_llcpGetNextEvent
                0x00015500       0x58 C:\Users\colto\SimplicityStudio\v4_workspace\soc-empty_3\protocol\bluetooth\lib\EFR32BG1B\GCC\libbluetooth.a(ll_llcp.c.obj)
                0x00015500                ll_llcpGetNextEvent
 .text.ll_startOrQueueProcedure
                0x00015558       0x5a C:\Users\colto\SimplicityStudio\v4_workspace\soc-empty_3\protocol\bluetooth\lib\EFR32BG1B\GCC\libbluetooth.a(ll_llcp.c.obj)
                0x00015558                ll_startOrQueueProcedure
 *fill*         0x000155b2        0x2 
 .text.ll_llcpConnectionUpdate
                0x000155b4       0x30 C:\Users\colto\SimplicityStudio\v4_workspace\soc-empty_3\protocol\bluetooth\lib\EFR32BG1B\GCC\libbluetooth.a(ll_llcp.c.obj)
                0x000155b4                ll_llcpConnectionUpdate
 .text.ll_llcpUpdateChannelMap
                0x000155e4        0xc C:\Users\colto\SimplicityStudio\v4_workspace\soc-empty_3\protocol\bluetooth\lib\EFR32BG1B\GCC\libbluetooth.a(ll_llcp.c.obj)
                0x000155e4                ll_llcpUpdateChannelMap
 .text.ll_llcpFeatureExchange
                0x000155f0       0x4c C:\Users\colto\SimplicityStudio\v4_workspace\soc-empty_3\protocol\bluetooth\lib\EFR32BG1B\GCC\libbluetooth.a(ll_llcp.c.obj)
                0x000155f0                ll_llcpFeatureExchange
 .text.ll_llcpReadVersionInformation
                0x0001563c       0x48 C:\Users\colto\SimplicityStudio\v4_workspace\soc-empty_3\protocol\bluetooth\lib\EFR32BG1B\GCC\libbluetooth.a(ll_llcp.c.obj)
                0x0001563c                ll_llcpReadVersionInformation
 .text.ll_llcpSendLengthReq
                0x00015684       0x34 C:\Users\colto\SimplicityStudio\v4_workspace\soc-empty_3\protocol\bluetooth\lib\EFR32BG1B\GCC\libbluetooth.a(ll_llcp.c.obj)
                0x00015684                ll_llcpSendLengthReq
 .text.ll_llcpStartEncryption
                0x000156b8       0x30 C:\Users\colto\SimplicityStudio\v4_workspace\soc-empty_3\protocol\bluetooth\lib\EFR32BG1B\GCC\libbluetooth.a(ll_llcp.c.obj)
                0x000156b8                ll_llcpStartEncryption
 .text.ll_llcpClean
                0x000156e8       0x34 C:\Users\colto\SimplicityStudio\v4_workspace\soc-empty_3\protocol\bluetooth\lib\EFR32BG1B\GCC\libbluetooth.a(ll_llcp.c.obj)
                0x000156e8                ll_llcpClean
 .text.llcp_HandleQueue
                0x0001571c       0x40 C:\Users\colto\SimplicityStudio\v4_workspace\soc-empty_3\protocol\bluetooth\lib\EFR32BG1B\GCC\libbluetooth.a(ll_llcp.c.obj)
                0x0001571c                llcp_HandleQueue
 .text.getSupportedPhys
                0x0001575c       0x24 C:\Users\colto\SimplicityStudio\v4_workspace\soc-empty_3\protocol\bluetooth\lib\EFR32BG1B\GCC\libbluetooth.a(ll_llcp_phy.c.obj)
 .text.phyUpdateComplete.isra.0
                0x00015780       0x62 C:\Users\colto\SimplicityStudio\v4_workspace\soc-empty_3\protocol\bluetooth\lib\EFR32BG1B\GCC\libbluetooth.a(ll_llcp_phy.c.obj)
 .text.ll_llcpCallbackPhyUpdate
                0x000157e2       0x4a C:\Users\colto\SimplicityStudio\v4_workspace\soc-empty_3\protocol\bluetooth\lib\EFR32BG1B\GCC\libbluetooth.a(ll_llcp_phy.c.obj)
                0x000157e2                ll_llcpCallbackPhyUpdate
 .text.ll_llcpUpdatePhyAtInstant