Archive member included to satisfy reference by file (symbol)

C:\Users\colto\SimplicityStudio\v4_workspace\testt\protocol\bluetooth\lib\EFR32BG1B\GCC\libbluetooth.a(bgapi.c.obj)
                              ./app.o (gecko_cmd_msg_buf)
C:\Users\colto\SimplicityStudio\v4_workspace\testt\protocol\bluetooth\lib\EFR32BG1B\GCC\libbluetooth.a(bglib.c.obj)
                              ./app.o (gecko_wait_event)
C:\Users\colto\SimplicityStudio\v4_workspace\testt\protocol\bluetooth\lib\EFR32BG1B\GCC\libbluetooth.a(gecko_endpoints.c.obj)
                              C:\Users\colto\SimplicityStudio\v4_workspace\testt\protocol\bluetooth\lib\EFR32BG1B\GCC\libbluetooth.a(bglib.c.obj) (gecko_release_evt)
C:\Users\colto\SimplicityStudio\v4_workspace\testt\protocol\bluetooth\lib\EFR32BG1B\GCC\libbluetooth.a(init.c.obj)
                              C:\Users\colto\SimplicityStudio\v4_workspace\testt\protocol\bluetooth\lib\EFR32BG1B\GCC\libbluetooth.a(bglib.c.obj) (bg_radio_init)
C:\Users\colto\SimplicityStudio\v4_workspace\testt\protocol\bluetooth\lib\EFR32BG1B\GCC\libbluetooth.a(ll_task.c.obj)
                              C:\Users\colto\SimplicityStudio\v4_workspace\testt\protocol\bluetooth\lib\EFR32BG1B\GCC\libbluetooth.a(bglib.c.obj) (ll_task_init)
C:\Users\colto\SimplicityStudio\v4_workspace\testt\protocol\bluetooth\lib\EFR32BG1B\GCC\libbluetooth.a(ll_to_hci.c.obj)
                              C:\Users\colto\SimplicityStudio\v4_workspace\testt\protocol\bluetooth\lib\EFR32BG1B\GCC\libbluetooth.a(init.c.obj) (bgll_init)
C:\Users\colto\SimplicityStudio\v4_workspace\testt\protocol\bluetooth\lib\EFR32BG1B\GCC\libbluetooth.a(pskeys.c.obj)
                              C:\Users\colto\SimplicityStudio\v4_workspace\testt\protocol\bluetooth\lib\EFR32BG1B\GCC\libbluetooth.a(bglib.c.obj) (ecode2bg)
C:\Users\colto\SimplicityStudio\v4_workspace\testt\protocol\bluetooth\lib\EFR32BG1B\GCC\libbluetooth.a(ll_init.c.obj)
                              C:\Users\colto\SimplicityStudio\v4_workspace\testt\protocol\bluetooth\lib\EFR32BG1B\GCC\libbluetooth.a(ll_task.c.obj) (BTLE_LL_Process)
C:\Users\colto\SimplicityStudio\v4_workspace\testt\protocol\bluetooth\lib\EFR32BG1B\GCC\libbluetooth.a(ll_adv.c.obj)
                              C:\Users\colto\SimplicityStudio\v4_workspace\testt\protocol\bluetooth\lib\EFR32BG1B\GCC\libbluetooth.a(ll_init.c.obj) (ll_advAllocMem)
C:\Users\colto\SimplicityStudio\v4_workspace\testt\protocol\bluetooth\lib\EFR32BG1B\GCC\libbluetooth.a(ll_adv_ext-stubs.c.obj)
                              C:\Users\colto\SimplicityStudio\v4_workspace\testt\protocol\bluetooth\lib\EFR32BG1B\GCC\libbluetooth.a(ll_init.c.obj) (ll_advExtSyncEventHandler)
C:\Users\colto\SimplicityStudio\v4_workspace\testt\protocol\bluetooth\lib\EFR32BG1B\GCC\libbluetooth.a(ll_adv_sync-stubs.c.obj)
                              C:\Users\colto\SimplicityStudio\v4_workspace\testt\protocol\bluetooth\lib\EFR32BG1B\GCC\libbluetooth.a(bglib.c.obj) (ll_allocPeriodicAdv)
C:\Users\colto\SimplicityStudio\v4_workspace\testt\protocol\bluetooth\lib\EFR32BG1B\GCC\libbluetooth.a(ll_aox-stubs.c.obj)
                              C:\Users\colto\SimplicityStudio\v4_workspace\testt\protocol\bluetooth\lib\EFR32BG1B\GCC\libbluetooth.a(ll_init.c.obj) (ll_aoxEvent)
C:\Users\colto\SimplicityStudio\v4_workspace\testt\protocol\bluetooth\lib\EFR32BG1B\GCC\libbluetooth.a(ll_channelmap.c.obj)
                              C:\Users\colto\SimplicityStudio\v4_workspace\testt\protocol\bluetooth\lib\EFR32BG1B\GCC\libbluetooth.a(ll_init.c.obj) (ll_channelmapEvent)
C:\Users\colto\SimplicityStudio\v4_workspace\testt\protocol\bluetooth\lib\EFR32BG1B\GCC\libbluetooth.a(ll_conn.c.obj)
                              C:\Users\colto\SimplicityStudio\v4_workspace\testt\protocol\bluetooth\lib\EFR32BG1B\GCC\libbluetooth.a(ll_init.c.obj) (ll_connGetByHandle)
C:\Users\colto\SimplicityStudio\v4_workspace\testt\protocol\bluetooth\lib\EFR32BG1B\GCC\libbluetooth.a(ll_conn_enc.c.obj)
                              C:\Users\colto\SimplicityStudio\v4_workspace\testt\protocol\bluetooth\lib\EFR32BG1B\GCC\libbluetooth.a(ll_init.c.obj) (ll_connEncryptionInit)
C:\Users\colto\SimplicityStudio\v4_workspace\testt\protocol\bluetooth\lib\EFR32BG1B\GCC\libbluetooth.a(ll_hci.c.obj)
                              C:\Users\colto\SimplicityStudio\v4_workspace\testt\protocol\bluetooth\lib\EFR32BG1B\GCC\libbluetooth.a(ll_init.c.obj) (ll_hciInit)
C:\Users\colto\SimplicityStudio\v4_workspace\testt\protocol\bluetooth\lib\EFR32BG1B\GCC\libbluetooth.a(ll_hci_phy.c.obj)
                              C:\Users\colto\SimplicityStudio\v4_workspace\testt\protocol\bluetooth\lib\EFR32BG1B\GCC\libbluetooth.a(init.c.obj) (ll_initPhy)
C:\Users\colto\SimplicityStudio\v4_workspace\testt\protocol\bluetooth\lib\EFR32BG1B\GCC\libbluetooth.a(ll_llcp.c.obj)
                              C:\Users\colto\SimplicityStudio\v4_workspace\testt\protocol\bluetooth\lib\EFR32BG1B\GCC\libbluetooth.a(ll_conn.c.obj) (ll_llcpHandleEvent)
[...]
Memory Configuration

Name             Origin             Length             Attributes
FLASH_BOOTLOADER 0x00000000         0x00004000         xr
FLASH            0x00004000         0x0003c000         xr
RAM              0x20000000         0x00007c00         xrw
*default*        0x00000000         0xffffffff

Linker script and memory map

LOAD c:/siliconlabs/simplicitystudio/v4/developer/toolchains/gnu_arm/7.2_2017q4/bin/../lib/gcc/arm-none-eabi/7.2.1/thumb/v7e-m/fpv4-sp/softfp/crti.o
LOAD c:/siliconlabs/simplicitystudio/v4/developer/toolchains/gnu_arm/7.2_2017q4/bin/../lib/gcc/arm-none-eabi/7.2.1/thumb/v7e-m/fpv4-sp/softfp/crtbegin.o
LOAD c:/siliconlabs/simplicitystudio/v4/developer/toolchains/gnu_arm/7.2_2017q4/bin/../lib/gcc/arm-none-eabi/7.2.1/../../../../arm-none-eabi/lib/thumb/v7e-m/fpv4-sp/softfp/crt0.o
START GROUP
LOAD ./app/bluetooth/common/util/infrastructure.o
LOAD ./app.o
LOAD ./application_properties.o
LOAD ./gatt_db.o
LOAD ./init_app.o
LOAD ./init_board_efr32xg1.o
LOAD ./init_mcu_efr32xg1.o
LOAD ./main.o
LOAD ./hardware/kit/common/bsp/bsp_stk.o
LOAD ./hardware/kit/common/drivers/retargetio.o
LOAD ./hardware/kit/common/drivers/retargetserial.o
LOAD ./platform/Device/SiliconLabs/BGM1/Source/GCC/startup_bgm1.o
LOAD ./platform/Device/SiliconLabs/BGM1/Source/system_bgm1.o
LOAD ./platform/emdrv/sleep/src/sleep.o
LOAD ./platform/emdrv/tempdrv/src/tempdrv.o
LOAD ./platform/emlib/src/em_assert.o
LOAD ./platform/emlib/src/em_burtc.o
LOAD ./platform/emlib/src/em_cmu.o
LOAD ./platform/emlib/src/em_core.o
LOAD ./platform/emlib/src/em_cryotimer.o
LOAD ./platform/emlib/src/em_crypto.o
LOAD ./platform/emlib/src/em_emu.o
LOAD ./platform/emlib/src/em_gpio.o
LOAD ./platform/emlib/src/em_i2c.o
LOAD ./platform/emlib/src/em_msc.o
LOAD ./platform/emlib/src/em_rmu.o
LOAD ./platform/emlib/src/em_rtcc.o
LOAD ./platform/emlib/src/em_se.o
LOAD ./platform/emlib/src/em_system.o
LOAD ./platform/emlib/src/em_timer.o
LOAD ./platform/emlib/src/em_usart.o
LOAD C:\Users\colto\SimplicityStudio\v4_workspace\testt\protocol\bluetooth\lib\EFR32BG1B\GCC\libpsstore.a
LOAD C:\Users\colto\SimplicityStudio\v4_workspace\testt\protocol\bluetooth\lib\EFR32BG1B\GCC\binapploader.o
LOAD C:\Users\colto\SimplicityStudio\v4_workspace\testt\protocol\bluetooth\lib\EFR32BG1B\GCC\libmbedtls.a
LOAD C:\Users\colto\SimplicityStudio\v4_workspace\testt\platform\radio\rail_lib\autogen\librail_release\librail_module_efr32xg1_gcc_release.a
LOAD C:\Users\colto\SimplicityStudio\v4_workspace\testt\protocol\bluetooth\lib\EFR32BG1B\GCC\libbluetooth.a
LOAD C:\Users\colto\SimplicityStudio\v4_workspace\testt\platform\radio\rail_lib\autogen\librail_release\librail_config_bgm113a256v2_gcc.a
LOAD c:/siliconlabs/simplicitystudio/v4/developer/toolchains/gnu_arm/7.2_2017q4/bin/../lib/gcc/arm-none-eabi/7.2.1/../../../../arm-none-eabi/lib/thumb/v7e-m/fpv4-sp/softfp\libm.a
END GROUP
START GROUP
LOAD c:/siliconlabs/simplicitystudio/v4/developer/toolchains/gnu_arm/7.2_2017q4/bin/../lib/gcc/arm-none-eabi/7.2.1/thumb/v7e-m/fpv4-sp/softfp\libgcc.a
LOAD c:/siliconlabs/simplicitystudio/v4/developer/toolchains/gnu_arm/7.2_2017q4/bin/../lib/gcc/arm-none-eabi/7.2.1/../../../../arm-none-eabi/lib/thumb/v7e-m/fpv4-sp/softfp\libc_nano.a
LOAD c:/siliconlabs/simplicitystudio/v4/developer/toolchains/gnu_arm/7.2_2017q4/bin/../lib/gcc/arm-none-eabi/7.2.1/../../../../arm-none-eabi/lib/thumb/v7e-m/fpv4-sp/softfp\libnosys.a
END GROUP
START GROUP
LOAD c:/siliconlabs/simplicitystudio/v4/developer/toolchains/gnu_arm/7.2_2017q4/bin/../lib/gcc/arm-none-eabi/7.2.1/thumb/v7e-m/fpv4-sp/softfp\libgcc.a
LOAD c:/siliconlabs/simplicitystudio/v4/developer/toolchains/gnu_arm/7.2_2017q4/bin/../lib/gcc/arm-none-eabi/7.2.1/../../../../arm-none-eabi/lib/thumb/v7e-m/fpv4-sp/softfp\libg_nano.a
LOAD c:/siliconlabs/simplicitystudio/v4/developer/toolchains/gnu_arm/7.2_2017q4/bin/../lib/gcc/arm-none-eabi/7.2.1/../../../../arm-none-eabi/lib/thumb/v7e-m/fpv4-sp/softfp\libc_nano.a
END GROUP
START GROUP
LOAD c:/siliconlabs/simplicitystudio/v4/developer/toolchains/gnu_arm/7.2_2017q4/bin/../lib/gcc/arm-none-eabi/7.2.1/thumb/v7e-m/fpv4-sp/softfp\libgcc.a
LOAD c:/siliconlabs/simplicitystudio/v4/developer/toolchains/gnu_arm/7.2_2017q4/bin/../lib/gcc/arm-none-eabi/7.2.1/../../../../arm-none-eabi/lib/thumb/v7e-m/fpv4-sp/softfp\libc_nano.a
END GROUP
LOAD c:/siliconlabs/simplicitystudio/v4/developer/toolchains/gnu_arm/7.2_2017q4/bin/../lib/gcc/arm-none-eabi/7.2.1/thumb/v7e-m/fpv4-sp/softfp/crtend.o
LOAD c:/siliconlabs/simplicitystudio/v4/developer/toolchains/gnu_arm/7.2_2017q4/bin/../lib/gcc/arm-none-eabi/7.2.1/thumb/v7e-m/fpv4-sp/softfp/crtn.o

.text_bootloader
                0x00000000        0x0
 *(.binbootloader*)
                0x00000000                . = ALIGN (0x4000)

.text_apploader
                0x00004000     0x97c0
 *(.binapploader*)
 .binapploader  0x00004000     0x97c0 C:\Users\colto\SimplicityStudio\v4_workspace\testt\protocol\bluetooth\lib\EFR32BG1B\GCC\binapploader.o

.text_signature
                0x0000d7c0       0x40
                0x0000d800                . = ALIGN (0x800)
 *fill*         0x0000d7c0       0x40 
                0x0000d800                __text_start__ = .

.text_application
                0x0000d800    0x1eae4
 *(.vectors)
 .vectors       0x0000d800       0xc8 ./platform/Device/SiliconLabs/BGM1/Source/GCC/startup_bgm1.o
                0x0000d800                __Vectors
                0x0000d8c8                __Vectors_End = .
                0x000000c8                __Vectors_Size = (__Vectors_End - __Vectors)
                0x0000d8c8                __end__ = .
 *(.application_properties)
 .application_properties
                0x0000d8c8       0x40 ./application_properties.o
                0x0000d8c8                applicationProperties
 *(.gecko_configuration)
 *(.xo_configuration)
 *(.gatt_header)
 .gatt_header   0x0000d908       0x34 ./gatt_db.o
                0x0000d908                bg_gattdb_data
 *(.gatt_data)
 .gatt_data     0x0000d93c      0x22e ./gatt_db.o
                0x0000d93c                bg_gattdb_data_adv_uuid128_map
                0x0000d940                bg_gattdb_data_adv_uuid16_map
                0x0000d944                bg_gattdb_data_attributes_dynamic_mapping_map
                0x0000d950                bg_gattdb_data_attributes_map
                0x0000da64                bg_gattdb_data_attribute_field_0
                0x0000da68                bg_gattdb_data_attribute_field_1
                0x0000da70                bg_gattdb_data_attribute_field_2
                0x0000da78                bg_gattdb_data_attribute_field_4
                0x0000da80                bg_gattdb_data_attribute_field_5
                0x0000da88                bg_gattdb_data_attribute_field_6
                0x0000da90                bg_gattdb_data_attribute_field_7
                0x0000da98                bg_gattdb_data_attribute_field_8
                0x0000da9c                bg_gattdb_data_attribute_field_9
                0x0000daa4                bg_gattdb_data_attribute_field_10
                0x0000daac                bg_gattdb_data_attribute_field_11
                0x0000dab4                bg_gattdb_data_attribute_field_12
                0x0000dab8                bg_gattdb_data_attribute_field_13
                0x0000dabc                bg_gattdb_data_attribute_field_14
                0x0000dac4                bg_gattdb_data_attribute_field_15
                0x0000dad4                bg_gattdb_data_attribute_field_16
                0x0000dadc                bg_gattdb_data_attribute_field_17
                0x0000dae8                bg_gattdb_data_attribute_field_18
                0x0000daf0                bg_gattdb_data_attribute_field_19
                0x0000daf8                bg_gattdb_data_attribute_field_20
                0x0000db0c                bg_gattdb_data_attribute_field_21
                0x0000db24                bg_gattdb_data_attribute_field_22
                0x0000db2c                bg_gattdb_data_uuidtable_128_map
                0x0000db4c                bg_gattdb_data_uuidtable_16_map
 *(.text*)
 *fill*         0x0000db6a        0x2 
 .text          0x0000db6c       0x40 c:/siliconlabs/simplicitystudio/v4/developer/toolchains/gnu_arm/7.2_2017q4/bin/../lib/gcc/arm-none-eabi/7.2.1/thumb/v7e-m/fpv4-sp/softfp/crtbegin.o
 .text          0x0000dbac       0x74 c:/siliconlabs/simplicitystudio/v4/developer/toolchains/gnu_arm/7.2_2017q4/bin/../lib/gcc/arm-none-eabi/7.2.1/../../../../arm-none-eabi/lib/thumb/v7e-m/fpv4-sp/softfp/crt0.o
                0x0000dbac                _start
                0x0000dbac                _mainCRTStartup
 .text.appMain  0x0000dc20      0x1bc ./app.o
                0x0000dc20                appMain
 .text.initApp  0x0000dddc        0x4 ./init_app.o
                0x0000dddc                initApp
 .text.initBoard
                0x0000dde0       0x20 ./init_board_efr32xg1.o
                0x0000dde0                initBoard
 .text.initMcu  0x0000de00      0x18c ./init_mcu_efr32xg1.o
                0x0000de00                initMcu
 .text.startup.main
                0x0000df8c       0x1c ./main.o
                0x0000df8c                main
 .text._exit    0x0000dfa8        0x4 ./hardware/kit/common/drivers/retargetio.o
                0x0000dfa8                _exit
 .text._sbrk    0x0000dfac       0x1c ./hardware/kit/common/drivers/retargetio.o
                0x0000dfac                _sbrk
 .text.USART0_RX_IRQHandler
                0x0000dfc8       0x54 ./hardware/kit/common/drivers/retargetserial.o
                0x0000dfc8                USART0_RX_IRQHandler
 .text.Default_Handler
                0x0000e01c        0x4 ./platform/Device/SiliconLabs/BGM1/Source/GCC/startup_bgm1.o
                0x0000e01c                DebugMon_Handler
                0x0000e01c                USART0_TX_IRQHandler
                0x0000e01c                I2C0_IRQHandler
                0x0000e01c                HardFault_Handler
                0x0000e01c                SysTick_Handler
                0x0000e01c                USART1_RX_IRQHandler
                0x0000e01c                PendSV_Handler
                0x0000e01c                NMI_Handler
                0x0000e01c                WDOG0_IRQHandler
                0x0000e01c                USART1_TX_IRQHandler
                0x0000e01c                MSC_IRQHandler
                0x0000e01c                ADC0_IRQHandler
                0x0000e01c                UsageFault_Handler
                0x0000e01c                LEUART0_IRQHandler
                0x0000e01c                FPUEH_IRQHandler
                0x0000e01c                GPIO_EVEN_IRQHandler
                0x0000e01c                LDMA_IRQHandler
                0x0000e01c                TIMER0_IRQHandler
                0x0000e01c                LETIMER0_IRQHandler
                0x0000e01c                TIMER1_IRQHandler
                0x0000e01c                Default_Handler
                0x0000e01c                CRYOTIMER_IRQHandler
                0x0000e01c                PCNT0_IRQHandler
                0x0000e01c                ACMP0_IRQHandler
                0x0000e01c                MemManage_Handler
                0x0000e01c                SVC_Handler
                0x0000e01c                RTCC_IRQHandler
                0x0000e01c                CRYPTO_IRQHandler
                0x0000e01c                CMU_IRQHandler
                0x0000e01c                GPIO_ODD_IRQHandler
                0x0000e01c                BusFault_Handler
                0x0000e01c                IDAC0_IRQHandler
 .text.Reset_Handler
                0x0000e020       0x2c ./platform/Device/SiliconLabs/BGM1/Source/GCC/startup_bgm1.o
                0x0000e020                Reset_Handler
 .text.SystemMaxCoreClockGet
                0x0000e04c        0x8 ./platform/Device/SiliconLabs/BGM1/Source/system_bgm1.o
                0x0000e04c                SystemMaxCoreClockGet
 .text.SystemHFClockGet
                0x0000e054       0x50 ./platform/Device/SiliconLabs/BGM1/Source/system_bgm1.o
                0x0000e054                SystemHFClockGet
 .text.SystemCoreClockGet
                0x0000e0a4       0x24 ./platform/Device/SiliconLabs/BGM1/Source/system_bgm1.o
                0x0000e0a4                SystemCoreClockGet
 .text.SystemHFXOClockGet
                0x0000e0c8        0xc ./platform/Device/SiliconLabs/BGM1/Source/system_bgm1.o
                0x0000e0c8                SystemHFXOClockGet
 .text.SystemHFXOClockSet
                0x0000e0d4       0x3c ./platform/Device/SiliconLabs/BGM1/Source/system_bgm1.o
                0x0000e0d4                SystemHFXOClockSet
 .text.SystemInit
                0x0000e110       0x54 ./platform/Device/SiliconLabs/BGM1/Source/system_bgm1.o
                0x0000e110                SystemInit
 .text.SystemLFRCOClockGet
                0x0000e164        0x8 ./platform/Device/SiliconLabs/BGM1/Source/system_bgm1.o
                0x0000e164                SystemLFRCOClockGet
 .text.SystemULFRCOClockGet
                0x0000e16c        0x8 ./platform/Device/SiliconLabs/BGM1/Source/system_bgm1.o
                0x0000e16c                SystemULFRCOClockGet
 .text.SystemLFXOClockGet
                0x0000e174        0xc ./platform/Device/SiliconLabs/BGM1/Source/system_bgm1.o
                0x0000e174                SystemLFXOClockGet
 .text.SystemLFXOClockSet
                0x0000e180       0x3c ./platform/Device/SiliconLabs/BGM1/Source/system_bgm1.o
                0x0000e180                SystemLFXOClockSet
 .text.sleepCallbackWrapper
                0x0000e1bc       0x14 ./platform/emdrv/sleep/src/sleep.o
 .text.enterEMx
                0x0000e1d0       0x54 ./platform/emdrv/sleep/src/sleep.o
 .text.SLEEP_Init
                0x0000e224       0x40 ./platform/emdrv/sleep/src/sleep.o
                0x0000e224                SLEEP_Init
 .text.SLEEP_Sleep
                0x0000e264       0x70 ./platform/emdrv/sleep/src/sleep.o
                0x0000e264                SLEEP_Sleep
 .text.SLEEP_SleepBlockBegin
                0x0000e2d4       0x18 ./platform/emdrv/sleep/src/sleep.o
                0x0000e2d4                SLEEP_SleepBlockBegin
 .text.SLEEP_SleepBlockEnd
                0x0000e2ec       0x1c ./platform/emdrv/sleep/src/sleep.o
                0x0000e2ec                SLEEP_SleepBlockEnd
 .text.SLEEP_LowestEnergyModeGet
                0x0000e308       0x1c ./platform/emdrv/sleep/src/sleep.o
                0x0000e308                SLEEP_LowestEnergyModeGet
 .text.updateInterrupts
                0x0000e324       0xcc ./platform/emdrv/tempdrv/src/tempdrv.o
 .text.errataStateUpdate
                0x0000e3f0       0xc0 ./platform/emdrv/tempdrv/src/tempdrv.o
 .text.errataCallback
                0x0000e4b0        0x4 ./platform/emdrv/tempdrv/src/tempdrv.o
 .text.TEMPDRV_IRQHandler
                0x0000e4b4       0x9c ./platform/emdrv/tempdrv/src/tempdrv.o
                0x0000e4b4                TEMPDRV_IRQHandler
 .text.EMU_IRQHandler
                0x0000e550        0x4 ./platform/emdrv/tempdrv/src/tempdrv.o
                0x0000e550                EMU_IRQHandler
 .text.TEMPDRV_Init
                0x0000e554      0x120 ./platform/emdrv/tempdrv/src/tempdrv.o
                0x0000e554                TEMPDRV_Init
 .text.flashWaitStateMax
                0x0000e674       0x48 ./platform/emlib/src/em_cmu.o
 .text.CMU_OscillatorTuningSet.part.3
                0x0000e6bc       0x3c ./platform/emlib/src/em_cmu.o
 .text.CMU_ClockEnable
                0x0000e6f8       0x94 ./platform/emlib/src/em_cmu.o
                0x0000e6f8                CMU_ClockEnable
 .text.CMU_ClockSelectGet
                0x0000e78c       0xc4 ./platform/emlib/src/em_cmu.o
                0x0000e78c                CMU_ClockSelectGet
 .text.lfClkGet
                0x0000e850       0x94 ./platform/emlib/src/em_cmu.o
 .text.CMU_ClockFreqGet
                0x0000e8e4      0x178 ./platform/emlib/src/em_cmu.o
                0x0000e8e4                CMU_ClockFreqGet
 .text.CMU_OscillatorTuningWait
                0x0000ea5c       0x48 ./platform/emlib/src/em_cmu.o
                0x0000ea5c                CMU_OscillatorTuningWait
 .text.CMU_OscillatorEnable
                0x0000eaa4      0x118 ./platform/emlib/src/em_cmu.o
                0x0000eaa4                CMU_OscillatorEnable
 .text.CMU_ClockSelectSet
                0x0000ebbc      0x240 ./platform/emlib/src/em_cmu.o
                0x0000ebbc                CMU_ClockSelectSet
 .text.CMU_HFXOAutostartEnable
                0x0000edfc       0xc8 ./platform/emlib/src/em_cmu.o
                0x0000edfc                CMU_HFXOAutostartEnable
 .text.CMU_HFXOInit
                0x0000eec4       0x88 ./platform/emlib/src/em_cmu.o
                0x0000eec4                CMU_HFXOInit
 .text.CMU_LFXOInit
                0x0000ef4c       0x44 ./platform/emlib/src/em_cmu.o
                0x0000ef4c                CMU_LFXOInit
 .text.CORE_EnterCritical
                0x0000ef90        0x8 ./platform/emlib/src/em_core.o
                0x0000ef90                CORE_EnterCritical
 .text.CORE_ExitCritical
                0x0000ef98        0x8 ./platform/emlib/src/em_core.o
                0x0000ef98                CORE_ExitCritical
 .text.CORE_EnterAtomic
                0x0000efa0        0x8 ./platform/emlib/src/em_core.o
                0x0000efa0                CORE_EnterAtomic
 .text.CORE_ExitAtomic
                0x0000efa8        0x4 ./platform/emlib/src/em_core.o
                0x0000efa8                CORE_ExitAtomic
 .text.CORE_SetNvicRamTableHandler
                0x0000efac       0x10 ./platform/emlib/src/em_core.o
                0x0000efac                CORE_SetNvicRamTableHandler
 .text.CORE_InitNvicVectorTable
                0x0000efbc       0x44 ./platform/emlib/src/em_core.o
                0x0000efbc                CORE_InitNvicVectorTable
 .text.CRYPTO_ModulusSet
                0x0000f000       0x38 ./platform/emlib/src/em_crypto.o
                0x0000f000                CRYPTO_ModulusSet
 .text.CRYPTO_KeyRead
                0x0000f038       0x2c ./platform/emlib/src/em_crypto.o
                0x0000f038                CRYPTO_KeyRead
 .text.currentLimitersUpdate
                0x0000f064       0x74 ./platform/emlib/src/em_emu.o
 .text.dcdcHsFixLnBlock.part.0
                0x0000f0d8       0x30 ./platform/emlib/src/em_emu.o
 .text.dcdcFetCntSet.part.1
                0x0000f108       0x20 ./platform/emlib/src/em_emu.o
 .text.emState.part.2
                0x0000f128       0x24 ./platform/emlib/src/em_emu.o
 .text.emState.constprop.5
                0x0000f14c       0x50 ./platform/emlib/src/em_emu.o
 .text.EMU_EnterEM2
                0x0000f19c       0x5c ./platform/emlib/src/em_emu.o
                0x0000f19c                EMU_EnterEM2
 .text.EMU_EnterEM3
                0x0000f1f8       0x80 ./platform/emlib/src/em_emu.o
                0x0000f1f8                EMU_EnterEM3
 .text.EMU_Save
                0x0000f278        0x4 ./platform/emlib/src/em_emu.o
                0x0000f278                EMU_Save
 .text.EMU_Restore
                0x0000f27c        0x4 ./platform/emlib/src/em_emu.o
                0x0000f27c                EMU_Restore
 .text.EMU_DCDCModeSet
                0x0000f280       0x64 ./platform/emlib/src/em_emu.o
                0x0000f280                EMU_DCDCModeSet
 .text.EMU_EnterEM4
                0x0000f2e4       0x98 ./platform/emlib/src/em_emu.o
                0x0000f2e4                EMU_EnterEM4
 .text.EMU_DCDCOutputVoltageSet
                0x0000f37c      0x1b8 ./platform/emlib/src/em_emu.o
                0x0000f37c                EMU_DCDCOutputVoltageSet
 .text.EMU_DCDCOptimizeSlice
                0x0000f534       0x94 ./platform/emlib/src/em_emu.o
                0x0000f534                EMU_DCDCOptimizeSlice
 .text.EMU_DCDCInit
                0x0000f5c8      0x1a8 ./platform/emlib/src/em_emu.o
                0x0000f5c8                EMU_DCDCInit
 .text.EMU_DCDCLnRcoBandSet
                0x0000f770       0x24 ./platform/emlib/src/em_emu.o
                0x0000f770                EMU_DCDCLnRcoBandSet
 .text.EMU_SetBiasMode
                0x0000f794       0x7c ./platform/emlib/src/em_emu.o
                0x0000f794                EMU_SetBiasMode
 .text.MSC_Init
                0x0000f810       0x18 ./platform/emlib/src/em_msc.o
                0x0000f810                MSC_Init
 .text.MSC_Deinit
                0x0000f828       0x14 ./platform/emlib/src/em_msc.o
                0x0000f828                MSC_Deinit
 .text.RMU_ResetCauseClear
                0x0000f83c        0xc ./platform/emlib/src/em_rmu.o
                0x0000f83c                RMU_ResetCauseClear
 .text.RMU_ResetCauseGet
                0x0000f848       0x7c ./platform/emlib/src/em_rmu.o
                0x0000f848                RMU_ResetCauseGet
 .text.RTCC_ChannelInit
                0x0000f8c4       0x38 ./platform/emlib/src/em_rtcc.o
                0x0000f8c4                RTCC_ChannelInit
 .text.RTCC_Init
                0x0000f8fc       0x64 ./platform/emlib/src/em_rtcc.o
                0x0000f8fc                RTCC_Init
 .text.SYSTEM_ChipRevisionGet
                0x0000f960       0x34 ./platform/emlib/src/em_system.o
                0x0000f960                SYSTEM_ChipRevisionGet
 .text.USART_Rx
                0x0000f994        0xc ./platform/emlib/src/em_usart.o
                0x0000f994                USART_Rx
 .text.convert_scan_respone_packet_type.isra.0
                0x0000f9a0       0x44 C:\Users\colto\SimplicityStudio\v4_workspace\testt\protocol\bluetooth\lib\EFR32BG1B\GCC\libbluetooth.a(bgapi.c.obj)
 .text.bgapi_ubt_listener
                0x0000f9e4      0x37c C:\Users\colto\SimplicityStudio\v4_workspace\testt\protocol\bluetooth\lib\EFR32BG1B\GCC\libbluetooth.a(bgapi.c.obj)
                0x0000f9e4                bgapi_ubt_listener
 .text.bgapi_init
                0x0000fd60        0x2 C:\Users\colto\SimplicityStudio\v4_workspace\testt\protocol\bluetooth\lib\EFR32BG1B\GCC\libbluetooth.a(bgapi.c.obj)
                0x0000fd60                bgapi_init
 *fill*         0x0000fd62        0x2 
 .text.bgapi_buffer_init
                0x0000fd64       0x30 C:\Users\colto\SimplicityStudio\v4_workspace\testt\protocol\bluetooth\lib\EFR32BG1B\GCC\libbluetooth.a(bgapi.c.obj)
                0x0000fd64                bgapi_buffer_init
 .text.gecko_init_alloc
                0x0000fd94       0x38 C:\Users\colto\SimplicityStudio\v4_workspace\testt\protocol\bluetooth\lib\EFR32BG1B\GCC\libbluetooth.a(bglib.c.obj)
                0x0000fd94                gecko_init_alloc
 .text.user_signal_message_handler
                0x0000fdcc       0x2c C:\Users\colto\SimplicityStudio\v4_workspace\testt\protocol\bluetooth\lib\EFR32BG1B\GCC\libbluetooth.a(bglib.c.obj)
 .text.gecko_process_event
                0x0000fdf8       0x5c C:\Users\colto\SimplicityStudio\v4_workspace\testt\protocol\bluetooth\lib\EFR32BG1B\GCC\libbluetooth.a(bglib.c.obj)
 .text.check_ctune_override
                0x0000fe54       0x1e C:\Users\colto\SimplicityStudio\v4_workspace\testt\protocol\bluetooth\lib\EFR32BG1B\GCC\libbluetooth.a(bglib.c.obj)
                0x0000fe54                check_ctune_override
 .text.gecko_wait_event
                0x0000fe72        0x6 C:\Users\colto\SimplicityStudio\v4_workspace\testt\protocol\bluetooth\lib\EFR32BG1B\GCC\libbluetooth.a(bglib.c.obj)
                0x0000fe72                gecko_wait_event
 .text.gecko_event_pending
                0x0000fe78       0x1c C:\Users\colto\SimplicityStudio\v4_workspace\testt\protocol\bluetooth\lib\EFR32BG1B\GCC\libbluetooth.a(bglib.c.obj)
                0x0000fe78                gecko_event_pending
 .text.gecko_stack_update_callback
                0x0000fe94       0x10 C:\Users\colto\SimplicityStudio\v4_workspace\testt\protocol\bluetooth\lib\EFR32BG1B\GCC\libbluetooth.a(bglib.c.obj)
                0x0000fe94                gecko_stack_update_callback
 .text.gecko_stack_init
                0x0000fea4      0x288 C:\Users\colto\SimplicityStudio\v4_workspace\testt\protocol\bluetooth\lib\EFR32BG1B\GCC\libbluetooth.a(bglib.c.obj)
                0x0000fea4                gecko_stack_init
 .text.get_bgapi_library
                0x0001012c       0x18 C:\Users\colto\SimplicityStudio\v4_workspace\testt\protocol\bluetooth\lib\EFR32BG1B\GCC\libbluetooth.a(gecko_endpoints.c.obj)
 .text.handle_bgapi_output
                0x00010144       0x74 C:\Users\colto\SimplicityStudio\v4_workspace\testt\protocol\bluetooth\lib\EFR32BG1B\GCC\libbluetooth.a(gecko_endpoints.c.obj)
 .text.gecko_release_evt
                0x000101b8       0x14 C:\Users\colto\SimplicityStudio\v4_workspace\testt\protocol\bluetooth\lib\EFR32BG1B\GCC\libbluetooth.a(gecko_endpoints.c.obj)
                0x000101b8                gecko_release_evt
 .text.gecko_get_evt
                0x000101cc       0x10 C:\Users\colto\SimplicityStudio\v4_workspace\testt\protocol\bluetooth\lib\EFR32BG1B\GCC\libbluetooth.a(gecko_endpoints.c.obj)
                0x000101cc                gecko_get_evt
 .text.gecko_register_bgapi_library
                0x000101dc       0x30 C:\Users\colto\SimplicityStudio\v4_workspace\testt\protocol\bluetooth\lib\EFR32BG1B\GCC\libbluetooth.a(gecko_endpoints.c.obj)
                0x000101dc                gecko_register_bgapi_library
 .text.gecko_handle_library_packet
                0x0001020c       0x10 C:\Users\colto\SimplicityStudio\v4_workspace\testt\protocol\bluetooth\lib\EFR32BG1B\GCC\libbluetooth.a(gecko_endpoints.c.obj)
                0x0001020c                gecko_handle_library_packet
 .text.sli_bt_cmd_handler_delegate
                0x0001021c       0x5e C:\Users\colto\SimplicityStudio\v4_workspace\testt\protocol\bluetooth\lib\EFR32BG1B\GCC\libbluetooth.a(gecko_endpoints.c.obj)
                0x0001021c                sli_bt_cmd_handler_delegate
 .text.bg_pre_sleep
                0x0001027a        0x2 C:\Users\colto\SimplicityStudio\v4_workspace\testt\protocol\bluetooth\lib\EFR32BG1B\GCC\libbluetooth.a(init.c.obj)
                0x0001027a                bg_pre_sleep
 .text.bg_post_wakeup
                0x0001027c        0x2 C:\Users\colto\SimplicityStudio\v4_workspace\testt\protocol\bluetooth\lib\EFR32BG1B\GCC\libbluetooth.a(init.c.obj)
                0x0001027c                bg_post_wakeup
 *fill*         0x0001027e        0x2 
 .text.bg_radio_init
                0x00010280       0xe4 C:\Users\colto\SimplicityStudio\v4_workspace\testt\protocol\bluetooth\lib\EFR32BG1B\GCC\libbluetooth.a(init.c.obj)
                0x00010280                bg_radio_init
 .text.bg_low_init
                0x00010364       0x20 C:\Users\colto\SimplicityStudio\v4_workspace\testt\protocol\bluetooth\lib\EFR32BG1B\GCC\libbluetooth.a(init.c.obj)
                0x00010364                bg_low_init
 .text.ll_task_default_callback
                0x00010384       0x10 C:\Users\colto\SimplicityStudio\v4_workspace\testt\protocol\bluetooth\lib\EFR32BG1B\GCC\libbluetooth.a(ll_task.c.obj)
 .text.gecko_priority_handle
                0x00010394       0x18 C:\Users\colto\SimplicityStudio\v4_workspace\testt\protocol\bluetooth\lib\EFR32BG1B\GCC\libbluetooth.a(ll_task.c.obj)
                0x00010394                gecko_priority_handle
 .text.BTLE_LL_EventRaise
                0x000103ac       0x20 C:\Users\colto\SimplicityStudio\v4_workspace\testt\protocol\bluetooth\lib\EFR32BG1B\GCC\libbluetooth.a(ll_task.c.obj)
                0x000103ac                BTLE_LL_EventRaise
 .text.ll_task_init
                0x000103cc       0x24 C:\Users\colto\SimplicityStudio\v4_workspace\testt\protocol\bluetooth\lib\EFR32BG1B\GCC\libbluetooth.a(ll_task.c.obj)
                0x000103cc                ll_task_init
 .text.bgll_init
                0x000103f0       0x40 C:\Users\colto\SimplicityStudio\v4_workspace\testt\protocol\bluetooth\lib\EFR32BG1B\GCC\libbluetooth.a(ll_to_hci.c.obj)
                0x000103f0                bgll_init
 .text.ll_init_msg
                0x00010430       0x1c C:\Users\colto\SimplicityStudio\v4_workspace\testt\protocol\bluetooth\lib\EFR32BG1B\GCC\libbluetooth.a(ll_to_hci.c.obj)
                0x00010430                ll_init_msg
 .text.ll_to_hci_event_handler
                0x0001044c       0x68 C:\Users\colto\SimplicityStudio\v4_workspace\testt\protocol\bluetooth\lib\EFR32BG1B\GCC\libbluetooth.a(ll_to_hci.c.obj)
 .text.BTLE_LLToHCIEventSAP
                0x000104b4       0x38 C:\Users\colto\SimplicityStudio\v4_workspace\testt\protocol\bluetooth\lib\EFR32BG1B\GCC\libbluetooth.a(ll_to_hci.c.obj)
                0x000104b4                BTLE_LLToHCIEventSAP
 .text.BTLE_LLToHCIDataSAP
                0x000104ec        0x4 C:\Users\colto\SimplicityStudio\v4_workspace\testt\protocol\bluetooth\lib\EFR32BG1B\GCC\libbluetooth.a(ll_to_hci.c.obj)
                0x000104ec                BTLE_LLToHCIDataSAP
 .text.ecode2bg
                0x000104f0       0x40 C:\Users\colto\SimplicityStudio\v4_workspace\testt\protocol\bluetooth\lib\EFR32BG1B\GCC\libbluetooth.a(pskeys.c.obj)
                0x000104f0                ecode2bg
 .text.ubt_pskey_write_callback
                0x00010530       0x1c C:\Users\colto\SimplicityStudio\v4_workspace\testt\protocol\bluetooth\lib\EFR32BG1B\GCC\libbluetooth.a(pskeys.c.obj)
                0x00010530                ubt_pskey_write_callback
 .text.ubt_pskey_read_callback
                0x0001054c       0x1c C:\Users\colto\SimplicityStudio\v4_workspace\testt\protocol\bluetooth\lib\EFR32BG1B\GCC\libbluetooth.a(pskeys.c.obj)
                0x0001054c                ubt_pskey_read_callback
 .text.nvm3_deleteObjects
                0x00010568       0x40 C:\Users\colto\SimplicityStudio\v4_workspace\testt\protocol\bluetooth\lib\EFR32BG1B\GCC\libbluetooth.a(pskeys.c.obj)
                0x00010568                nvm3_deleteObjects
 .text.ubt_pskey_delete_callback
                0x000105a8       0x20 C:\Users\colto\SimplicityStudio\v4_workspace\testt\protocol\bluetooth\lib\EFR32BG1B\GCC\libbluetooth.a(pskeys.c.obj)
                0x000105a8                ubt_pskey_delete_callback
 .text.ll_bgbuf_callback
                0x000105c8       0x10 C:\Users\colto\SimplicityStudio\v4_workspace\testt\protocol\bluetooth\lib\EFR32BG1B\GCC\libbluetooth.a(ll_init.c.obj)
 .text.BTLE_LL_Process
                0x000105d8       0xfc C:\Users\colto\SimplicityStudio\v4_workspace\testt\protocol\bluetooth\lib\EFR32BG1B\GCC\libbluetooth.a(ll_init.c.obj)
                0x000105d8                BTLE_LL_Process
 .text.ll_initAllocMem
                0x000106d4       0x1a C:\Users\colto\SimplicityStudio\v4_workspace\testt\protocol\bluetooth\lib\EFR32BG1B\GCC\libbluetooth.a(ll_init.c.obj)
                0x000106d4                ll_initAllocMem
 *fill*         0x000106ee        0x2 
 .text.BTLE_LL_Init
                0x000106f0       0x78 C:\Users\colto\SimplicityStudio\v4_workspace\testt\protocol\bluetooth\lib\EFR32BG1B\GCC\libbluetooth.a(ll_init.c.obj)
                0x000106f0                BTLE_LL_Init
 .text.BTLE_LL_SetFlags
                0x00010768       0x18 C:\Users\colto\SimplicityStudio\v4_workspace\testt\protocol\bluetooth\lib\EFR32BG1B\GCC\libbluetooth.a(ll_init.c.obj)
                0x00010768                BTLE_LL_SetFlags
 .text.BTLE_LL_ClearFlags
                0x00010780       0x18 C:\Users\colto\SimplicityStudio\v4_workspace\testt\protocol\bluetooth\lib\EFR32BG1B\GCC\libbluetooth.a(ll_init.c.obj)
                0x00010780                BTLE_LL_ClearFlags
 .text.BTLE_LL_GetFlags
                0x00010798        0xc C:\Users\colto\SimplicityStudio\v4_workspace\testt\protocol\bluetooth\lib\EFR32BG1B\GCC\libbluetooth.a(ll_init.c.obj)
                0x00010798                BTLE_LL_GetFlags
 .text.BTLE_LL_SetMaxPower
                0x000107a4       0x10 C:\Users\colto\SimplicityStudio\v4_workspace\testt\protocol\bluetooth\lib\EFR32BG1B\GCC\libbluetooth.a(ll_init.c.obj)
                0x000107a4                BTLE_LL_SetMaxPower
 .text.BTLE_LL_GetRadioHandle
                0x000107b4        0x4 C:\Users\colto\SimplicityStudio\v4_workspace\testt\protocol\bluetooth\lib\EFR32BG1B\GCC\libbluetooth.a(ll_init.c.obj)
                0x000107b4                BTLE_LL_GetRadioHandle
 .text.ll_initSetRandomAddress
                0x000107b8       0x14 C:\Users\colto\SimplicityStudio\v4_workspace\testt\protocol\bluetooth\lib\EFR32BG1B\GCC\libbluetooth.a(ll_init.c.obj)
                0x000107b8                ll_initSetRandomAddress
 .text.ll_initGetRandomAddress
                0x000107cc        0x8 C:\Users\colto\SimplicityStudio\v4_workspace\testt\protocol\bluetooth\lib\EFR32BG1B\GCC\libbluetooth.a(ll_init.c.obj)
                0x000107cc                ll_initGetRandomAddress
 .text.ll_advExtTaskHandlerWaitTx
                0x000107d4        0x2 C:\Users\colto\SimplicityStudio\v4_workspace\testt\protocol\bluetooth\lib\EFR32BG1B\GCC\libbluetooth.a(ll_adv.c.obj)
                0x000107d4                ll_advExtTaskHandlerWaitTx
 .text.ll_advTaskHandlerWaitConnectRsp
                0x000107d6        0x2 C:\Users\colto\SimplicityStudio\v4_workspace\testt\protocol\bluetooth\lib\EFR32BG1B\GCC\libbluetooth.a(ll_adv.c.obj)
                0x000107d6                ll_advTaskHandlerWaitConnectRsp
 .text.ll_advGetByHandle
                0x000107d8       0x48 C:\Users\colto\SimplicityStudio\v4_workspace\testt\protocol\bluetooth\lib\EFR32BG1B\GCC\libbluetooth.a(ll_adv.c.obj)
                0x000107d8                ll_advGetByHandle
 .text.ll_advRaiseEvents
                0x00010820       0x18 C:\Users\colto\SimplicityStudio\v4_workspace\testt\protocol\bluetooth\lib\EFR32BG1B\GCC\libbluetooth.a(ll_adv.c.obj)
                0x00010820                ll_advRaiseEvents
 .text.ll_advTaskInitAdv
                0x00010838       0x90 C:\Users\colto\SimplicityStudio\v4_workspace\testt\protocol\bluetooth\lib\EFR32BG1B\GCC\libbluetooth.a(ll_adv.c.obj)
                0x00010838                ll_advTaskInitAdv
 .text.ll_advTaskStopHandle
                0x000108c8       0x22 C:\Users\colto\SimplicityStudio\v4_workspace\testt\protocol\bluetooth\lib\EFR32BG1B\GCC\libbluetooth.a(ll_adv.c.obj)
                0x000108c8                ll_advTaskStopHandle
 .text.ll_advTaskReschedule
                0x000108ea       0xb0 C:\Users\colto\SimplicityStudio\v4_workspace\testt\protocol\bluetooth\lib\EFR32BG1B\GCC\libbluetooth.a(ll_adv.c.obj)
                0x000108ea                ll_advTaskReschedule
 *fill*         0x0001099a        0x2 
 .text.ll_advTaskNextChannelOrReschedule
                0x0001099c       0x74 C:\Users\colto\SimplicityStudio\v4_workspace\testt\protocol\bluetooth\lib\EFR32BG1B\GCC\libbluetooth.a(ll_adv.c.obj)
 .text.ll_advAllocMem
                0x00010a10       0x38 C:\Users\colto\SimplicityStudio\v4_workspace\testt\protocol\bluetooth\lib\EFR32BG1B\GCC\libbluetooth.a(ll_adv.c.obj)
                0x00010a10                ll_advAllocMem
 .text.ll_advHandleEvent
                0x00010a48       0xcc C:\Users\colto\SimplicityStudio\v4_workspace\testt\protocol\bluetooth\lib\EFR32BG1B\GCC\libbluetooth.a(ll_adv.c.obj)
                0x00010a48                ll_advHandleEvent
 .text.ll_advEnable
                0x00010b14       0xd8 C:\Users\colto\SimplicityStudio\v4_workspace\testt\protocol\bluetooth\lib\EFR32BG1B\GCC\libbluetooth.a(ll_adv.c.obj)
                0x00010b14                ll_advEnable
 .text.ll_advCopyAddress
                0x00010bec       0x34 C:\Users\colto\SimplicityStudio\v4_workspace\testt\protocol\bluetooth\lib\EFR32BG1B\GCC\libbluetooth.a(ll_adv.c.obj)
                0x00010bec                ll_advCopyAddress
 .text.ll_advSetPacketHeader
                0x00010c20       0xa8 C:\Users\colto\SimplicityStudio\v4_workspace\testt\protocol\bluetooth\lib\EFR32BG1B\GCC\libbluetooth.a(ll_adv.c.obj)
                0x00010c20                ll_advSetPacketHeader
 .text.ll_advTaskHandlerCommon
                0x00010cc8       0xd0 C:\Users\colto\SimplicityStudio\v4_workspace\testt\protocol\bluetooth\lib\EFR32BG1B\GCC\libbluetooth.a(ll_adv.c.obj)
                0x00010cc8                ll_advTaskHandlerCommon
 .text.ll_advTaskHandlerWaitTx
                0x00010d98        0xe C:\Users\colto\SimplicityStudio\v4_workspace\testt\protocol\bluetooth\lib\EFR32BG1B\GCC\libbluetooth.a(ll_adv.c.obj)
                0x00010d98                ll_advTaskHandlerWaitTx
 *fill*         0x00010da6        0x2 
 .text.ll_advTaskHandlerScanRsp
                0x00010da8       0x34 C:\Users\colto\SimplicityStudio\v4_workspace\testt\protocol\bluetooth\lib\EFR32BG1B\GCC\libbluetooth.a(ll_adv.c.obj)
                0x00010da8                ll_advTaskHandlerScanRsp
 .text.ll_advValidatePacket
                0x00010ddc       0xd8 C:\Users\colto\SimplicityStudio\v4_workspace\testt\protocol\bluetooth\lib\EFR32BG1B\GCC\libbluetooth.a(ll_adv.c.obj)
                0x00010ddc                ll_advValidatePacket
 .text.ll_advSetRandomAddress
                0x00010eb4        0xe C:\Users\colto\SimplicityStudio\v4_workspace\testt\protocol\bluetooth\lib\EFR32BG1B\GCC\libbluetooth.a(ll_adv.c.obj)
                0x00010eb4                ll_advSetRandomAddress
 .text.ll_advExtUpdateMaxEventLength
                0x00010ec2        0x4 C:\Users\colto\SimplicityStudio\v4_workspace\testt\protocol\bluetooth\lib\EFR32BG1B\GCC\libbluetooth.a(ll_adv.c.obj)
                0x00010ec2                ll_advExtUpdateMaxEventLength
 *fill*         0x00010ec6        0x2 
 .text.ll_advUpdateMaxEventLength
                0x00010ec8       0x84 C:\Users\colto\SimplicityStudio\v4_workspace\testt\protocol\bluetooth\lib\EFR32BG1B\GCC\libbluetooth.a(ll_adv.c.obj)
                0x00010ec8                ll_advUpdateMaxEventLength
 .text.ll_advSetParameters
                0x00010f4c      0x142 C:\Users\colto\SimplicityStudio\v4_workspace\testt\protocol\bluetooth\lib\EFR32BG1B\GCC\libbluetooth.a(ll_adv.c.obj)
                0x00010f4c                ll_advSetParameters
 .text.ll_advSetData
                0x0001108e       0xda C:\Users\colto\SimplicityStudio\v4_workspace\testt\protocol\bluetooth\lib\EFR32BG1B\GCC\libbluetooth.a(ll_adv.c.obj)
                0x0001108e                ll_advSetData
 .text.ll_advExtUpdateChannelMap
                0x00011168        0x2 C:\Users\colto\SimplicityStudio\v4_workspace\testt\protocol\bluetooth\lib\EFR32BG1B\GCC\libbluetooth.a(ll_adv.c.obj)
                0x00011168                ll_advExtUpdateChannelMap
 *fill*         0x0001116a        0x2 
 .text.ll_advInit
                0x0001116c       0x74 C:\Users\colto\SimplicityStudio\v4_workspace\testt\protocol\bluetooth\lib\EFR32BG1B\GCC\libbluetooth.a(ll_adv.c.obj)
                0x0001116c                ll_advInit
 .text.ll_advExtCreateConnectRsp
                0x000111e0        0x2 C:\Users\colto\SimplicityStudio\v4_workspace\testt\protocol\bluetooth\lib\EFR32BG1B\GCC\libbluetooth.a(ll_adv.c.obj)
                0x000111e0                ll_advExtCreateConnectRsp
 *fill*         0x000111e2        0x2 
 .text.ll_advHandleConnectReq
                0x000111e4       0xec C:\Users\colto\SimplicityStudio\v4_workspace\testt\protocol\bluetooth\lib\EFR32BG1B\GCC\libbluetooth.a(ll_adv.c.obj)
                0x000111e4                ll_advHandleConnectReq
 .text.ll_advTaskRxHandle
                0x000112d0       0xc4 C:\Users\colto\SimplicityStudio\v4_workspace\testt\protocol\bluetooth\lib\EFR32BG1B\GCC\libbluetooth.a(ll_adv.c.obj)
                0x000112d0                ll_advTaskRxHandle
 .text.ll_advTaskHandlerWaitRx
                0x00011394       0x34 C:\Users\colto\SimplicityStudio\v4_workspace\testt\protocol\bluetooth\lib\EFR32BG1B\GCC\libbluetooth.a(ll_adv.c.obj)
                0x00011394                ll_advTaskHandlerWaitRx
 .text.ll_advExtSyncEventHandler
                0x000113c8        0x2 C:\Users\colto\SimplicityStudio\v4_workspace\testt\protocol\bluetooth\lib\EFR32BG1B\GCC\libbluetooth.a(ll_adv_ext-stubs.c.obj)
                0x000113c8                ll_advExtSyncEventHandler
 .text.ll_allocPeriodicAdv
                0x000113ca        0x2 C:\Users\colto\SimplicityStudio\v4_workspace\testt\protocol\bluetooth\lib\EFR32BG1B\GCC\libbluetooth.a(ll_adv_sync-stubs.c.obj)
                0x000113ca                ll_allocPeriodicAdv
 .text.ll_advSyncGetDataPtr
                0x000113cc        0x4 C:\Users\colto\SimplicityStudio\v4_workspace\testt\protocol\bluetooth\lib\EFR32BG1B\GCC\libbluetooth.a(ll_adv_sync-stubs.c.obj)
                0x000113cc                ll_advSyncGetDataPtr
 .text.ll_aoxConnectionEvent
                0x000113d0        0x2 C:\Users\colto\SimplicityStudio\v4_workspace\testt\protocol\bluetooth\lib\EFR32BG1B\GCC\libbluetooth.a(ll_aox-stubs.c.obj)
                0x000113d0                ll_aoxConnectionEvent
 .text.ll_aoxFetchCteRspPacketCteInfo
                0x000113d2        0x6 C:\Users\colto\SimplicityStudio\v4_workspace\testt\protocol\bluetooth\lib\EFR32BG1B\GCC\libbluetooth.a(ll_aox-stubs.c.obj)
                0x000113d2                ll_aoxFetchCteRspPacketCteInfo
 .text.ll_aoxRxPacketReceived
                0x000113d8        0x4 C:\Users\colto\SimplicityStudio\v4_workspace\testt\protocol\bluetooth\lib\EFR32BG1B\GCC\libbluetooth.a(ll_aox-stubs.c.obj)
                0x000113d8                ll_aoxRxPacketReceived
 .text.ll_aoxEvent
                0x000113dc        0x2 C:\Users\colto\SimplicityStudio\v4_workspace\testt\protocol\bluetooth\lib\EFR32BG1B\GCC\libbluetooth.a(ll_aox-stubs.c.obj)
                0x000113dc                ll_aoxEvent
 .text.ll_aoxLlcpPacket
                0x000113de        0x4 C:\Users\colto\SimplicityStudio\v4_workspace\testt\protocol\bluetooth\lib\EFR32BG1B\GCC\libbluetooth.a(ll_aox-stubs.c.obj)
                0x000113de                ll_aoxLlcpPacket
 .text.ll_aoxHciCommand
                0x000113e2        0x4 C:\Users\colto\SimplicityStudio\v4_workspace\testt\protocol\bluetooth\lib\EFR32BG1B\GCC\libbluetooth.a(ll_aox-stubs.c.obj)
                0x000113e2                ll_aoxHciCommand
 .text.ll_channelmapEvent
                0x000113e6        0x2 C:\Users\colto\SimplicityStudio\v4_workspace\testt\protocol\bluetooth\lib\EFR32BG1B\GCC\libbluetooth.a(ll_channelmap.c.obj)
                0x000113e6                ll_channelmapEvent
 .text.ll_channelmapSetChannelClassification
                0x000113e8       0x10 C:\Users\colto\SimplicityStudio\v4_workspace\testt\protocol\bluetooth\lib\EFR32BG1B\GCC\libbluetooth.a(ll_channelmap.c.obj)
                0x000113e8                ll_channelmapSetChannelClassification
 .text.ll_channelmapInit
                0x000113f8       0x14 C:\Users\colto\SimplicityStudio\v4_workspace\testt\protocol\bluetooth\lib\EFR32BG1B\GCC\libbluetooth.a(ll_channelmap.c.obj)
                0x000113f8                ll_channelmapInit
 .text.ll_channelmapQualityAdjust
                0x0001140c        0x2 C:\Users\colto\SimplicityStudio\v4_workspace\testt\protocol\bluetooth\lib\EFR32BG1B\GCC\libbluetooth.a(ll_channelmap.c.obj)
                0x0001140c                ll_channelmapQualityAdjust
 .text.ll_channelmapIsAdaptive
                0x0001140e        0x4 C:\Users\colto\SimplicityStudio\v4_workspace\testt\protocol\bluetooth\lib\EFR32BG1B\GCC\libbluetooth.a(ll_channelmap.c.obj)
                0x0001140e                ll_channelmapIsAdaptive
 *fill*         0x00011412        0x2 
 .text.ll_channelmapIsBlocked
                0x00011414       0x1c C:\Users\colto\SimplicityStudio\v4_workspace\testt\protocol\bluetooth\lib\EFR32BG1B\GCC\libbluetooth.a(ll_channelmap.c.obj)
                0x00011414                ll_channelmapIsBlocked
 .text.ll_channelmapCanUseHighPower
                0x00011430        0x4 C:\Users\colto\SimplicityStudio\v4_workspace\testt\protocol\bluetooth\lib\EFR32BG1B\GCC\libbluetooth.a(ll_channelmap.c.obj)
                0x00011430                ll_channelmapCanUseHighPower
 .text.ll_channelmapUsedChannels
                0x00011434       0x28 C:\Users\colto\SimplicityStudio\v4_workspace\testt\protocol\bluetooth\lib\EFR32BG1B\GCC\libbluetooth.a(ll_channelmap.c.obj)
                0x00011434                ll_channelmapUsedChannels
 .text.ll_channelmapGetChannelMap
                0x0001145c       0x18 C:\Users\colto\SimplicityStudio\v4_workspace\testt\protocol\bluetooth\lib\EFR32BG1B\GCC\libbluetooth.a(ll_channelmap.c.obj)
                0x0001145c                ll_channelmapGetChannelMap
 .text.ll_channelmapUpdate
                0x00011474       0x7e C:\Users\colto\SimplicityStudio\v4_workspace\testt\protocol\bluetooth\lib\EFR32BG1B\GCC\libbluetooth.a(ll_channelmap.c.obj)
                0x00011474                ll_channelmapUpdate
 .text.ll_channelmapValidate
                0x000114f2        0x6 C:\Users\colto\SimplicityStudio\v4_workspace\testt\protocol\bluetooth\lib\EFR32BG1B\GCC\libbluetooth.a(ll_channelmap.c.obj)
                0x000114f2                ll_channelmapValidate
 .text.ll_channelmapAlgorithm1
                0x000114f8        0x6 C:\Users\colto\SimplicityStudio\v4_workspace\testt\protocol\bluetooth\lib\EFR32BG1B\GCC\libbluetooth.a(ll_channelmap.c.obj)
                0x000114f8                ll_channelmapAlgorithm1
 *fill*         0x000114fe        0x2 
 .text.ll_channelmapAlgorithm2
                0x00011500       0x80 C:\Users\colto\SimplicityStudio\v4_workspace\testt\protocol\bluetooth\lib\EFR32BG1B\GCC\libbluetooth.a(ll_channelmap.c.obj)
                0x00011500                ll_channelmapAlgorithm2
 .text.bg_bit_clr_atomic
                0x00011580       0x18 C:\Users\colto\SimplicityStudio\v4_workspace\testt\protocol\bluetooth\lib\EFR32BG1B\GCC\libbluetooth.a(ll_conn.c.obj)
 .text.bg_bit_set_exclusive
                0x00011598       0x10 C:\Users\colto\SimplicityStudio\v4_workspace\testt\protocol\bluetooth\lib\EFR32BG1B\GCC\libbluetooth.a(ll_conn.c.obj)
 .text.bg_bit_clr_exclusive
                0x000115a8       0x12 C:\Users\colto\SimplicityStudio\v4_workspace\testt\protocol\bluetooth\lib\EFR32BG1B\GCC\libbluetooth.a(ll_conn.c.obj)
 *fill*         0x000115ba        0x2 
 .text.ll_connUpdatePriority.part.3
                0x000115bc       0x44 C:\Users\colto\SimplicityStudio\v4_workspace\testt\protocol\bluetooth\lib\EFR32BG1B\GCC\libbluetooth.a(ll_conn.c.obj)
 .text.bg_bit_set_atomic.constprop.12
                0x00011600       0x24 C:\Users\colto\SimplicityStudio\v4_workspace\testt\protocol\bluetooth\lib\EFR32BG1B\GCC\libbluetooth.a(ll_conn.c.obj)
 .text.ll_connCheckCloseEvent.part.6
                0x00011624       0x50 C:\Users\colto\SimplicityStudio\v4_workspace\testt\protocol\bluetooth\lib\EFR32BG1B\GCC\libbluetooth.a(ll_conn.c.obj)
 .text.ll_connLLCPGetState
                0x00011674        0xe C:\Users\colto\SimplicityStudio\v4_workspace\testt\protocol\bluetooth\lib\EFR32BG1B\GCC\libbluetooth.a(ll_conn.c.obj)
                0x00011674                ll_connLLCPGetState
 .text.ll_connEncGetState
                0x00011682        0x4 C:\Users\colto\SimplicityStudio\v4_workspace\testt\protocol\bluetooth\lib\EFR32BG1B\GCC\libbluetooth.a(ll_conn.c.obj)
                0x00011682                ll_connEncGetState
 .text.ll_connGetFlags
                0x00011686        0x4 C:\Users\colto\SimplicityStudio\v4_workspace\testt\protocol\bluetooth\lib\EFR32BG1B\GCC\libbluetooth.a(ll_conn.c.obj)
                0x00011686                ll_connGetFlags
 .text.ll_connSetFlags
                0x0001168a        0x6 C:\Users\colto\SimplicityStudio\v4_workspace\testt\protocol\bluetooth\lib\EFR32BG1B\GCC\libbluetooth.a(ll_conn.c.obj)
                0x0001168a                ll_connSetFlags
 .text.ll_connClearFlags
                0x00011690        0x6 C:\Users\colto\SimplicityStudio\v4_workspace\testt\protocol\bluetooth\lib\EFR32BG1B\GCC\libbluetooth.a(ll_conn.c.obj)
                0x00011690                ll_connClearFlags
 .text.ll_connGetRSSI
                0x00011696        0x6 C:\Users\colto\SimplicityStudio\v4_workspace\testt\protocol\bluetooth\lib\EFR32BG1B\GCC\libbluetooth.a(ll_conn.c.obj)
                0x00011696                ll_connGetRSSI
 .text.ll_connTimerToEvent
                0x0001169c       0x36 C:\Users\colto\SimplicityStudio\v4_workspace\testt\protocol\bluetooth\lib\EFR32BG1B\GCC\libbluetooth.a(ll_conn.c.obj)
                0x0001169c                ll_connTimerToEvent
 .text.ll_connAddWindow
                0x000116d2       0x42 C:\Users\colto\SimplicityStudio\v4_workspace\testt\protocol\bluetooth\lib\EFR32BG1B\GCC\libbluetooth.a(ll_conn.c.obj)
                0x000116d2                ll_connAddWindow
 .text.ll_connControlPacketsQueued
                0x00011714       0x22 C:\Users\colto\SimplicityStudio\v4_workspace\testt\protocol\bluetooth\lib\EFR32BG1B\GCC\libbluetooth.a(ll_conn.c.obj)
                0x00011714                ll_connControlPacketsQueued
 .text.ll_connSetErrorReason
                0x00011736        0x6 C:\Users\colto\SimplicityStudio\v4_workspace\testt\protocol\bluetooth\lib\EFR32BG1B\GCC\libbluetooth.a(ll_conn.c.obj)
                0x00011736                ll_connSetErrorReason
 .text.ll_connGetByHandle
                0x0001173c       0x28 C:\Users\colto\SimplicityStudio\v4_workspace\testt\protocol\bluetooth\lib\EFR32BG1B\GCC\libbluetooth.a(ll_conn.c.obj)
                0x0001173c                ll_connGetByHandle
 .text.ll_connGetHandleByConn
                0x00011764       0x2c C:\Users\colto\SimplicityStudio\v4_workspace\testt\protocol\bluetooth\lib\EFR32BG1B\GCC\libbluetooth.a(ll_conn.c.obj)
                0x00011764                ll_connGetHandleByConn
 .text.ll_connRaiseEvents
                0x00011790       0x1e C:\Users\colto\SimplicityStudio\v4_workspace\testt\protocol\bluetooth\lib\EFR32BG1B\GCC\libbluetooth.a(ll_conn.c.obj)
                0x00011790                ll_connRaiseEvents
 *fill*         0x000117ae        0x2 
 .text.ll_connLoadTxPacket
                0x000117b0      0x104 C:\Users\colto\SimplicityStudio\v4_workspace\testt\protocol\bluetooth\lib\EFR32BG1B\GCC\libbluetooth.a(ll_conn.c.obj)
 .text.ll_connGetAnchor
                0x000118b4       0x24 C:\Users\colto\SimplicityStudio\v4_workspace\testt\protocol\bluetooth\lib\EFR32BG1B\GCC\libbluetooth.a(ll_conn.c.obj)
                0x000118b4                ll_connGetAnchor
 .text.ll_connCalcNextEvent
                0x000118d8       0x78 C:\Users\colto\SimplicityStudio\v4_workspace\testt\protocol\bluetooth\lib\EFR32BG1B\GCC\libbluetooth.a(ll_conn.c.obj)
                0x000118d8                ll_connCalcNextEvent
 .text.ll_connEndEvent
                0x00011950      0x16c C:\Users\colto\SimplicityStudio\v4_workspace\testt\protocol\bluetooth\lib\EFR32BG1B\GCC\libbluetooth.a(ll_conn.c.obj)
 .text.ll_connHandleRx
                0x00011abc      0x1e8 C:\Users\colto\SimplicityStudio\v4_workspace\testt\protocol\bluetooth\lib\EFR32BG1B\GCC\libbluetooth.a(ll_conn.c.obj)
                0x00011abc                ll_connHandleRx
 .text.ll_connHandleTx
                0x00011ca4       0x54 C:\Users\colto\SimplicityStudio\v4_workspace\testt\protocol\bluetooth\lib\EFR32BG1B\GCC\libbluetooth.a(ll_conn.c.obj)
                0x00011ca4                ll_connHandleTx
 .text.ll_connInitEvent
                0x00011cf8       0x70 C:\Users\colto\SimplicityStudio\v4_workspace\testt\protocol\bluetooth\lib\EFR32BG1B\GCC\libbluetooth.a(ll_conn.c.obj)
                0x00011cf8                ll_connInitEvent
 .text.ll_connMasterTaskHandler
                0x00011d68       0x7c C:\Users\colto\SimplicityStudio\v4_workspace\testt\protocol\bluetooth\lib\EFR32BG1B\GCC\libbluetooth.a(ll_conn.c.obj)
                0x00011d68                ll_connMasterTaskHandler
 .text.ll_connSlaveTaskHandler
                0x00011de4       0x74 C:\Users\colto\SimplicityStudio\v4_workspace\testt\protocol\bluetooth\lib\EFR32BG1B\GCC\libbluetooth.a(ll_conn.c.obj)
                0x00011de4                ll_connSlaveTaskHandler
 .text.ll_connAllocMem
                0x00011e58       0x5c C:\Users\colto\SimplicityStudio\v4_workspace\testt\protocol\bluetooth\lib\EFR32BG1B\GCC\libbluetooth.a(ll_conn.c.obj)
                0x00011e58                ll_connAllocMem
 .text.ll_connInit
                0x00011eb4       0x60 C:\Users\colto\SimplicityStudio\v4_workspace\testt\protocol\bluetooth\lib\EFR32BG1B\GCC\libbluetooth.a(ll_conn.c.obj)
                0x00011eb4                ll_connInit
 .text.ll_connAlloc
                0x00011f14       0x58 C:\Users\colto\SimplicityStudio\v4_workspace\testt\protocol\bluetooth\lib\EFR32BG1B\GCC\libbluetooth.a(ll_conn.c.obj)
                0x00011f14                ll_connAlloc
 .text.ll_connFree
                0x00011f6c       0x3c C:\Users\colto\SimplicityStudio\v4_workspace\testt\protocol\bluetooth\lib\EFR32BG1B\GCC\libbluetooth.a(ll_conn.c.obj)
                0x00011f6c                ll_connFree
 .text.ll_connUpdateChannelMap
                0x00011fa8       0x10 C:\Users\colto\SimplicityStudio\v4_workspace\testt\protocol\bluetooth\lib\EFR32BG1B\GCC\libbluetooth.a(ll_conn.c.obj)
                0x00011fa8                ll_connUpdateChannelMap
 .text.ll_connHandleRxData
                0x00011fb8      0x130 C:\Users\colto\SimplicityStudio\v4_workspace\testt\protocol\bluetooth\lib\EFR32BG1B\GCC\libbluetooth.a(ll_conn.c.obj)
                0x00011fb8                ll_connHandleRxData
 .text.ll_connSetDefaultPacketLength
                0x000120e8        0xc C:\Users\colto\SimplicityStudio\v4_workspace\testt\protocol\bluetooth\lib\EFR32BG1B\GCC\libbluetooth.a(ll_conn.c.obj)
                0x000120e8                ll_connSetDefaultPacketLength
 .text.ll_connUpdateMaxPacketLengths
                0x000120f4       0x56 C:\Users\colto\SimplicityStudio\v4_workspace\testt\protocol\bluetooth\lib\EFR32BG1B\GCC\libbluetooth.a(ll_conn.c.obj)
                0x000120f4                ll_connUpdateMaxPacketLengths
 .text.ll_connSetParameters
                0x0001214a       0x80 C:\Users\colto\SimplicityStudio\v4_workspace\testt\protocol\bluetooth\lib\EFR32BG1B\GCC\libbluetooth.a(ll_conn.c.obj)
                0x0001214a                ll_connSetParameters
 .text.ll_connSetMaxPacketLengths
                0x000121ca       0x52 C:\Users\colto\SimplicityStudio\v4_workspace\testt\protocol\bluetooth\lib\EFR32BG1B\GCC\libbluetooth.a(ll_conn.c.obj)
                0x000121ca                ll_connSetMaxPacketLengths
 .text.ll_connSetPhy
                0x0001221c       0x3a C:\Users\colto\SimplicityStudio\v4_workspace\testt\protocol\bluetooth\lib\EFR32BG1B\GCC\libbluetooth.a(ll_conn.c.obj)
                0x0001221c                ll_connSetPhy
 .text.ll_connSetRemoteFeatures
                0x00012256       0x28 C:\Users\colto\SimplicityStudio\v4_workspace\testt\protocol\bluetooth\lib\EFR32BG1B\GCC\libbluetooth.a(ll_conn.c.obj)
                0x00012256                ll_connSetRemoteFeatures
 .text.ll_connSetVersionInformation
                0x0001227e       0x36 C:\Users\colto\SimplicityStudio\v4_workspace\testt\protocol\bluetooth\lib\EFR32BG1B\GCC\libbluetooth.a(ll_conn.c.obj)
                0x0001227e                ll_connSetVersionInformation
 .text.ll_connSetConfig
                0x000122b4       0x10 C:\Users\colto\SimplicityStudio\v4_workspace\testt\protocol\bluetooth\lib\EFR32BG1B\GCC\libbluetooth.a(ll_conn.c.obj)
                0x000122b4                ll_connSetConfig
 .text.ll_connClearConfig
                0x000122c4       0x10 C:\Users\colto\SimplicityStudio\v4_workspace\testt\protocol\bluetooth\lib\EFR32BG1B\GCC\libbluetooth.a(ll_conn.c.obj)
                0x000122c4                ll_connClearConfig
 .text.ll_connEndEventAfterCtrl
                0x000122d4        0xa C:\Users\colto\SimplicityStudio\v4_workspace\testt\protocol\bluetooth\lib\EFR32BG1B\GCC\libbluetooth.a(ll_conn.c.obj)
                0x000122d4                ll_connEndEventAfterCtrl
 .text.ll_connGetPhyConfig
                0x000122de        0x6 C:\Users\colto\SimplicityStudio\v4_workspace\testt\protocol\bluetooth\lib\EFR32BG1B\GCC\libbluetooth.a(ll_conn.c.obj)
                0x000122de                ll_connGetPhyConfig
 .text.ll_connAbortSlaveLatency
                0x000122e4       0x86 C:\Users\colto\SimplicityStudio\v4_workspace\testt\protocol\bluetooth\lib\EFR32BG1B\GCC\libbluetooth.a(ll_conn.c.obj)
                0x000122e4                ll_connAbortSlaveLatency
 .text.ll_connCreateTxPacket
                0x0001236a      0x10e C:\Users\colto\SimplicityStudio\v4_workspace\testt\protocol\bluetooth\lib\EFR32BG1B\GCC\libbluetooth.a(ll_conn.c.obj)
                0x0001236a                ll_connCreateTxPacket
 .text.ll_connSendData
                0x00012478      0x1d4 C:\Users\colto\SimplicityStudio\v4_workspace\testt\protocol\bluetooth\lib\EFR32BG1B\GCC\libbluetooth.a(ll_conn.c.obj)
                0x00012478                ll_connSendData
 .text.ll_connHandleHostEvents
                0x0001264c      0x2d0 C:\Users\colto\SimplicityStudio\v4_workspace\testt\protocol\bluetooth\lib\EFR32BG1B\GCC\libbluetooth.a(ll_conn.c.obj)
                0x0001264c                ll_connHandleHostEvents
 .text.ll_connHandleNumberOfPackets
                0x0001291c       0x12 C:\Users\colto\SimplicityStudio\v4_workspace\testt\protocol\bluetooth\lib\EFR32BG1B\GCC\libbluetooth.a(ll_conn.c.obj)
                0x0001291c                ll_connHandleNumberOfPackets
 *fill*         0x0001292e        0x2 
 .text.ll_connGetNumberOfCompletedPackets
                0x00012930       0x84 C:\Users\colto\SimplicityStudio\v4_workspace\testt\protocol\bluetooth\lib\EFR32BG1B\GCC\libbluetooth.a(ll_conn.c.obj)
                0x00012930                ll_connGetNumberOfCompletedPackets
 .text.ll_connEnableDataFlow
                0x000129b4       0x1a C:\Users\colto\SimplicityStudio\v4_workspace\testt\protocol\bluetooth\lib\EFR32BG1B\GCC\libbluetooth.a(ll_conn.c.obj)
                0x000129b4                ll_connEnableDataFlow
 .text.ll_connIsFeatureSupported
                0x000129ce       0x20 C:\Users\colto\SimplicityStudio\v4_workspace\testt\protocol\bluetooth\lib\EFR32BG1B\GCC\libbluetooth.a(ll_conn.c.obj)
                0x000129ce                ll_connIsFeatureSupported
 *fill*         0x000129ee        0x2 
 .text.ll_connUpdatedChannelClassification
                0x000129f0       0x64 C:\Users\colto\SimplicityStudio\v4_workspace\testt\protocol\bluetooth\lib\EFR32BG1B\GCC\libbluetooth.a(ll_conn.c.obj)
                0x000129f0                ll_connUpdatedChannelClassification
 .text.ll_connValidateParams
                0x00012a54       0x3a C:\Users\colto\SimplicityStudio\v4_workspace\testt\protocol\bluetooth\lib\EFR32BG1B\GCC\libbluetooth.a(ll_conn.c.obj)
                0x00012a54                ll_connValidateParams
 *fill*         0x00012a8e        0x2 
 .text.ll_connInitNew
                0x00012a90      0x204 C:\Users\colto\SimplicityStudio\v4_workspace\testt\protocol\bluetooth\lib\EFR32BG1B\GCC\libbluetooth.a(ll_conn.c.obj)
                0x00012a90                ll_connInitNew
 .text.ll_connEncryptionInit
                0x00012c94        0x4 C:\Users\colto\SimplicityStudio\v4_workspace\testt\protocol\bluetooth\lib\EFR32BG1B\GCC\libbluetooth.a(ll_conn_enc.c.obj)
                0x00012c94                ll_connEncryptionInit
 .text.ll_encrypt
                0x00012c98       0x48 C:\Users\colto\SimplicityStudio\v4_workspace\testt\protocol\bluetooth\lib\EFR32BG1B\GCC\libbluetooth.a(ll_conn_enc.c.obj)
                0x00012c98                ll_encrypt
 .text.ll_connEncryptSetParams
                0x00012ce0       0x38 C:\Users\colto\SimplicityStudio\v4_workspace\testt\protocol\bluetooth\lib\EFR32BG1B\GCC\libbluetooth.a(ll_conn_enc.c.obj)
                0x00012ce0                ll_connEncryptSetParams
 .text.ll_connEncryptionConnectionInit
                0x00012d18       0x36 C:\Users\colto\SimplicityStudio\v4_workspace\testt\protocol\bluetooth\lib\EFR32BG1B\GCC\libbluetooth.a(ll_conn_enc.c.obj)
                0x00012d18                ll_connEncryptionConnectionInit
 .text.ll_connEncrypted
                0x00012d4e       0x14 C:\Users\colto\SimplicityStudio\v4_workspace\testt\protocol\bluetooth\lib\EFR32BG1B\GCC\libbluetooth.a(ll_conn_enc.c.obj)
                0x00012d4e                ll_connEncrypted
 .text.ll_connEncryptionFail
                0x00012d62       0x16 C:\Users\colto\SimplicityStudio\v4_workspace\testt\protocol\bluetooth\lib\EFR32BG1B\GCC\libbluetooth.a(ll_conn_enc.c.obj)
                0x00012d62                ll_connEncryptionFail
 .text.ll_connEncryptionSetSessionKey
                0x00012d78       0x4e C:\Users\colto\SimplicityStudio\v4_workspace\testt\protocol\bluetooth\lib\EFR32BG1B\GCC\libbluetooth.a(ll_conn_enc.c.obj)
                0x00012d78                ll_connEncryptionSetSessionKey
 *fill*         0x00012dc6        0x2 
 .text.ll_connEncBufferToData
                0x00012dc8       0x2c C:\Users\colto\SimplicityStudio\v4_workspace\testt\protocol\bluetooth\lib\EFR32BG1B\GCC\libbluetooth.a(ll_conn_enc.c.obj)
                0x00012dc8                ll_connEncBufferToData
 .text.ll_connEncDataToBuffer
                0x00012df4       0x28 C:\Users\colto\SimplicityStudio\v4_workspace\testt\protocol\bluetooth\lib\EFR32BG1B\GCC\libbluetooth.a(ll_conn_enc.c.obj)
                0x00012df4                ll_connEncDataToBuffer
 .text.ll_connDataTxEncrypt
                0x00012e1c       0x68 C:\Users\colto\SimplicityStudio\v4_workspace\testt\protocol\bluetooth\lib\EFR32BG1B\GCC\libbluetooth.a(ll_conn_enc.c.obj)
                0x00012e1c                ll_connDataTxEncrypt
 .text.ll_connDataRxDecrypt
                0x00012e84       0x6a C:\Users\colto\SimplicityStudio\v4_workspace\testt\protocol\bluetooth\lib\EFR32BG1B\GCC\libbluetooth.a(ll_conn_enc.c.obj)
                0x00012e84                ll_connDataRxDecrypt
 .text.ll_hciSetCommandCompleteHeader
                0x00012eee       0x22 C:\Users\colto\SimplicityStudio\v4_workspace\testt\protocol\bluetooth\lib\EFR32BG1B\GCC\libbluetooth.a(ll_hci.c.obj)
                0x00012eee                ll_hciSetCommandCompleteHeader
 .text.ll_hciSetMetaEventHeader
                0x00012f10       0x1a C:\Users\colto\SimplicityStudio\v4_workspace\testt\protocol\bluetooth\lib\EFR32BG1B\GCC\libbluetooth.a(ll_hci.c.obj)
                0x00012f10                ll_hciSetMetaEventHeader
 .text.ll_hciSetCommandStatusHeader
                0x00012f2a       0x22 C:\Users\colto\SimplicityStudio\v4_workspace\testt\protocol\bluetooth\lib\EFR32BG1B\GCC\libbluetooth.a(ll_hci.c.obj)
                0x00012f2a                ll_hciSetCommandStatusHeader
 .text.ll_hciSendHCIEvent
                0x00012f4c       0x1c C:\Users\colto\SimplicityStudio\v4_workspace\testt\protocol\bluetooth\lib\EFR32BG1B\GCC\libbluetooth.a(ll_hci.c.obj)
                0x00012f4c                ll_hciSendHCIEvent
 .text.ll_hciSendGenericCommandComplete
                0x00012f68       0x10 C:\Users\colto\SimplicityStudio\v4_workspace\testt\protocol\bluetooth\lib\EFR32BG1B\GCC\libbluetooth.a(ll_hci.c.obj)
                0x00012f68                ll_hciSendGenericCommandComplete
 .text.ll_hciInit
                0x00012f78       0x34 C:\Users\colto\SimplicityStudio\v4_workspace\testt\protocol\bluetooth\lib\EFR32BG1B\GCC\libbluetooth.a(ll_hci.c.obj)
                0x00012f78                ll_hciInit
 .text.ll_hciGetSharedCommand
                0x00012fac        0xc C:\Users\colto\SimplicityStudio\v4_workspace\testt\protocol\bluetooth\lib\EFR32BG1B\GCC\libbluetooth.a(ll_hci.c.obj)
                0x00012fac                ll_hciGetSharedCommand
 .text.ll_hciGetSharedResponse
                0x00012fb8        0xc C:\Users\colto\SimplicityStudio\v4_workspace\testt\protocol\bluetooth\lib\EFR32BG1B\GCC\libbluetooth.a(ll_hci.c.obj)
                0x00012fb8                ll_hciGetSharedResponse
 .text.ll_hciCall
                0x00012fc4       0x20 C:\Users\colto\SimplicityStudio\v4_workspace\testt\protocol\bluetooth\lib\EFR32BG1B\GCC\libbluetooth.a(ll_hci.c.obj)
                0x00012fc4                ll_hciCall
 .text.BTLE_HCIToLLCmdSAP
                0x00012fe4       0x30 C:\Users\colto\SimplicityStudio\v4_workspace\testt\protocol\bluetooth\lib\EFR32BG1B\GCC\libbluetooth.a(ll_hci.c.obj)
                0x00012fe4                BTLE_HCIToLLCmdSAP
 .text.BTLE_HCIToLLDataSAP
                0x00013014       0x44 C:\Users\colto\SimplicityStudio\v4_workspace\testt\protocol\bluetooth\lib\EFR32BG1B\GCC\libbluetooth.a(ll_hci.c.obj)
                0x00013014                BTLE_HCIToLLDataSAP
 .text.ll_hciHandleDisconnect
                0x00013058       0x46 C:\Users\colto\SimplicityStudio\v4_workspace\testt\protocol\bluetooth\lib\EFR32BG1B\GCC\libbluetooth.a(ll_hci.c.obj)
                0x00013058                ll_hciHandleDisconnect
 .text.ll_hciHandleUnknown
                0x0001309e        0xc C:\Users\colto\SimplicityStudio\v4_workspace\testt\protocol\bluetooth\lib\EFR32BG1B\GCC\libbluetooth.a(ll_hci.c.obj)
                0x0001309e                ll_hciHandleUnknown
 .text.ll_hciHandleReset
                0x000130aa       0x18 C:\Users\colto\SimplicityStudio\v4_workspace\testt\protocol\bluetooth\lib\EFR32BG1B\GCC\libbluetooth.a(ll_hci.c.obj)
                0x000130aa                ll_hciHandleReset
 *fill*         0x000130c2        0x2 
 .text.ll_hciHandleReadBDADDR
                0x000130c4       0x2c C:\Users\colto\SimplicityStudio\v4_workspace\testt\protocol\bluetooth\lib\EFR32BG1B\GCC\libbluetooth.a(ll_hci.c.obj)
                0x000130c4                ll_hciHandleReadBDADDR
 .text.ll_hciHandleSetHostChannelClassification
                0x000130f0       0x3e C:\Users\colto\SimplicityStudio\v4_workspace\testt\protocol\bluetooth\lib\EFR32BG1B\GCC\libbluetooth.a(ll_hci.c.obj)
                0x000130f0                ll_hciHandleSetHostChannelClassification
 .text.ll_hciHandleLeWriteRfPathCompensation
                0x0001312e       0x26 C:\Users\colto\SimplicityStudio\v4_workspace\testt\protocol\bluetooth\lib\EFR32BG1B\GCC\libbluetooth.a(ll_hci.c.obj)
                0x0001312e                ll_hciHandleLeWriteRfPathCompensation
 .text.ll_hciHandleLeStartEncryption
                0x00013154       0x50 C:\Users\colto\SimplicityStudio\v4_workspace\testt\protocol\bluetooth\lib\EFR32BG1B\GCC\libbluetooth.a(ll_hci.c.obj)
                0x00013154                ll_hciHandleLeStartEncryption
 .text.ll_hciHandleLeLtkNegReply
                0x000131a4       0x3a C:\Users\colto\SimplicityStudio\v4_workspace\testt\protocol\bluetooth\lib\EFR32BG1B\GCC\libbluetooth.a(ll_hci.c.obj)
                0x000131a4                ll_hciHandleLeLtkNegReply
 .text.ll_hciHandleLeLtkReply
                0x000131de       0x44 C:\Users\colto\SimplicityStudio\v4_workspace\testt\protocol\bluetooth\lib\EFR32BG1B\GCC\libbluetooth.a(ll_hci.c.obj)
                0x000131de                ll_hciHandleLeLtkReply
 .text.ll_hciHandleSiliconLabsSetConnectionConfigBits
                0x00013222       0x30 C:\Users\colto\SimplicityStudio\v4_workspace\testt\protocol\bluetooth\lib\EFR32BG1B\GCC\libbluetooth.a(ll_hci.c.obj)
                0x00013222                ll_hciHandleSiliconLabsSetConnectionConfigBits
 .text.ll_hciHandleSiliconLabsClearConnectionConfigBits
                0x00013252       0x30 C:\Users\colto\SimplicityStudio\v4_workspace\testt\protocol\bluetooth\lib\EFR32BG1B\GCC\libbluetooth.a(ll_hci.c.obj)
                0x00013252                ll_hciHandleSiliconLabsClearConnectionConfigBits
 .text.ll_hciHandleSiliconLabsConfigFlags
                0x00013282       0x46 C:\Users\colto\SimplicityStudio\v4_workspace\testt\protocol\bluetooth\lib\EFR32BG1B\GCC\libbluetooth.a(ll_hci.c.obj)
                0x00013282                ll_hciHandleSiliconLabsConfigFlags
 .text.ll_hciHandleSiliconLabsGetCounters
                0x000132c8       0x56 C:\Users\colto\SimplicityStudio\v4_workspace\testt\protocol\bluetooth\lib\EFR32BG1B\GCC\libbluetooth.a(ll_hci.c.obj)
                0x000132c8                ll_hciHandleSiliconLabsGetCounters
 .text.ll_hciHandleSiliconLabsGetTiming
                0x0001331e       0x1e C:\Users\colto\SimplicityStudio\v4_workspace\testt\protocol\bluetooth\lib\EFR32BG1B\GCC\libbluetooth.a(ll_hci.c.obj)
                0x0001331e                ll_hciHandleSiliconLabsGetTiming
 .text.ll_hciHandleSiliconLabsConfigure
                0x0001333c       0x98 C:\Users\colto\SimplicityStudio\v4_workspace\testt\protocol\bluetooth\lib\EFR32BG1B\GCC\libbluetooth.a(ll_hci.c.obj)
                0x0001333c                ll_hciHandleSiliconLabsConfigure
 .text.ll_hciHandleLeSetRandomAddress
                0x000133d4       0x32 C:\Users\colto\SimplicityStudio\v4_workspace\testt\protocol\bluetooth\lib\EFR32BG1B\GCC\libbluetooth.a(ll_hci.c.obj)
                0x000133d4                ll_hciHandleLeSetRandomAddress
 *fill*         0x00013406        0x2 
 .text.ll_hciCmdSetExtendedAdvertisingParameters
                0x00013408      0x10c C:\Users\colto\SimplicityStudio\v4_workspace\testt\protocol\bluetooth\lib\EFR32BG1B\GCC\libbluetooth.a(ll_hci.c.obj)
                0x00013408                ll_hciCmdSetExtendedAdvertisingParameters
 .text.ll_hciHandleLeSetExtendedScanParameters
                0x00013514       0x3a C:\Users\colto\SimplicityStudio\v4_workspace\testt\protocol\bluetooth\lib\EFR32BG1B\GCC\libbluetooth.a(ll_hci.c.obj)
                0x00013514                ll_hciHandleLeSetExtendedScanParameters
 .text.ll_hciHandleLeSetScanParameters
                0x0001354e       0x3e C:\Users\colto\SimplicityStudio\v4_workspace\testt\protocol\bluetooth\lib\EFR32BG1B\GCC\libbluetooth.a(ll_hci.c.obj)
                0x0001354e                ll_hciHandleLeSetScanParameters
 .text.ll_hciHandleLeSetExtendedScanEnable
                0x0001358c       0x36 C:\Users\colto\SimplicityStudio\v4_workspace\testt\protocol\bluetooth\lib\EFR32BG1B\GCC\libbluetooth.a(ll_hci.c.obj)
                0x0001358c                ll_hciHandleLeSetExtendedScanEnable
 .text.ll_hciHandleLeConnectionUpdate
                0x000135c2       0x60 C:\Users\colto\SimplicityStudio\v4_workspace\testt\protocol\bluetooth\lib\EFR32BG1B\GCC\libbluetooth.a(ll_hci.c.obj)
                0x000135c2                ll_hciHandleLeConnectionUpdate
 .text.ll_hciHandleLeCreateConnectionCancel
                0x00013622       0x30 C:\Users\colto\SimplicityStudio\v4_workspace\testt\protocol\bluetooth\lib\EFR32BG1B\GCC\libbluetooth.a(ll_hci.c.obj)
                0x00013622                ll_hciHandleLeCreateConnectionCancel
 .text.ll_hciHandleLeCreateConnection
                0x00013652       0x92 C:\Users\colto\SimplicityStudio\v4_workspace\testt\protocol\bluetooth\lib\EFR32BG1B\GCC\libbluetooth.a(ll_hci.c.obj)
                0x00013652                ll_hciHandleLeCreateConnection
 .text.ll_hciHandleLeExtendedCreateConnection
                0x000136e4       0x96 C:\Users\colto\SimplicityStudio\v4_workspace\testt\protocol\bluetooth\lib\EFR32BG1B\GCC\libbluetooth.a(ll_hci.c.obj)
                0x000136e4                ll_hciHandleLeExtendedCreateConnection
 .text.ll_hciHandleLeWriteSuggestedDefaultDataLength
                0x0001377a       0x28 C:\Users\colto\SimplicityStudio\v4_workspace\testt\protocol\bluetooth\lib\EFR32BG1B\GCC\libbluetooth.a(ll_hci.c.obj)
                0x0001377a                ll_hciHandleLeWriteSuggestedDefaultDataLength
 .text.ll_hciHandleLeSetDataLength
                0x000137a2       0x5a C:\Users\colto\SimplicityStudio\v4_workspace\testt\protocol\bluetooth\lib\EFR32BG1B\GCC\libbluetooth.a(ll_hci.c.obj)
                0x000137a2                ll_hciHandleLeSetDataLength
 .text.ll_hciReadRemoteUsedFeatures
                0x000137fc       0x40 C:\Users\colto\SimplicityStudio\v4_workspace\testt\protocol\bluetooth\lib\EFR32BG1B\GCC\libbluetooth.a(ll_hci.c.obj)
                0x000137fc                ll_hciReadRemoteUsedFeatures
 .text.ll_hciReadRemoteVersionInformation
                0x0001383c       0x40 C:\Users\colto\SimplicityStudio\v4_workspace\testt\protocol\bluetooth\lib\EFR32BG1B\GCC\libbluetooth.a(ll_hci.c.obj)
                0x0001383c                ll_hciReadRemoteVersionInformation
 .text.ll_hciHandleReadRssi
                0x0001387c       0x40 C:\Users\colto\SimplicityStudio\v4_workspace\testt\protocol\bluetooth\lib\EFR32BG1B\GCC\libbluetooth.a(ll_hci.c.obj)
                0x0001387c                ll_hciHandleReadRssi
 .text.ll_hciSendLeConnectionUpdate
                0x000138bc       0x3a C:\Users\colto\SimplicityStudio\v4_workspace\testt\protocol\bluetooth\lib\EFR32BG1B\GCC\libbluetooth.a(ll_hci.c.obj)
                0x000138bc                ll_hciSendLeConnectionUpdate
 .text.ll_hciSendLeConnectionComplete
                0x000138f6       0x74 C:\Users\colto\SimplicityStudio\v4_workspace\testt\protocol\bluetooth\lib\EFR32BG1B\GCC\libbluetooth.a(ll_hci.c.obj)
                0x000138f6                ll_hciSendLeConnectionComplete
 .text.ll_hciSendVersionComplete
                0x0001396a       0x4a C:\Users\colto\SimplicityStudio\v4_workspace\testt\protocol\bluetooth\lib\EFR32BG1B\GCC\libbluetooth.a(ll_hci.c.obj)
                0x0001396a                ll_hciSendVersionComplete
 .text.ll_hciSendUsedFeaturesComplete
                0x000139b4       0x34 C:\Users\colto\SimplicityStudio\v4_workspace\testt\protocol\bluetooth\lib\EFR32BG1B\GCC\libbluetooth.a(ll_hci.c.obj)
                0x000139b4                ll_hciSendUsedFeaturesComplete
 .text.ll_hciSendEncryptionKeyRefreshComplete
                0x000139e8       0x30 C:\Users\colto\SimplicityStudio\v4_workspace\testt\protocol\bluetooth\lib\EFR32BG1B\GCC\libbluetooth.a(ll_hci.c.obj)
                0x000139e8                ll_hciSendEncryptionKeyRefreshComplete
 .text.ll_hciSendEncryptionChange
                0x00013a18       0x38 C:\Users\colto\SimplicityStudio\v4_workspace\testt\protocol\bluetooth\lib\EFR32BG1B\GCC\libbluetooth.a(ll_hci.c.obj)
                0x00013a18                ll_hciSendEncryptionChange
 .text.ll_hciSendLeDataLengthChanged
                0x00013a50       0x44 C:\Users\colto\SimplicityStudio\v4_workspace\testt\protocol\bluetooth\lib\EFR32BG1B\GCC\libbluetooth.a(ll_hci.c.obj)
                0x00013a50                ll_hciSendLeDataLengthChanged
 .text.ll_hciSendLeLtkRequest
                0x00013a94       0x3a C:\Users\colto\SimplicityStudio\v4_workspace\testt\protocol\bluetooth\lib\EFR32BG1B\GCC\libbluetooth.a(ll_hci.c.obj)
                0x00013a94                ll_hciSendLeLtkRequest
 .text.ll_hciSendScanTimeout
                0x00013ace       0x1a C:\Users\colto\SimplicityStudio\v4_workspace\testt\protocol\bluetooth\lib\EFR32BG1B\GCC\libbluetooth.a(ll_hci.c.obj)
                0x00013ace                ll_hciSendScanTimeout
 .text.ll_hciSendAdvSetTerminated
                0x00013ae8       0x40 C:\Users\colto\SimplicityStudio\v4_workspace\testt\protocol\bluetooth\lib\EFR32BG1B\GCC\libbluetooth.a(ll_hci.c.obj)
                0x00013ae8                ll_hciSendAdvSetTerminated
 .text.ll_hciSendScanRequestReceived
                0x00013b28       0x32 C:\Users\colto\SimplicityStudio\v4_workspace\testt\protocol\bluetooth\lib\EFR32BG1B\GCC\libbluetooth.a(ll_hci.c.obj)
                0x00013b28                ll_hciSendScanRequestReceived
 .text.ll_hciSendLeChannelSelectionAlgorithm
                0x00013b5a       0x2e C:\Users\colto\SimplicityStudio\v4_workspace\testt\protocol\bluetooth\lib\EFR32BG1B\GCC\libbluetooth.a(ll_hci.c.obj)
                0x00013b5a                ll_hciSendLeChannelSelectionAlgorithm
 .text.ll_hciSendNumberOfCompletedPackets
                0x00013b88       0x2e C:\Users\colto\SimplicityStudio\v4_workspace\testt\protocol\bluetooth\lib\EFR32BG1B\GCC\libbluetooth.a(ll_hci.c.obj)
                0x00013b88                ll_hciSendNumberOfCompletedPackets
 .text.ll_hciHandleCommand
                0x00013bb6      0x202 C:\Users\colto\SimplicityStudio\v4_workspace\testt\protocol\bluetooth\lib\EFR32BG1B\GCC\libbluetooth.a(ll_hci.c.obj)
                0x00013bb6                ll_hciHandleCommand
 .text.ll_hciSendDisconnection
                0x00013db8       0x34 C:\Users\colto\SimplicityStudio\v4_workspace\testt\protocol\bluetooth\lib\EFR32BG1B\GCC\libbluetooth.a(ll_hci.c.obj)
                0x00013db8                ll_hciSendDisconnection
 .text.ll_hciSendLeAdvertisingReport
                0x00013dec       0x2a C:\Users\colto\SimplicityStudio\v4_workspace\testt\protocol\bluetooth\lib\EFR32BG1B\GCC\libbluetooth.a(ll_hci.c.obj)
                0x00013dec                ll_hciSendLeAdvertisingReport
 .text.ll_hciHandleACL
                0x00013e16       0x40 C:\Users\colto\SimplicityStudio\v4_workspace\testt\protocol\bluetooth\lib\EFR32BG1B\GCC\libbluetooth.a(ll_hci.c.obj)
                0x00013e16                ll_hciHandleACL
 *fill*         0x00013e56        0x2 
 .text.ll_hciHandleMessage
                0x00013e58       0x48 C:\Users\colto\SimplicityStudio\v4_workspace\testt\protocol\bluetooth\lib\EFR32BG1B\GCC\libbluetooth.a(ll_hci.c.obj)
                0x00013e58                ll_hciHandleMessage
 .text.ll_hciAclPacketReceived
                0x00013ea0        0x4 C:\Users\colto\SimplicityStudio\v4_workspace\testt\protocol\bluetooth\lib\EFR32BG1B\GCC\libbluetooth.a(ll_hci.c.obj)
                0x00013ea0                ll_hciAclPacketReceived
 .text.ll_hciCmdSetExtendedAdvertisingData
                0x00013ea4       0x40 C:\Users\colto\SimplicityStudio\v4_workspace\testt\protocol\bluetooth\lib\EFR32BG1B\GCC\libbluetooth.a(ll_hci.c.obj)
                0x00013ea4                ll_hciCmdSetExtendedAdvertisingData
 .text.ll_hciCmdSetExtendedScanResponseData
                0x00013ee4       0x40 C:\Users\colto\SimplicityStudio\v4_workspace\testt\protocol\bluetooth\lib\EFR32BG1B\GCC\libbluetooth.a(ll_hci.c.obj)
                0x00013ee4                ll_hciCmdSetExtendedScanResponseData
 .text.ll_hciCmdSetExtendedAdvertisingEnable
                0x00013f24       0x80 C:\Users\colto\SimplicityStudio\v4_workspace\testt\protocol\bluetooth\lib\EFR32BG1B\GCC\libbluetooth.a(ll_hci.c.obj)
                0x00013f24                ll_hciCmdSetExtendedAdvertisingEnable
 .text.ll_hciCmdSetAdvertisingSetRandomAddress
                0x00013fa4       0x38 C:\Users\colto\SimplicityStudio\v4_workspace\testt\protocol\bluetooth\lib\EFR32BG1B\GCC\libbluetooth.a(ll_hci.c.obj)
                0x00013fa4                ll_hciCmdSetAdvertisingSetRandomAddress
 .text.ll_initPhy
                0x00013fdc        0x2 C:\Users\colto\SimplicityStudio\v4_workspace\testt\protocol\bluetooth\lib\EFR32BG1B\GCC\libbluetooth.a(ll_hci_phy.c.obj)
                0x00013fdc                ll_initPhy
 *fill*         0x00013fde        0x2 
 .text.ll_hciSendLePhyUpdateComplete
                0x00013fe0       0x4c C:\Users\colto\SimplicityStudio\v4_workspace\testt\protocol\bluetooth\lib\EFR32BG1B\GCC\libbluetooth.a(ll_hci_phy.c.obj)
                0x00013fe0                ll_hciSendLePhyUpdateComplete
 .text.ll_hciCmdLeReadPhy
                0x0001402c       0x60 C:\Users\colto\SimplicityStudio\v4_workspace\testt\protocol\bluetooth\lib\EFR32BG1B\GCC\libbluetooth.a(ll_hci_phy.c.obj)
                0x0001402c                ll_hciCmdLeReadPhy
 .text.ll_llcpCallbackLinkLost
                0x0001408c        0x4 C:\Users\colto\SimplicityStudio\v4_workspace\testt\protocol\bluetooth\lib\EFR32BG1B\GCC\libbluetooth.a(ll_llcp.c.obj)
 .text.ll_connIsSlave
                0x00014090        0xc C:\Users\colto\SimplicityStudio\v4_workspace\testt\protocol\bluetooth\lib\EFR32BG1B\GCC\libbluetooth.a(ll_llcp.c.obj)
 .text.ll_llcpCallbackRemoteTerminate
                0x0001409c        0xc C:\Users\colto\SimplicityStudio\v4_workspace\testt\protocol\bluetooth\lib\EFR32BG1B\GCC\libbluetooth.a(ll_llcp.c.obj)
 .text.ll_llcpCallbackLocalTerminate
                0x000140a8       0x18 C:\Users\colto\SimplicityStudio\v4_workspace\testt\protocol\bluetooth\lib\EFR32BG1B\GCC\libbluetooth.a(ll_llcp.c.obj)
 .text.ll_llcpHandleEvent
                0x000140c0       0x42 C:\Users\colto\SimplicityStudio\v4_workspace\testt\protocol\bluetooth\lib\EFR32BG1B\GCC\libbluetooth.a(ll_llcp.c.obj)
                0x000140c0                ll_llcpHandleEvent
 .text.ll_llcpSend
                0x00014102       0x1a C:\Users\colto\SimplicityStudio\v4_workspace\testt\protocol\bluetooth\lib\EFR32BG1B\GCC\libbluetooth.a(ll_llcp.c.obj)
                0x00014102                ll_llcpSend
 .text.ll_llcpSendVersionInd
                0x0001411c       0x40 C:\Users\colto\SimplicityStudio\v4_workspace\testt\protocol\bluetooth\lib\EFR32BG1B\GCC\libbluetooth.a(ll_llcp.c.obj)
 .text.ll_llcpHandleFeatureReq
                0x0001415c       0x3e C:\Users\colto\SimplicityStudio\v4_workspace\testt\protocol\bluetooth\lib\EFR32BG1B\GCC\libbluetooth.a(ll_llcp.c.obj)
 .text.ll_llcpSendReject
                0x0001419a       0x58 C:\Users\colto\SimplicityStudio\v4_workspace\testt\protocol\bluetooth\lib\EFR32BG1B\GCC\libbluetooth.a(ll_llcp.c.obj)
                0x0001419a                ll_llcpSendReject
 *fill*         0x000141f2        0x2 
 .text.ll_llcpGenericValidation
                0x000141f4       0x78 C:\Users\colto\SimplicityStudio\v4_workspace\testt\protocol\bluetooth\lib\EFR32BG1B\GCC\libbluetooth.a(ll_llcp.c.obj)
                0x000141f4                ll_llcpGenericValidation
 .text.ll_llcpInitPacket
                0x0001426c       0x14 C:\Users\colto\SimplicityStudio\v4_workspace\testt\protocol\bluetooth\lib\EFR32BG1B\GCC\libbluetooth.a(ll_llcp.c.obj)
                0x0001426c                ll_llcpInitPacket
 .text.ll_llcpEventKeyRequest
                0x00014280       0x24 C:\Users\colto\SimplicityStudio\v4_workspace\testt\protocol\bluetooth\lib\EFR32BG1B\GCC\libbluetooth.a(ll_llcp.c.obj)
                0x00014280                ll_llcpEventKeyRequest
 .text.ll_connSetLlcpCallback
                0x000142a4       0x88 C:\Users\colto\SimplicityStudio\v4_workspace\testt\protocol\bluetooth\lib\EFR32BG1B\GCC\libbluetooth.a(ll_llcp.c.obj)
                0x000142a4                ll_connSetLlcpCallback
 .text.ll_llcpConnectionUpdate_sender
                0x0001432c       0xc0 C:\Users\colto\SimplicityStudio\v4_workspace\testt\protocol\bluetooth\lib\EFR32BG1B\GCC\libbluetooth.a(ll_llcp.c.obj)
 .text.ll_llcpUpdateChannelMap_sender
                0x000143ec       0x70 C:\Users\colto\SimplicityStudio\v4_workspace\testt\protocol\bluetooth\lib\EFR32BG1B\GCC\libbluetooth.a(ll_llcp.c.obj)
 .text.ll_llcpFeatureExchange_sender
                0x0001445c       0x78 C:\Users\colto\SimplicityStudio\v4_workspace\testt\protocol\bluetooth\lib\EFR32BG1B\GCC\libbluetooth.a(ll_llcp.c.obj)
 .text.ll_llcpReadVersionInformation_sender
                0x000144d4       0x2c C:\Users\colto\SimplicityStudio\v4_workspace\testt\protocol\bluetooth\lib\EFR32BG1B\GCC\libbluetooth.a(ll_llcp.c.obj)
 .text.ll_llcpSendLengthReq_sender
                0x00014500       0x6c C:\Users\colto\SimplicityStudio\v4_workspace\testt\protocol\bluetooth\lib\EFR32BG1B\GCC\libbluetooth.a(ll_llcp.c.obj)
 .text.ll_llcpStartEncryption_sender
                0x0001456c      0x100 C:\Users\colto\SimplicityStudio\v4_workspace\testt\protocol\bluetooth\lib\EFR32BG1B\GCC\libbluetooth.a(ll_llcp.c.obj)
 .text.ll_connClearLlcpCallback
                0x0001466c       0x3e C:\Users\colto\SimplicityStudio\v4_workspace\testt\protocol\bluetooth\lib\EFR32BG1B\GCC\libbluetooth.a(ll_llcp.c.obj)
                0x0001466c                ll_connClearLlcpCallback
 .text.ll_llcpCallbackConnectionUpdateParams
                0x000146aa       0x68 C:\Users\colto\SimplicityStudio\v4_workspace\testt\protocol\bluetooth\lib\EFR32BG1B\GCC\libbluetooth.a(ll_llcp.c.obj)
 *fill*         0x00014712        0x2 
 .text.ll_llcpCallbackConnectionUpdatePreListen
                0x00014714       0x4c C:\Users\colto\SimplicityStudio\v4_workspace\testt\protocol\bluetooth\lib\EFR32BG1B\GCC\libbluetooth.a(ll_llcp.c.obj)
 .text.ll_llcpCallbackChannelMapUpdate
                0x00014760       0x48 C:\Users\colto\SimplicityStudio\v4_workspace\testt\protocol\bluetooth\lib\EFR32BG1B\GCC\libbluetooth.a(ll_llcp.c.obj)
 .text.ll_llcpCallbackChannelMapUpdateMaster
                0x000147a8       0x28 C:\Users\colto\SimplicityStudio\v4_workspace\testt\protocol\bluetooth\lib\EFR32BG1B\GCC\libbluetooth.a(ll_llcp.c.obj)
 .text.ll_connAbortLlcp
                0x000147d0       0x24 C:\Users\colto\SimplicityStudio\v4_workspace\testt\protocol\bluetooth\lib\EFR32BG1B\GCC\libbluetooth.a(ll_llcp.c.obj)
                0x000147d0                ll_connAbortLlcp
 .text.ll_llcpCommonTimeout.isra.1
                0x000147f4       0x32 C:\Users\colto\SimplicityStudio\v4_workspace\testt\protocol\bluetooth\lib\EFR32BG1B\GCC\libbluetooth.a(ll_llcp.c.obj)
 .text.ll_llcpCallbackLengthReqSent
                0x00014826        0x4 C:\Users\colto\SimplicityStudio\v4_workspace\testt\protocol\bluetooth\lib\EFR32BG1B\GCC\libbluetooth.a(ll_llcp.c.obj)
 .text.ll_llcpCallbackFeatureReqSent
                0x0001482a       0x26 C:\Users\colto\SimplicityStudio\v4_workspace\testt\protocol\bluetooth\lib\EFR32BG1B\GCC\libbluetooth.a(ll_llcp.c.obj)
 .text.ll_llcpVersionExchange
                0x00014850        0x4 C:\Users\colto\SimplicityStudio\v4_workspace\testt\protocol\bluetooth\lib\EFR32BG1B\GCC\libbluetooth.a(ll_llcp.c.obj)
 .text.ll_llcpCallbackEncryption
                0x00014854       0x72 C:\Users\colto\SimplicityStudio\v4_workspace\testt\protocol\bluetooth\lib\EFR32BG1B\GCC\libbluetooth.a(ll_llcp.c.obj)
 .text.ll_llcpLtkReply
                0x000148c6       0x72 C:\Users\colto\SimplicityStudio\v4_workspace\testt\protocol\bluetooth\lib\EFR32BG1B\GCC\libbluetooth.a(ll_llcp.c.obj)
                0x000148c6                ll_llcpLtkReply
 .text.ll_llcpDisconnect
                0x00014938       0x80 C:\Users\colto\SimplicityStudio\v4_workspace\testt\protocol\bluetooth\lib\EFR32BG1B\GCC\libbluetooth.a(ll_llcp.c.obj)
                0x00014938                ll_llcpDisconnect
 .text.ll_llcpLinkLost
                0x000149b8       0x3c C:\Users\colto\SimplicityStudio\v4_workspace\testt\protocol\bluetooth\lib\EFR32BG1B\GCC\libbluetooth.a(ll_llcp.c.obj)
                0x000149b8                ll_llcpLinkLost
 .text.ll_llcpCheckInstant
                0x000149f4       0x22 C:\Users\colto\SimplicityStudio\v4_workspace\testt\protocol\bluetooth\lib\EFR32BG1B\GCC\libbluetooth.a(ll_llcp.c.obj)
                0x000149f4                ll_llcpCheckInstant
 *fill*         0x00014a16        0x2 
 .text.ll_llcpHandlePacketCommon
                0x00014a18      0x280 C:\Users\colto\SimplicityStudio\v4_workspace\testt\protocol\bluetooth\lib\EFR32BG1B\GCC\libbluetooth.a(ll_llcp.c.obj)
                0x00014a18                ll_llcpHandlePacketCommon
 .text.ll_llcpHandlePacketMaster
                0x00014c98      0x104 C:\Users\colto\SimplicityStudio\v4_workspace\testt\protocol\bluetooth\lib\EFR32BG1B\GCC\libbluetooth.a(ll_llcp.c.obj)
                0x00014c98                ll_llcpHandlePacketMaster
 .text.ll_llcpHandlePacketSlave
                0x00014d9c      0x214 C:\Users\colto\SimplicityStudio\v4_workspace\testt\protocol\bluetooth\lib\EFR32BG1B\GCC\libbluetooth.a(ll_llcp.c.obj)
                0x00014d9c                ll_llcpHandlePacketSlave
 .text.ll_llcpHandlePacket
                0x00014fb0       0x2c C:\Users\colto\SimplicityStudio\v4_workspace\testt\protocol\bluetooth\lib\EFR32BG1B\GCC\libbluetooth.a(ll_llcp.c.obj)
                0x00014fb0                ll_llcpHandlePacket
 .text.ll_llcpGetInstantProcedure
                0x00014fdc       0x28 C:\Users\colto\SimplicityStudio\v4_workspace\testt\protocol\bluetooth\lib\EFR32BG1B\GCC\libbluetooth.a(ll_llcp.c.obj)
                0x00014fdc                ll_llcpGetInstantProcedure
 .text.ll_llcpGetNextEvent
                0x00015004       0x58 C:\Users\colto\SimplicityStudio\v4_workspace\testt\protocol\bluetooth\lib\EFR32BG1B\GCC\libbluetooth.a(ll_llcp.c.obj)
                0x00015004                ll_llcpGetNextEvent
 .text.ll_startOrQueueProcedure
                0x0001505c       0x5a C:\Users\colto\SimplicityStudio\v4_workspace\testt\protocol\bluetooth\lib\EFR32BG1B\GCC\libbluetooth.a(ll_llcp.c.obj)
                0x0001505c                ll_startOrQueueProcedure
 *fill*         0x000150b6        0x2 
 .text.ll_llcpConnectionUpdate
                0x000150b8       0x30 C:\Users\colto\SimplicityStudio\v4_workspace\testt\protocol\bluetooth\lib\EFR32BG1B\GCC\libbluetooth.a(ll_llcp.c.obj)
                0x000150b8                ll_llcpConnectionUpdate
 .text.ll_llcpUpdateChannelMap
                0x000150e8        0xc C:\Users\colto\SimplicityStudio\v4_workspace\testt\protocol\bluetooth\lib\EFR32BG1B\GCC\libbluetooth.a(ll_llcp.c.obj)
                0x000150e8                ll_llcpUpdateChannelMap
 .text.ll_llcpFeatureExchange
                0x000150f4       0x4c C:\Users\colto\SimplicityStudio\v4_workspace\testt\protocol\bluetooth\lib\EFR32BG1B\GCC\libbluetooth.a(ll_llcp.c.obj)
                0x000150f4                ll_llcpFeatureExchange
 .text.ll_llcpReadVersionInformation
                0x00015140       0x48 C:\Users\colto\SimplicityStudio\v4_workspace\testt\protocol\bluetooth\lib\EFR32BG1B\GCC\libbluetooth.a(ll_llcp.c.obj)
                0x00015140                ll_llcpReadVersionInformation
 .text.ll_llcpSendLengthReq
                0x00015188       0x34 C:\Users\colto\SimplicityStudio\v4_workspace\testt\protocol\bluetooth\lib\EFR32BG1B\GCC\libbluetooth.a(ll_llcp.c.obj)
                0x00015188                ll_llcpSendLengthReq
 .text.ll_llcpStartEncryption
                0x000151bc       0x30 C:\Users\colto\SimplicityStudio\v4_workspace\testt\protocol\bluetooth\lib\EFR32BG1B\GCC\libbluetooth.a(ll_llcp.c.obj)
                0x000151bc                ll_llcpStartEncryption
 .text.ll_llcpClean
                0x000151ec       0x34 C:\Users\colto\SimplicityStudio\v4_workspace\testt\protocol\bluetooth\lib\EFR32BG1B\GCC\libbluetooth.a(ll_llcp.c.obj)
                0x000151ec                ll_llcpClean
 .text.llcp_HandleQueue
                0x00015220       0x40 C:\Users\colto\SimplicityStudio\v4_workspace\testt\protocol\bluetooth\lib\EFR32BG1B\GCC\libbluetooth.a(ll_llcp.c.obj)
                0x00015220                llcp_HandleQueue
 .text.getSupportedPhys
                0x00015260       0x24 C:\Users\colto\SimplicityStudio\v4_workspace\testt\protocol\bluetooth\lib\EFR32BG1B\GCC\libbluetooth.a(ll_llcp_phy.c.obj)
 .text.phyUpdateComplete.isra.0
                0x00015284       0x62 C:\Users\colto\SimplicityStudio\v4_workspace\testt\protocol\bluetooth\lib\EFR32BG1B\GCC\libbluetooth.a(ll_llcp_phy.c.obj)
 .text.ll_llcpCallbackPhyUpdate
                0x000152e6       0x4a C:\Users\colto\SimplicityStudio\v4_workspace\testt\protocol\bluetooth\lib\EFR32BG1B\GCC\libbluetooth.a(ll_llcp_phy.c.obj)
                0x000152e6                ll_llcpCallbackPhyUpdate
 .text.ll_llcpUpdatePhyAtInstant
                0x00015330       0x54 C:\Users\colto\SimplicityStudio\v4_workspace\testt\protocol\bluetooth\lib\EFR32BG1B\GCC\libbluetooth.a(ll_llcp_phy.c.obj)
 .text.ll_llcpCallbackPhyUpdateInstant
                0x00015384       0x24 C:\Users\colto\SimplicityStudio\v4_workspace\testt\protocol\bluetooth\lib\EFR32BG1B\GCC\libbluetooth.a(ll_llcp_phy.c.obj)
 .text.ll_llcpMasterUpdatePhy
                0x000153a8       0xd8 C:\Users\colto\SimplicityStudio\v4_workspace\testt\protocol\bluetooth\lib\EFR32BG1B\GCC\libbluetooth.a(ll_llcp_phy.c.obj)
 .text.ll_llcpMasterHandlePhyReq
                0x00015480       0x30 C:\Users\colto\SimplicityStudio\v4_workspace\testt\protocol\bluetooth\lib\EFR32BG1B\GCC\libbluetooth.a(ll_llcp_phy.c.obj)
                0x00015480                ll_llcpMasterHandlePhyReq
 .text.ll_llcpMasterHandlePhyRsp
                0x000154b0       0x24 C:\Users\colto\SimplicityStudio\v4_workspace\testt\protocol\bluetooth\lib\EFR32BG1B\GCC\libbluetooth.a(ll_llcp_phy.c.obj)
                0x000154b0                ll_llcpMasterHandlePhyRsp
 .text.ll_llcpSlaveHandlePhyReq
                0x000154d4       0xcc C:\Users\colto\SimplicityStudio\v4_workspace\testt\protocol\bluetooth\lib\EFR32BG1B\GCC\libbluetooth.a(ll_llcp_phy.c.obj)
                0x000154d4                ll_llcpSlaveHandlePhyReq
 .text.ll_llcpSlaveHandlePhyUpdateInd
                0x000155a0       0x30 C:\Users\colto\SimplicityStudio\v4_workspace\testt\protocol\bluetooth\lib\EFR32BG1B\GCC\libbluetooth.a(ll_llcp_phy.c.obj)
                0x000155a0                ll_llcpSlaveHandlePhyUpdateInd
 .text.ll_llcpHandlePacketPhyMaster
                0x000155d0       0x22 C:\Users\colto\SimplicityStudio\v4_workspace\testt\protocol\bluetooth\lib\EFR32BG1B\GCC\libbluetooth.a(ll_llcp_phy.c.obj)
                0x000155d0                ll_llcpHandlePacketPhyMaster
 .text.ll_llcpHandlePacketPhySlave
                0x000155f2       0x22 C:\Users\colto\SimplicityStudio\v4_workspace\testt\protocol\bluetooth\lib\EFR32BG1B\GCC\libbluetooth.a(ll_llcp_phy.c.obj)
                0x000155f2                ll_llcpHandlePacketPhySlave
 .text.ll_radioTimerExpired
                0x00015614        0x4 C:\Users\colto\SimplicityStudio\v4_workspace\testt\protocol\bluetooth\lib\EFR32BG1B\GCC\libbluetooth.a(ll_radio.c.obj)
 .text.ll_radioAllocatePacket
                0x00015618       0x6c C:\Users\colto\SimplicityStudio\v4_workspace\testt\protocol\bluetooth\lib\EFR32BG1B\GCC\libbluetooth.a(ll_radio.c.obj)
 .text.toPhysChannel
                0x00015684       0x2c C:\Users\colto\SimplicityStudio\v4_workspace\testt\protocol\bluetooth\lib\EFR32BG1B\GCC\libbluetooth.a(ll_radio.c.obj)
 .text.ll_radioRaiseLLEvents
                0x000156b0       0x28 C:\Users\colto\SimplicityStudio\v4_workspace\testt\protocol\bluetooth\lib\EFR32BG1B\GCC\libbluetooth.a(ll_radio.c.obj)
 .text.commandError.isra.3
                0x000156d8        0x6 C:\Users\colto\SimplicityStudio\v4_workspace\testt\protocol\bluetooth\lib\EFR32BG1B\GCC\libbluetooth.a(ll_radio.c.obj)
 *fill*         0x000156de        0x2 
 .text.enableRx2Tx
                0x000156e0       0x70 C:\Users\colto\SimplicityStudio\v4_workspace\testt\protocol\bluetooth\lib\EFR32BG1B\GCC\libbluetooth.a(ll_radio.c.obj)
 .text.enableTx2Rx
                0x00015750       0x54 C:\Users\colto\SimplicityStudio\v4_workspace\testt\protocol\bluetooth\lib\EFR32BG1B\GCC\libbluetooth.a(ll_radio.c.obj)
 .text.ll_radioRxFilter