10:30:18 **** Incremental Build of configuration GNU ARM v7.2.1 - Default for project CPSIncDeviceApplication ****
make -j4 all 
Building file: ../app.c
Invoking: GNU ARM C Compiler
arm-none-eabi-gcc -g -gdwarf-2 -mcpu=cortex-m4 -mthumb -std=c99 '-D__HEAP_SIZE=0xD00' '-D__STACK_SIZE=0x800' '-DHAL_CONFIG=1' '-D__StackLimit=0x20000000' '-DEFR32BG1B232F256GM48=1' -I"C:\Users\colto\SimplicityStudio\v4_workspace\CPSIncDeviceApplication" -I"C:\Users\colto\SimplicityStudio\v4_workspace\CPSIncDeviceApplication\platform\Device\SiliconLabs\EFR32BG1B\Include" -I"C:\Users\colto\SimplicityStudio\v4_workspace\CPSIncDeviceApplication\platform\CMSIS\Include" -I"C:\Users\colto\SimplicityStudio\v4_workspace\CPSIncDeviceApplication\platform\emlib\inc" -I"C:\Users\colto\SimplicityStudio\v4_workspace\CPSIncDeviceApplication\hardware\kit\common\bsp" -I"C:\Users\colto\SimplicityStudio\v4_workspace\CPSIncDeviceApplication\platform\radio\rail_lib\common" -I"C:\Users\colto\SimplicityStudio\v4_workspace\CPSIncDeviceApplication\protocol\bluetooth\ble_stack\inc\common" -I"C:\Users\colto\SimplicityStudio\v4_workspace\CPSIncDeviceApplication\hardware\kit\common\drivers" -I"C:\Users\colto\SimplicityStudio\v4_workspace\CPSIncDeviceApplication\platform\radio\rail_lib\protocol\ble" -I"C:\Users\colto\SimplicityStudio\v4_workspace\CPSIncDeviceApplication\platform\emlib\src" -I"C:\Users\colto\SimplicityStudio\v4_workspace\CPSIncDeviceApplication\hardware\kit\common\halconfig" -I"C:\Users\colto\SimplicityStudio\v4_workspace\CPSIncDeviceApplication\platform\halconfig\inc\hal-config" -I"C:\Users\colto\SimplicityStudio\v4_workspace\CPSIncDeviceApplication\app\bluetooth\common\util" -I"C:\Users\colto\SimplicityStudio\v4_workspace\CPSIncDeviceApplication\platform\emdrv\tempdrv\inc" -I"C:\Users\colto\SimplicityStudio\v4_workspace\CPSIncDeviceApplication\protocol\bluetooth\ble_stack\inc\soc" -I"C:\Users\colto\SimplicityStudio\v4_workspace\CPSIncDeviceApplication\platform\emdrv\uartdrv\inc" -I"C:\Users\colto\SimplicityStudio\v4_workspace\CPSIncDeviceApplication\platform\Device\SiliconLabs\EFR32BG1B\Source" -I"C:\Users\colto\SimplicityStudio\v4_workspace\CPSIncDeviceApplication\platform\radio\rail_lib\protocol\ieee802154" -I"C:\Users\colto\SimplicityStudio\v4_workspace\CPSIncDeviceApplication\platform\radio\rail_lib\chip\efr32\efr32xg1x" -I"C:\Users\colto\SimplicityStudio\v4_workspace\CPSIncDeviceApplication\platform\emdrv\common\inc" -I"C:\Users\colto\SimplicityStudio\v4_workspace\CPSIncDeviceApplication\platform\emdrv\sleep\src" -I"C:\Users\colto\SimplicityStudio\v4_workspace\CPSIncDeviceApplication\platform\emdrv\sleep\inc" -I"C:\Users\colto\SimplicityStudio\v4_workspace\CPSIncDeviceApplication\platform\emdrv\gpiointerrupt\inc" -I"C:\Users\colto\SimplicityStudio\v4_workspace\CPSIncDeviceApplication\platform\bootloader\api" -I"C:\Users\colto\SimplicityStudio\v4_workspace\CPSIncDeviceApplication\platform\emdrv\tempdrv\src" -I"C:\Users\colto\SimplicityStudio\v4_workspace\CPSIncDeviceApplication\platform\Device\SiliconLabs\EFR32BG1B\Source\GCC" -I"C:\Users\colto\SimplicityStudio\v4_workspace\CPSIncDeviceApplication\platform\bootloader" -O2 -Wall -c -fmessage-length=0 -ffunction-sections -fdata-sections -mfpu=fpv4-sp-d16 -mfloat-abi=softfp -MMD -MP -MF"app.d" -MT"app.o" -o "app.o" "../app.c"
In file included from C:\Users\colto\SimplicityStudio\v4_workspace\CPSIncDeviceApplication/hal-config.h:22:0,
                 from C:\Users\colto\SimplicityStudio\v4_workspace\CPSIncDeviceApplication\protocol\bluetooth\ble_stack\inc\soc/native_gecko.h:25,
                 from ../app.c:28:
C:\Users\colto\SimplicityStudio\v4_workspace\CPSIncDeviceApplication/hal-config-board.h:59:2: warning: #warning "Following pin mappings need to be set for your custom board when using printf..>" [-Wcpp]
 #warning "Following pin mappings need to be set for your custom board when using printf..>"
  ^~~~~~~
In file included from ../app.c:35:0:
../app.c: In function 'appMain':
../app.h:36:20: warning: implicit declaration of function 'swoFlush'; did you mean 'fflush'? [-Wimplicit-function-declaration]
 #define flushSWO() swoFlush()
                    ^
../app.c:71:3: note: in expansion of macro 'flushSWO'
   flushSWO();
   ^~~~~~~~
../app.c:163:9: warning: implicit declaration of function 'readStripDetectVoltage' [-Wimplicit-function-declaration]
         readStripDetectVoltage();
         ^~~~~~~~~~~~~~~~~~~~~~
../app.c:164:9: warning: implicit declaration of function 'updateStripDetectVoltage' [-Wimplicit-function-declaration]
         updateStripDetectVoltage();
         ^~~~~~~~~~~~~~~~~~~~~~~~
../app.c:165:9: warning: implicit declaration of function 'notifyStripDetectVoltage' [-Wimplicit-function-declaration]
         notifyStripDetectVoltage();
         ^~~~~~~~~~~~~~~~~~~~~~~~
../app.c:168:10: warning: implicit declaration of function 'readIntegratedVoltage' [-Wimplicit-function-declaration]
          readIntegratedVoltage();
          ^~~~~~~~~~~~~~~~~~~~~
../app.c:169:10: warning: implicit declaration of function 'updateIntegratedVoltage' [-Wimplicit-function-declaration]
          updateIntegratedVoltage();
          ^~~~~~~~~~~~~~~~~~~~~~~
../app.c:170:10: warning: implicit declaration of function 'notifyIntegratedVoltage' [-Wimplicit-function-declaration]
          notifyIntegratedVoltage();
          ^~~~~~~~~~~~~~~~~~~~~~~
../app.c:172:10: warning: implicit declaration of function 'readDifferentialVoltage'; did you mean 'ADC_ScanDifferentialInputAdd'? [-Wimplicit-function-declaration]
          readDifferentialVoltage();
          ^~~~~~~~~~~~~~~~~~~~~~~
          ADC_ScanDifferentialInputAdd
../app.c:173:10: warning: implicit declaration of function 'updateDifferentialVoltage' [-Wimplicit-function-declaration]
          updateDifferentialVoltage();
          ^~~~~~~~~~~~~~~~~~~~~~~~~
../app.c:174:10: warning: implicit declaration of function 'notifyDifferentialVoltage' [-Wimplicit-function-declaration]
          notifyDifferentialVoltage();
          ^~~~~~~~~~~~~~~~~~~~~~~~~
../app.c:199:9: warning: implicit declaration of function 'dischargeCapacitor' [-Wimplicit-function-declaration]
         dischargeCapacitor();
         ^~~~~~~~~~~~~~~~~~
../app.c: At top level:
../app.c:253:6: warning: conflicting types for 'readStripDetectVoltage'
 void readStripDetectVoltage(){ //needs function prototype
      ^~~~~~~~~~~~~~~~~~~~~~
../app.c:163:9: note: previous implicit declaration of 'readStripDetectVoltage' was here
         readStripDetectVoltage();
         ^~~~~~~~~~~~~~~~~~~~~~
../app.c:268:6: warning: conflicting types for 'updateStripDetectVoltage'
 void updateStripDetectVoltage(){ //needs function prototype
      ^~~~~~~~~~~~~~~~~~~~~~~~
../app.c:164:9: note: previous implicit declaration of 'updateStripDetectVoltage' was here
         updateStripDetectVoltage();
         ^~~~~~~~~~~~~~~~~~~~~~~~
../app.c:274:6: warning: conflicting types for 'notifyStripDetectVoltage'
 void notifyStripDetectVoltage(){ //needs function prototype
      ^~~~~~~~~~~~~~~~~~~~~~~~
../app.c:165:9: note: previous implicit declaration of 'notifyStripDetectVoltage' was here
         notifyStripDetectVoltage();
         ^~~~~~~~~~~~~~~~~~~~~~~~
../app.c:278:6: warning: conflicting types for 'readDifferentialVoltage'
 void readDifferentialVoltage(){ //needs function prototype
      ^~~~~~~~~~~~~~~~~~~~~~~
../app.c:172:10: note: previous implicit declaration of 'readDifferentialVoltage' was here
          readDifferentialVoltage();
          ^~~~~~~~~~~~~~~~~~~~~~~
In file included from ../app.c:35:0:
../app.c: In function 'readDifferentialVoltage':
../app.c:288:11: warning: format '%d' expects argument of type 'int', but argument 2 has type 'long unsigned int' [-Wformat=]
  printSWO("ADC DIFF = %d\n", ((adcData * 3300) / 4096));
           ^                  ~~~~~~~~~~~~~~~~~~~~~~~~~
../app.h:35:30: note: in definition of macro 'printSWO'
 #define printSWO(...) printf(__VA_ARGS__)
                              ^~~~~~~~~~~
../app.c: At top level:
../app.c:294:6: warning: conflicting types for 'updateDifferentialVoltage'
 void updateDifferentialVoltage(){ //needs function prototype
      ^~~~~~~~~~~~~~~~~~~~~~~~~
../app.c:173:10: note: previous implicit declaration of 'updateDifferentialVoltage' was here
          updateDifferentialVoltage();
          ^~~~~~~~~~~~~~~~~~~~~~~~~
../app.c:300:6: warning: conflicting types for 'notifyDifferentialVoltage'
 void notifyDifferentialVoltage(){ //needs function prototype
      ^~~~~~~~~~~~~~~~~~~~~~~~~
../app.c:174:10: note: previous implicit declaration of 'notifyDifferentialVoltage' was here
          notifyDifferentialVoltage();
          ^~~~~~~~~~~~~~~~~~~~~~~~~
../app.c:304:6: warning: conflicting types for 'readIntegratedVoltage'
 void readIntegratedVoltage(){ //need function prototype
      ^~~~~~~~~~~~~~~~~~~~~
../app.c:168:10: note: previous implicit declaration of 'readIntegratedVoltage' was here
          readIntegratedVoltage();
          ^~~~~~~~~~~~~~~~~~~~~
In file included from ../app.c:35:0:
../app.c: In function 'readIntegratedVoltage':
../app.c:315:11: warning: format '%d' expects argument of type 'int', but argument 2 has type 'long unsigned int' [-Wformat=]
  printSWO("ADC INT = %d\n", ((adcData * 3300) / 4096));
           ^                 ~~~~~~~~~~~~~~~~~~~~~~~~~
../app.h:35:30: note: in definition of macro 'printSWO'
 #define printSWO(...) printf(__VA_ARGS__)
                              ^~~~~~~~~~~
../app.c: At top level:
../app.c:321:6: warning: conflicting types for 'updateIntegratedVoltage'
 void updateIntegratedVoltage(){ //needs function prototype
      ^~~~~~~~~~~~~~~~~~~~~~~
../app.c:169:10: note: previous implicit declaration of 'updateIntegratedVoltage' was here
          updateIntegratedVoltage();
          ^~~~~~~~~~~~~~~~~~~~~~~
../app.c:327:6: warning: conflicting types for 'notifyIntegratedVoltage'
 void notifyIntegratedVoltage(){ //needs function prototype
      ^~~~~~~~~~~~~~~~~~~~~~~
../app.c:170:10: note: previous implicit declaration of 'notifyIntegratedVoltage' was here
          notifyIntegratedVoltage();
          ^~~~~~~~~~~~~~~~~~~~~~~
../app.c:331:6: warning: conflicting types for 'dischargeCapacitor'
 void dischargeCapacitor(){ //needs function prototype
      ^~~~~~~~~~~~~~~~~~
../app.c:199:9: note: previous implicit declaration of 'dischargeCapacitor' was here
         dischargeCapacitor();
         ^~~~~~~~~~~~~~~~~~
Finished building: ../app.c
 
Building target: CPSIncDeviceApplication.axf
Invoking: GNU ARM C Linker
arm-none-eabi-gcc -g -gdwarf-2 -mcpu=cortex-m4 -mthumb -T "C:\Users\colto\SimplicityStudio\v4_workspace\CPSIncDeviceApplication\efr32bg1b232f256gm48.ld" -Xlinker --gc-sections -Xlinker -Map="CPSIncDeviceApplication.map" -mfpu=fpv4-sp-d16 -mfloat-abi=softfp --specs=nano.specs -o CPSIncDeviceApplication.axf -Wl,--start-group "./app/bluetooth/common/util/infrastructure.o" "./app.o" "./application_properties.o" "./gatt_db.o" "./init_app.o" "./init_board_efr32xg1.o" "./init_mcu_efr32xg1.o" "./main.o" "./hardware/kit/common/bsp/bsp_stk.o" "./hardware/kit/common/drivers/pg_retargetswo.o" "./hardware/kit/common/drivers/retargetio.o" "./platform/Device/SiliconLabs/EFR32BG1B/Source/GCC/startup_efr32bg1b.o" "./platform/Device/SiliconLabs/EFR32BG1B/Source/system_efr32bg1b.o" "./platform/emdrv/sleep/src/sleep.o" "./platform/emdrv/tempdrv/src/tempdrv.o" "./platform/emlib/src/em_adc.o" "./platform/emlib/src/em_assert.o" "./platform/emlib/src/em_burtc.o" "./platform/emlib/src/em_cmu.o" "./platform/emlib/src/em_core.o" "./platform/emlib/src/em_cryotimer.o" "./platform/emlib/src/em_crypto.o" "./platform/emlib/src/em_dbg.o" "./platform/emlib/src/em_emu.o" "./platform/emlib/src/em_gpio.o" "./platform/emlib/src/em_i2c.o" "./platform/emlib/src/em_idac.o" "./platform/emlib/src/em_msc.o" "./platform/emlib/src/em_rmu.o" "./platform/emlib/src/em_rtcc.o" "./platform/emlib/src/em_se.o" "./platform/emlib/src/em_system.o" "./platform/emlib/src/em_timer.o" "./platform/emlib/src/em_usart.o" "C:\Users\colto\SimplicityStudio\v4_workspace\CPSIncDeviceApplication\protocol\bluetooth\lib\EFR32BG1B\GCC\binapploader.o" "C:\Users\colto\SimplicityStudio\v4_workspace\CPSIncDeviceApplication\protocol\bluetooth\lib\EFR32BG1B\GCC\libmbedtls.a" "C:\Users\colto\SimplicityStudio\v4_workspace\CPSIncDeviceApplication\protocol\bluetooth\lib\EFR32BG1B\GCC\libpsstore.a" "C:\Users\colto\SimplicityStudio\v4_workspace\CPSIncDeviceApplication\protocol\bluetooth\lib\EFR32BG1B\GCC\libbluetooth.a" "C:\Users\colto\SimplicityStudio\v4_workspace\CPSIncDeviceApplication\platform\radio\rail_lib\autogen\librail_release\librail_efr32xg1_gcc_release.a" -lm -Wl,--end-group -Wl,--start-group -lgcc -lc -lnosys -Wl,--end-group
Finished building target: CPSIncDeviceApplication.axf
 
Building hex file: CPSIncDeviceApplication.hex
arm-none-eabi-objcopy -O ihex "CPSIncDeviceApplication.axf" "CPSIncDeviceApplication.hex"
 
Building bin file: CPSIncDeviceApplication.bin
arm-none-eabi-objcopy -O binary "CPSIncDeviceApplication.axf" "CPSIncDeviceApplication.bin"
 
Building s37 file: CPSIncDeviceApplication.s37
arm-none-eabi-objcopy -O srec "CPSIncDeviceApplication.axf" "CPSIncDeviceApplication.s37"
 
Running size tool
arm-none-eabi-size "CPSIncDeviceApplication.axf"
   text	   data	    bss	    dec	    hex	filename
 171984	      0	  11692	 183676	  2cd7c	CPSIncDeviceApplication.axf
 
10:30:35 **** Incremental Build of configuration GNU ARM v7.2.1 - Default for project CPSIncDeviceApplication ****
make -j4 all 
make: Nothing to be done for `all'.
10:31:21 **** Incremental Build of configuration GNU ARM v7.2.1 - Default for project CPSIncDeviceApplication ****
make -j4 all 
make: Nothing to be done for `all'.
10:33:48 **** Incremental Build of configuration GNU ARM v7.2.1 - Default for project CPSIncDeviceApplication ****
make -j4 all 
Building file: ../app.c
Invoking: GNU ARM C Compiler
arm-none-eabi-gcc -g -gdwarf-2 -mcpu=cortex-m4 -mthumb -std=c99 '-D__HEAP_SIZE=0xD00' '-D__STACK_SIZE=0x800' '-DHAL_CONFIG=1' '-D__StackLimit=0x20000000' '-DEFR32BG1B232F256GM48=1' -I"C:\Users\colto\SimplicityStudio\v4_workspace\CPSIncDeviceApplication" -I"C:\Users\colto\SimplicityStudio\v4_workspace\CPSIncDeviceApplication\platform\Device\SiliconLabs\EFR32BG1B\Include" -I"C:\Users\colto\SimplicityStudio\v4_workspace\CPSIncDeviceApplication\platform\CMSIS\Include" -I"C:\Users\colto\SimplicityStudio\v4_workspace\CPSIncDeviceApplication\platform\emlib\inc" -I"C:\Users\colto\SimplicityStudio\v4_workspace\CPSIncDeviceApplication\hardware\kit\common\bsp" -I"C:\Users\colto\SimplicityStudio\v4_workspace\CPSIncDeviceApplication\platform\radio\rail_lib\common" -I"C:\Users\colto\SimplicityStudio\v4_workspace\CPSIncDeviceApplication\protocol\bluetooth\ble_stack\inc\common" -I"C:\Users\colto\SimplicityStudio\v4_workspace\CPSIncDeviceApplication\hardware\kit\common\drivers" -I"C:\Users\colto\SimplicityStudio\v4_workspace\CPSIncDeviceApplication\platform\radio\rail_lib\protocol\ble" -I"C:\Users\colto\SimplicityStudio\v4_workspace\CPSIncDeviceApplication\platform\emlib\src" -I"C:\Users\colto\SimplicityStudio\v4_workspace\CPSIncDeviceApplication\hardware\kit\common\halconfig" -I"C:\Users\colto\SimplicityStudio\v4_workspace\CPSIncDeviceApplication\platform\halconfig\inc\hal-config" -I"C:\Users\colto\SimplicityStudio\v4_workspace\CPSIncDeviceApplication\app\bluetooth\common\util" -I"C:\Users\colto\SimplicityStudio\v4_workspace\CPSIncDeviceApplication\platform\emdrv\tempdrv\inc" -I"C:\Users\colto\SimplicityStudio\v4_workspace\CPSIncDeviceApplication\protocol\bluetooth\ble_stack\inc\soc" -I"C:\Users\colto\SimplicityStudio\v4_workspace\CPSIncDeviceApplication\platform\emdrv\uartdrv\inc" -I"C:\Users\colto\SimplicityStudio\v4_workspace\CPSIncDeviceApplication\platform\Device\SiliconLabs\EFR32BG1B\Source" -I"C:\Users\colto\SimplicityStudio\v4_workspace\CPSIncDeviceApplication\platform\radio\rail_lib\protocol\ieee802154" -I"C:\Users\colto\SimplicityStudio\v4_workspace\CPSIncDeviceApplication\platform\radio\rail_lib\chip\efr32\efr32xg1x" -I"C:\Users\colto\SimplicityStudio\v4_workspace\CPSIncDeviceApplication\platform\emdrv\common\inc" -I"C:\Users\colto\SimplicityStudio\v4_workspace\CPSIncDeviceApplication\platform\emdrv\sleep\src" -I"C:\Users\colto\SimplicityStudio\v4_workspace\CPSIncDeviceApplication\platform\emdrv\sleep\inc" -I"C:\Users\colto\SimplicityStudio\v4_workspace\CPSIncDeviceApplication\platform\emdrv\gpiointerrupt\inc" -I"C:\Users\colto\SimplicityStudio\v4_workspace\CPSIncDeviceApplication\platform\bootloader\api" -I"C:\Users\colto\SimplicityStudio\v4_workspace\CPSIncDeviceApplication\platform\emdrv\tempdrv\src" -I"C:\Users\colto\SimplicityStudio\v4_workspace\CPSIncDeviceApplication\platform\Device\SiliconLabs\EFR32BG1B\Source\GCC" -I"C:\Users\colto\SimplicityStudio\v4_workspace\CPSIncDeviceApplication\platform\bootloader" -O2 -Wall -c -fmessage-length=0 -ffunction-sections -fdata-sections -mfpu=fpv4-sp-d16 -mfloat-abi=softfp -MMD -MP -MF"app.d" -MT"app.o" -o "app.o" "../app.c"
In file included from C:\Users\colto\SimplicityStudio\v4_workspace\CPSIncDeviceApplication/hal-config.h:22:0,
                 from C:\Users\colto\SimplicityStudio\v4_workspace\CPSIncDeviceApplication\protocol\bluetooth\ble_stack\inc\soc/native_gecko.h:25,
                 from ../app.c:28:
C:\Users\colto\SimplicityStudio\v4_workspace\CPSIncDeviceApplication/hal-config-board.h:59:2: warning: #warning "Following pin mappings need to be set for your custom board when using printf..>" [-Wcpp]
 #warning "Following pin mappings need to be set for your custom board when using printf..>"
  ^~~~~~~
In file included from ../app.c:35:0:
../app.c: In function 'appMain':
../app.h:36:20: warning: implicit declaration of function 'swoFlush'; did you mean 'fflush'? [-Wimplicit-function-declaration]
 #define flushSWO() swoFlush()
                    ^
../app.c:71:3: note: in expansion of macro 'flushSWO'
   flushSWO();
   ^~~~~~~~
../app.c:163:9: warning: implicit declaration of function 'readStripDetectVoltage' [-Wimplicit-function-declaration]
         readStripDetectVoltage();
         ^~~~~~~~~~~~~~~~~~~~~~
../app.c:164:9: warning: implicit declaration of function 'updateStripDetectVoltage' [-Wimplicit-function-declaration]
         updateStripDetectVoltage();
         ^~~~~~~~~~~~~~~~~~~~~~~~
../app.c:165:9: warning: implicit declaration of function 'notifyStripDetectVoltage' [-Wimplicit-function-declaration]
         notifyStripDetectVoltage();
         ^~~~~~~~~~~~~~~~~~~~~~~~
../app.c:168:10: warning: implicit declaration of function 'readIntegratedVoltage' [-Wimplicit-function-declaration]
          readIntegratedVoltage();
          ^~~~~~~~~~~~~~~~~~~~~
../app.c:169:10: warning: implicit declaration of function 'updateIntegratedVoltage' [-Wimplicit-function-declaration]
          updateIntegratedVoltage();
          ^~~~~~~~~~~~~~~~~~~~~~~
../app.c:170:10: warning: implicit declaration of function 'notifyIntegratedVoltage' [-Wimplicit-function-declaration]
          notifyIntegratedVoltage();
          ^~~~~~~~~~~~~~~~~~~~~~~
../app.c:172:10: warning: implicit declaration of function 'readDifferentialVoltage'; did you mean 'ADC_ScanDifferentialInputAdd'? [-Wimplicit-function-declaration]
          readDifferentialVoltage();
          ^~~~~~~~~~~~~~~~~~~~~~~
          ADC_ScanDifferentialInputAdd
../app.c:173:10: warning: implicit declaration of function 'updateDifferentialVoltage' [-Wimplicit-function-declaration]
          updateDifferentialVoltage();
          ^~~~~~~~~~~~~~~~~~~~~~~~~
../app.c:174:10: warning: implicit declaration of function 'notifyDifferentialVoltage' [-Wimplicit-function-declaration]
          notifyDifferentialVoltage();
          ^~~~~~~~~~~~~~~~~~~~~~~~~
../app.c:199:9: warning: implicit declaration of function 'dischargeCapacitor' [-Wimplicit-function-declaration]
         dischargeCapacitor();
         ^~~~~~~~~~~~~~~~~~
../app.c: At top level:
../app.c:253:6: warning: conflicting types for 'readStripDetectVoltage'
 void readStripDetectVoltage(){ //needs function prototype
      ^~~~~~~~~~~~~~~~~~~~~~
../app.c:163:9: note: previous implicit declaration of 'readStripDetectVoltage' was here
         readStripDetectVoltage();
         ^~~~~~~~~~~~~~~~~~~~~~
../app.c:268:6: warning: conflicting types for 'updateStripDetectVoltage'
 void updateStripDetectVoltage(){ //needs function prototype
      ^~~~~~~~~~~~~~~~~~~~~~~~
../app.c:164:9: note: previous implicit declaration of 'updateStripDetectVoltage' was here
         updateStripDetectVoltage();
         ^~~~~~~~~~~~~~~~~~~~~~~~
../app.c:274:6: warning: conflicting types for 'notifyStripDetectVoltage'
 void notifyStripDetectVoltage(){ //needs function prototype
      ^~~~~~~~~~~~~~~~~~~~~~~~
../app.c:165:9: note: previous implicit declaration of 'notifyStripDetectVoltage' was here
         notifyStripDetectVoltage();
         ^~~~~~~~~~~~~~~~~~~~~~~~
../app.c:278:6: warning: conflicting types for 'readDifferentialVoltage'
 void readDifferentialVoltage(){ //needs function prototype
      ^~~~~~~~~~~~~~~~~~~~~~~
../app.c:172:10: note: previous implicit declaration of 'readDifferentialVoltage' was here
          readDifferentialVoltage();
          ^~~~~~~~~~~~~~~~~~~~~~~
../app.c:294:6: warning: conflicting types for 'updateDifferentialVoltage'
 void updateDifferentialVoltage(){ //needs function prototype
      ^~~~~~~~~~~~~~~~~~~~~~~~~
../app.c:173:10: note: previous implicit declaration of 'updateDifferentialVoltage' was here
          updateDifferentialVoltage();
          ^~~~~~~~~~~~~~~~~~~~~~~~~
../app.c:300:6: warning: conflicting types for 'notifyDifferentialVoltage'
 void notifyDifferentialVoltage(){ //needs function prototype
      ^~~~~~~~~~~~~~~~~~~~~~~~~
../app.c:174:10: note: previous implicit declaration of 'notifyDifferentialVoltage' was here
          notifyDifferentialVoltage();
          ^~~~~~~~~~~~~~~~~~~~~~~~~
../app.c:304:6: warning: conflicting types for 'readIntegratedVoltage'
 void readIntegratedVoltage(){ //need function prototype
      ^~~~~~~~~~~~~~~~~~~~~
../app.c:168:10: note: previous implicit declaration of 'readIntegratedVoltage' was here
          readIntegratedVoltage();
          ^~~~~~~~~~~~~~~~~~~~~
../app.c:321:6: warning: conflicting types for 'updateIntegratedVoltage'
 void updateIntegratedVoltage(){ //needs function prototype
      ^~~~~~~~~~~~~~~~~~~~~~~
../app.c:169:10: note: previous implicit declaration of 'updateIntegratedVoltage' was here
          updateIntegratedVoltage();
          ^~~~~~~~~~~~~~~~~~~~~~~
../app.c:327:6: warning: conflicting types for 'notifyIntegratedVoltage'
 void notifyIntegratedVoltage(){ //needs function prototype
      ^~~~~~~~~~~~~~~~~~~~~~~
../app.c:170:10: note: previous implicit declaration of 'notifyIntegratedVoltage' was here
          notifyIntegratedVoltage();
          ^~~~~~~~~~~~~~~~~~~~~~~
../app.c:331:6: warning: conflicting types for 'dischargeCapacitor'
 void dischargeCapacitor(){ //needs function prototype
      ^~~~~~~~~~~~~~~~~~
../app.c:199:9: note: previous implicit declaration of 'dischargeCapacitor' was here
         dischargeCapacitor();
         ^~~~~~~~~~~~~~~~~~
Finished building: ../app.c
 
Building target: CPSIncDeviceApplication.axf
Invoking: GNU ARM C Linker
arm-none-eabi-gcc -g -gdwarf-2 -mcpu=cortex-m4 -mthumb -T "C:\Users\colto\SimplicityStudio\v4_workspace\CPSIncDeviceApplication\efr32bg1b232f256gm48.ld" -Xlinker --gc-sections -Xlinker -Map="CPSIncDeviceApplication.map" -mfpu=fpv4-sp-d16 -mfloat-abi=softfp --specs=nano.specs -o CPSIncDeviceApplication.axf -Wl,--start-group "./app/bluetooth/common/util/infrastructure.o" "./app.o" "./application_properties.o" "./gatt_db.o" "./init_app.o" "./init_board_efr32xg1.o" "./init_mcu_efr32xg1.o" "./main.o" "./hardware/kit/common/bsp/bsp_stk.o" "./hardware/kit/common/drivers/pg_retargetswo.o" "./hardware/kit/common/drivers/retargetio.o" "./platform/Device/SiliconLabs/EFR32BG1B/Source/GCC/startup_efr32bg1b.o" "./platform/Device/SiliconLabs/EFR32BG1B/Source/system_efr32bg1b.o" "./platform/emdrv/sleep/src/sleep.o" "./platform/emdrv/tempdrv/src/tempdrv.o" "./platform/emlib/src/em_adc.o" "./platform/emlib/src/em_assert.o" "./platform/emlib/src/em_burtc.o" "./platform/emlib/src/em_cmu.o" "./platform/emlib/src/em_core.o" "./platform/emlib/src/em_cryotimer.o" "./platform/emlib/src/em_crypto.o" "./platform/emlib/src/em_dbg.o" "./platform/emlib/src/em_emu.o" "./platform/emlib/src/em_gpio.o" "./platform/emlib/src/em_i2c.o" "./platform/emlib/src/em_idac.o" "./platform/emlib/src/em_msc.o" "./platform/emlib/src/em_rmu.o" "./platform/emlib/src/em_rtcc.o" "./platform/emlib/src/em_se.o" "./platform/emlib/src/em_system.o" "./platform/emlib/src/em_timer.o" "./platform/emlib/src/em_usart.o" "C:\Users\colto\SimplicityStudio\v4_workspace\CPSIncDeviceApplication\protocol\bluetooth\lib\EFR32BG1B\GCC\binapploader.o" "C:\Users\colto\SimplicityStudio\v4_workspace\CPSIncDeviceApplication\protocol\bluetooth\lib\EFR32BG1B\GCC\libmbedtls.a" "C:\Users\colto\SimplicityStudio\v4_workspace\CPSIncDeviceApplication\protocol\bluetooth\lib\EFR32BG1B\GCC\libpsstore.a" "C:\Users\colto\SimplicityStudio\v4_workspace\CPSIncDeviceApplication\protocol\bluetooth\lib\EFR32BG1B\GCC\libbluetooth.a" "C:\Users\colto\SimplicityStudio\v4_workspace\CPSIncDeviceApplication\platform\radio\rail_lib\autogen\librail_release\librail_efr32xg1_gcc_release.a" -lm -Wl,--end-group -Wl,--start-group -lgcc -lc -lnosys -Wl,--end-group
Finished building target: CPSIncDeviceApplication.axf
 
Building hex file: CPSIncDeviceApplication.hex
arm-none-eabi-objcopy -O ihex "CPSIncDeviceApplication.axf" "CPSIncDeviceApplication.hex"
 
Building bin file: CPSIncDeviceApplication.bin
arm-none-eabi-objcopy -O binary "CPSIncDeviceApplication.axf" "CPSIncDeviceApplication.bin"
 
Building s37 file: CPSIncDeviceApplication.s37
arm-none-eabi-objcopy -O srec "CPSIncDeviceApplication.axf" "CPSIncDeviceApplication.s37"
 
Running size tool
arm-none-eabi-size "CPSIncDeviceApplication.axf"
   text	   data	    bss	    dec	    hex	filename
 171920	      0	  11692	 183612	  2cd3c	CPSIncDeviceApplication.axf
 
10:34:42 **** Incremental Build of configuration GNU ARM v7.2.1 - Default for project CPSIncDeviceApplication ****
make -j4 all 
Building file: ../app.c
Invoking: GNU ARM C Compiler
arm-none-eabi-gcc -g -gdwarf-2 -mcpu=cortex-m4 -mthumb -std=c99 '-D__HEAP_SIZE=0xD00' '-D__STACK_SIZE=0x800' '-DHAL_CONFIG=1' '-D__StackLimit=0x20000000' '-DEFR32BG1B232F256GM48=1' -I"C:\Users\colto\SimplicityStudio\v4_workspace\CPSIncDeviceApplication" -I"C:\Users\colto\SimplicityStudio\v4_workspace\CPSIncDeviceApplication\platform\Device\SiliconLabs\EFR32BG1B\Include" -I"C:\Users\colto\SimplicityStudio\v4_workspace\CPSIncDeviceApplication\platform\CMSIS\Include" -I"C:\Users\colto\SimplicityStudio\v4_workspace\CPSIncDeviceApplication\platform\emlib\inc" -I"C:\Users\colto\SimplicityStudio\v4_workspace\CPSIncDeviceApplication\hardware\kit\common\bsp" -I"C:\Users\colto\SimplicityStudio\v4_workspace\CPSIncDeviceApplication\platform\radio\rail_lib\common" -I"C:\Users\colto\SimplicityStudio\v4_workspace\CPSIncDeviceApplication\protocol\bluetooth\ble_stack\inc\common" -I"C:\Users\colto\SimplicityStudio\v4_workspace\CPSIncDeviceApplication\hardware\kit\common\drivers" -I"C:\Users\colto\SimplicityStudio\v4_workspace\CPSIncDeviceApplication\platform\radio\rail_lib\protocol\ble" -I"C:\Users\colto\SimplicityStudio\v4_workspace\CPSIncDeviceApplication\platform\emlib\src" -I"C:\Users\colto\SimplicityStudio\v4_workspace\CPSIncDeviceApplication\hardware\kit\common\halconfig" -I"C:\Users\colto\SimplicityStudio\v4_workspace\CPSIncDeviceApplication\platform\halconfig\inc\hal-config" -I"C:\Users\colto\SimplicityStudio\v4_workspace\CPSIncDeviceApplication\app\bluetooth\common\util" -I"C:\Users\colto\SimplicityStudio\v4_workspace\CPSIncDeviceApplication\platform\emdrv\tempdrv\inc" -I"C:\Users\colto\SimplicityStudio\v4_workspace\CPSIncDeviceApplication\protocol\bluetooth\ble_stack\inc\soc" -I"C:\Users\colto\SimplicityStudio\v4_workspace\CPSIncDeviceApplication\platform\emdrv\uartdrv\inc" -I"C:\Users\colto\SimplicityStudio\v4_workspace\CPSIncDeviceApplication\platform\Device\SiliconLabs\EFR32BG1B\Source" -I"C:\Users\colto\SimplicityStudio\v4_workspace\CPSIncDeviceApplication\platform\radio\rail_lib\protocol\ieee802154" -I"C:\Users\colto\SimplicityStudio\v4_workspace\CPSIncDeviceApplication\platform\radio\rail_lib\chip\efr32\efr32xg1x" -I"C:\Users\colto\SimplicityStudio\v4_workspace\CPSIncDeviceApplication\platform\emdrv\common\inc" -I"C:\Users\colto\SimplicityStudio\v4_workspace\CPSIncDeviceApplication\platform\emdrv\sleep\src" -I"C:\Users\colto\SimplicityStudio\v4_workspace\CPSIncDeviceApplication\platform\emdrv\sleep\inc" -I"C:\Users\colto\SimplicityStudio\v4_workspace\CPSIncDeviceApplication\platform\emdrv\gpiointerrupt\inc" -I"C:\Users\colto\SimplicityStudio\v4_workspace\CPSIncDeviceApplication\platform\bootloader\api" -I"C:\Users\colto\SimplicityStudio\v4_workspace\CPSIncDeviceApplication\platform\emdrv\tempdrv\src" -I"C:\Users\colto\SimplicityStudio\v4_workspace\CPSIncDeviceApplication\platform\Device\SiliconLabs\EFR32BG1B\Source\GCC" -I"C:\Users\colto\SimplicityStudio\v4_workspace\CPSIncDeviceApplication\platform\bootloader" -O2 -Wall -c -fmessage-length=0 -ffunction-sections -fdata-sections -mfpu=fpv4-sp-d16 -mfloat-abi=softfp -MMD -MP -MF"app.d" -MT"app.o" -o "app.o" "../app.c"
In file included from C:\Users\colto\SimplicityStudio\v4_workspace\CPSIncDeviceApplication/hal-config.h:22:0,
                 from C:\Users\colto\SimplicityStudio\v4_workspace\CPSIncDeviceApplication\protocol\bluetooth\ble_stack\inc\soc/native_gecko.h:25,
                 from ../app.c:28:
C:\Users\colto\SimplicityStudio\v4_workspace\CPSIncDeviceApplication/hal-config-board.h:59:2: warning: #warning "Following pin mappings need to be set for your custom board when using printf..>" [-Wcpp]
 #warning "Following pin mappings need to be set for your custom board when using printf..>"
  ^~~~~~~
In file included from ../app.c:35:0:
../app.c: In function 'appMain':
../app.h:36:20: warning: implicit declaration of function 'swoFlush'; did you mean 'fflush'? [-Wimplicit-function-declaration]
 #define flushSWO() swoFlush()
                    ^
../app.c:71:3: note: in expansion of macro 'flushSWO'
   flushSWO();
   ^~~~~~~~
../app.c:163:9: warning: implicit declaration of function 'readStripDetectVoltage' [-Wimplicit-function-declaration]
         readStripDetectVoltage();
         ^~~~~~~~~~~~~~~~~~~~~~
../app.c:164:9: warning: implicit declaration of function 'updateStripDetectVoltage' [-Wimplicit-function-declaration]
         updateStripDetectVoltage();
         ^~~~~~~~~~~~~~~~~~~~~~~~
../app.c:165:9: warning: implicit declaration of function 'notifyStripDetectVoltage' [-Wimplicit-function-declaration]
         notifyStripDetectVoltage();
         ^~~~~~~~~~~~~~~~~~~~~~~~
../app.c:168:10: warning: implicit declaration of function 'readIntegratedVoltage' [-Wimplicit-function-declaration]
          readIntegratedVoltage();
          ^~~~~~~~~~~~~~~~~~~~~
../app.c:169:10: warning: implicit declaration of function 'updateIntegratedVoltage' [-Wimplicit-function-declaration]
          updateIntegratedVoltage();
          ^~~~~~~~~~~~~~~~~~~~~~~
../app.c:170:10: warning: implicit declaration of function 'notifyIntegratedVoltage' [-Wimplicit-function-declaration]
          notifyIntegratedVoltage();
          ^~~~~~~~~~~~~~~~~~~~~~~
../app.c:172:10: warning: implicit declaration of function 'readDifferentialVoltage'; did you mean 'ADC_ScanDifferentialInputAdd'? [-Wimplicit-function-declaration]
          readDifferentialVoltage();
          ^~~~~~~~~~~~~~~~~~~~~~~
          ADC_ScanDifferentialInputAdd
../app.c:173:10: warning: implicit declaration of function 'updateDifferentialVoltage' [-Wimplicit-function-declaration]
          updateDifferentialVoltage();
          ^~~~~~~~~~~~~~~~~~~~~~~~~
../app.c:174:10: warning: implicit declaration of function 'notifyDifferentialVoltage' [-Wimplicit-function-declaration]
          notifyDifferentialVoltage();
          ^~~~~~~~~~~~~~~~~~~~~~~~~
../app.c:199:9: warning: implicit declaration of function 'dischargeCapacitor' [-Wimplicit-function-declaration]
         dischargeCapacitor();
         ^~~~~~~~~~~~~~~~~~
../app.c: At top level:
../app.c:253:6: warning: conflicting types for 'readStripDetectVoltage'
 void readStripDetectVoltage(){ //needs function prototype
      ^~~~~~~~~~~~~~~~~~~~~~
../app.c:163:9: note: previous implicit declaration of 'readStripDetectVoltage' was here
         readStripDetectVoltage();
         ^~~~~~~~~~~~~~~~~~~~~~
../app.c:268:6: warning: conflicting types for 'updateStripDetectVoltage'
 void updateStripDetectVoltage(){ //needs function prototype
      ^~~~~~~~~~~~~~~~~~~~~~~~
../app.c:164:9: note: previous implicit declaration of 'updateStripDetectVoltage' was here
         updateStripDetectVoltage();
         ^~~~~~~~~~~~~~~~~~~~~~~~
../app.c:274:6: warning: conflicting types for 'notifyStripDetectVoltage'
 void notifyStripDetectVoltage(){ //needs function prototype
      ^~~~~~~~~~~~~~~~~~~~~~~~
../app.c:165:9: note: previous implicit declaration of 'notifyStripDetectVoltage' was here
         notifyStripDetectVoltage();
         ^~~~~~~~~~~~~~~~~~~~~~~~
../app.c:278:6: warning: conflicting types for 'readDifferentialVoltage'
 void readDifferentialVoltage(){ //needs function prototype
      ^~~~~~~~~~~~~~~~~~~~~~~
../app.c:172:10: note: previous implicit declaration of 'readDifferentialVoltage' was here
          readDifferentialVoltage();
          ^~~~~~~~~~~~~~~~~~~~~~~
../app.c:294:6: warning: conflicting types for 'updateDifferentialVoltage'
 void updateDifferentialVoltage(){ //needs function prototype
      ^~~~~~~~~~~~~~~~~~~~~~~~~
../app.c:173:10: note: previous implicit declaration of 'updateDifferentialVoltage' was here
          updateDifferentialVoltage();
          ^~~~~~~~~~~~~~~~~~~~~~~~~
../app.c:300:6: warning: conflicting types for 'notifyDifferentialVoltage'
 void notifyDifferentialVoltage(){ //needs function prototype
      ^~~~~~~~~~~~~~~~~~~~~~~~~
../app.c:174:10: note: previous implicit declaration of 'notifyDifferentialVoltage' was here
          notifyDifferentialVoltage();
          ^~~~~~~~~~~~~~~~~~~~~~~~~
../app.c:304:6: warning: conflicting types for 'readIntegratedVoltage'
 void readIntegratedVoltage(){ //need function prototype
      ^~~~~~~~~~~~~~~~~~~~~
../app.c:168:10: note: previous implicit declaration of 'readIntegratedVoltage' was here
          readIntegratedVoltage();
          ^~~~~~~~~~~~~~~~~~~~~
../app.c:321:6: warning: conflicting types for 'updateIntegratedVoltage'
 void updateIntegratedVoltage(){ //needs function prototype
      ^~~~~~~~~~~~~~~~~~~~~~~
../app.c:169:10: note: previous implicit declaration of 'updateIntegratedVoltage' was here
          updateIntegratedVoltage();
          ^~~~~~~~~~~~~~~~~~~~~~~
../app.c:327:6: warning: conflicting types for 'notifyIntegratedVoltage'
 void notifyIntegratedVoltage(){ //needs function prototype
      ^~~~~~~~~~~~~~~~~~~~~~~
../app.c:170:10: note: previous implicit declaration of 'notifyIntegratedVoltage' was here
          notifyIntegratedVoltage();
          ^~~~~~~~~~~~~~~~~~~~~~~
../app.c:331:6: warning: conflicting types for 'dischargeCapacitor'
 void dischargeCapacitor(){ //needs function prototype
      ^~~~~~~~~~~~~~~~~~
../app.c:199:9: note: previous implicit declaration of 'dischargeCapacitor' was here
         dischargeCapacitor();
         ^~~~~~~~~~~~~~~~~~
Finished building: ../app.c
 
Building target: CPSIncDeviceApplication.axf
Invoking: GNU ARM C Linker
arm-none-eabi-gcc -g -gdwarf-2 -mcpu=cortex-m4 -mthumb -T "C:\Users\colto\SimplicityStudio\v4_workspace\CPSIncDeviceApplication\efr32bg1b232f256gm48.ld" -Xlinker --gc-sections -Xlinker -Map="CPSIncDeviceApplication.map" -mfpu=fpv4-sp-d16 -mfloat-abi=softfp --specs=nano.specs -o CPSIncDeviceApplication.axf -Wl,--start-group "./app/bluetooth/common/util/infrastructure.o" "./app.o" "./application_properties.o" "./gatt_db.o" "./init_app.o" "./init_board_efr32xg1.o" "./init_mcu_efr32xg1.o" "./main.o" "./hardware/kit/common/bsp/bsp_stk.o" "./hardware/kit/common/drivers/pg_retargetswo.o" "./hardware/kit/common/drivers/retargetio.o" "./platform/Device/SiliconLabs/EFR32BG1B/Source/GCC/startup_efr32bg1b.o" "./platform/Device/SiliconLabs/EFR32BG1B/Source/system_efr32bg1b.o" "./platform/emdrv/sleep/src/sleep.o" "./platform/emdrv/tempdrv/src/tempdrv.o" "./platform/emlib/src/em_adc.o" "./platform/emlib/src/em_assert.o" "./platform/emlib/src/em_burtc.o" "./platform/emlib/src/em_cmu.o" "./platform/emlib/src/em_core.o" "./platform/emlib/src/em_cryotimer.o" "./platform/emlib/src/em_crypto.o" "./platform/emlib/src/em_dbg.o" "./platform/emlib/src/em_emu.o" "./platform/emlib/src/em_gpio.o" "./platform/emlib/src/em_i2c.o" "./platform/emlib/src/em_idac.o" "./platform/emlib/src/em_msc.o" "./platform/emlib/src/em_rmu.o" "./platform/emlib/src/em_rtcc.o" "./platform/emlib/src/em_se.o" "./platform/emlib/src/em_system.o" "./platform/emlib/src/em_timer.o" "./platform/emlib/src/em_usart.o" "C:\Users\colto\SimplicityStudio\v4_workspace\CPSIncDeviceApplication\protocol\bluetooth\lib\EFR32BG1B\GCC\binapploader.o" "C:\Users\colto\SimplicityStudio\v4_workspace\CPSIncDeviceApplication\protocol\bluetooth\lib\EFR32BG1B\GCC\libmbedtls.a" "C:\Users\colto\SimplicityStudio\v4_workspace\CPSIncDeviceApplication\protocol\bluetooth\lib\EFR32BG1B\GCC\libpsstore.a" "C:\Users\colto\SimplicityStudio\v4_workspace\CPSIncDeviceApplication\protocol\bluetooth\lib\EFR32BG1B\GCC\libbluetooth.a" "C:\Users\colto\SimplicityStudio\v4_workspace\CPSIncDeviceApplication\platform\radio\rail_lib\autogen\librail_release\librail_efr32xg1_gcc_release.a" -lm -Wl,--end-group -Wl,--start-group -lgcc -lc -lnosys -Wl,--end-group
Finished building target: CPSIncDeviceApplication.axf
 
Building hex file: CPSIncDeviceApplication.hex
arm-none-eabi-objcopy -O ihex "CPSIncDeviceApplication.axf" "CPSIncDeviceApplication.hex"
 
Building bin file: CPSIncDeviceApplication.bin
arm-none-eabi-objcopy -O binary "CPSIncDeviceApplication.axf" "CPSIncDeviceApplication.bin"
 
Building s37 file: CPSIncDeviceApplication.s37
arm-none-eabi-objcopy -O srec "CPSIncDeviceApplication.axf" "CPSIncDeviceApplication.s37"
 
Running size tool
arm-none-eabi-size "CPSIncDeviceApplication.axf"
   text	   data	    bss	    dec	    hex	filename
 171920	      0	  11692	 183612	  2cd3c	CPSIncDeviceApplication.axf
 
10:43:02 **** Incremental Build of configuration GNU ARM v7.2.1 - Default for project CPSIncDeviceApplication ****
make -j4 all 
Building file: ../app.c
Invoking: GNU ARM C Compiler
arm-none-eabi-gcc -g -gdwarf-2 -mcpu=cortex-m4 -mthumb -std=c99 '-D__HEAP_SIZE=0xD00' '-D__STACK_SIZE=0x800' '-DHAL_CONFIG=1' '-D__StackLimit=0x20000000' '-DEFR32BG1B232F256GM48=1' -I"C:\Users\colto\SimplicityStudio\v4_workspace\CPSIncDeviceApplication" -I"C:\Users\colto\SimplicityStudio\v4_workspace\CPSIncDeviceApplication\platform\Device\SiliconLabs\EFR32BG1B\Include" -I"C:\Users\colto\SimplicityStudio\v4_workspace\CPSIncDeviceApplication\platform\CMSIS\Include" -I"C:\Users\colto\SimplicityStudio\v4_workspace\CPSIncDeviceApplication\platform\emlib\inc" -I"C:\Users\colto\SimplicityStudio\v4_workspace\CPSIncDeviceApplication\hardware\kit\common\bsp" -I"C:\Users\colto\SimplicityStudio\v4_workspace\CPSIncDeviceApplication\platform\radio\rail_lib\common" -I"C:\Users\colto\SimplicityStudio\v4_workspace\CPSIncDeviceApplication\protocol\bluetooth\ble_stack\inc\common" -I"C:\Users\colto\SimplicityStudio\v4_workspace\CPSIncDeviceApplication\hardware\kit\common\drivers" -I"C:\Users\colto\SimplicityStudio\v4_workspace\CPSIncDeviceApplication\platform\radio\rail_lib\protocol\ble" -I"C:\Users\colto\SimplicityStudio\v4_workspace\CPSIncDeviceApplication\platform\emlib\src" -I"C:\Users\colto\SimplicityStudio\v4_workspace\CPSIncDeviceApplication\hardware\kit\common\halconfig" -I"C:\Users\colto\SimplicityStudio\v4_workspace\CPSIncDeviceApplication\platform\halconfig\inc\hal-config" -I"C:\Users\colto\SimplicityStudio\v4_workspace\CPSIncDeviceApplication\app\bluetooth\common\util" -I"C:\Users\colto\SimplicityStudio\v4_workspace\CPSIncDeviceApplication\platform\emdrv\tempdrv\inc" -I"C:\Users\colto\SimplicityStudio\v4_workspace\CPSIncDeviceApplication\protocol\bluetooth\ble_stack\inc\soc" -I"C:\Users\colto\SimplicityStudio\v4_workspace\CPSIncDeviceApplication\platform\emdrv\uartdrv\inc" -I"C:\Users\colto\SimplicityStudio\v4_workspace\CPSIncDeviceApplication\platform\Device\SiliconLabs\EFR32BG1B\Source" -I"C:\Users\colto\SimplicityStudio\v4_workspace\CPSIncDeviceApplication\platform\radio\rail_lib\protocol\ieee802154" -I"C:\Users\colto\SimplicityStudio\v4_workspace\CPSIncDeviceApplication\platform\radio\rail_lib\chip\efr32\efr32xg1x" -I"C:\Users\colto\SimplicityStudio\v4_workspace\CPSIncDeviceApplication\platform\emdrv\common\inc" -I"C:\Users\colto\SimplicityStudio\v4_workspace\CPSIncDeviceApplication\platform\emdrv\sleep\src" -I"C:\Users\colto\SimplicityStudio\v4_workspace\CPSIncDeviceApplication\platform\emdrv\sleep\inc" -I"C:\Users\colto\SimplicityStudio\v4_workspace\CPSIncDeviceApplication\platform\emdrv\gpiointerrupt\inc" -I"C:\Users\colto\SimplicityStudio\v4_workspace\CPSIncDeviceApplication\platform\bootloader\api" -I"C:\Users\colto\SimplicityStudio\v4_workspace\CPSIncDeviceApplication\platform\emdrv\tempdrv\src" -I"C:\Users\colto\SimplicityStudio\v4_workspace\CPSIncDeviceApplication\platform\Device\SiliconLabs\EFR32BG1B\Source\GCC" -I"C:\Users\colto\SimplicityStudio\v4_workspace\CPSIncDeviceApplication\platform\bootloader" -O2 -Wall -c -fmessage-length=0 -ffunction-sections -fdata-sections -mfpu=fpv4-sp-d16 -mfloat-abi=softfp -MMD -MP -MF"app.d" -MT"app.o" -o "app.o" "../app.c"
In file included from C:\Users\colto\SimplicityStudio\v4_workspace\CPSIncDeviceApplication/hal-config.h:22:0,
                 from C:\Users\colto\SimplicityStudio\v4_workspace\CPSIncDeviceApplication\protocol\bluetooth\ble_stack\inc\soc/native_gecko.h:25,
                 from ../app.c:28:
C:\Users\colto\SimplicityStudio\v4_workspace\CPSIncDeviceApplication/hal-config-board.h:59:2: warning: #warning "Following pin mappings need to be set for your custom board when using printf..>" [-Wcpp]
 #warning "Following pin mappings need to be set for your custom board when using printf..>"
  ^~~~~~~
In file included from ../app.c:35:0:
../app.c: In function 'appMain':
../app.h:36:20: warning: implicit declaration of function 'swoFlush'; did you mean 'fflush'? [-Wimplicit-function-declaration]
 #define flushSWO() swoFlush()
                    ^
../app.c:71:3: note: in expansion of macro 'flushSWO'
   flushSWO();
   ^~~~~~~~
../app.c:163:9: warning: implicit declaration of function 'readStripDetectVoltage' [-Wimplicit-function-declaration]
         readStripDetectVoltage();
         ^~~~~~~~~~~~~~~~~~~~~~
../app.c:164:9: warning: implicit declaration of function 'updateStripDetectVoltage' [-Wimplicit-function-declaration]
         updateStripDetectVoltage();
         ^~~~~~~~~~~~~~~~~~~~~~~~
../app.c:165:9: warning: implicit declaration of function 'notifyStripDetectVoltage' [-Wimplicit-function-declaration]
         notifyStripDetectVoltage();
         ^~~~~~~~~~~~~~~~~~~~~~~~
../app.c:168:10: warning: implicit declaration of function 'readIntegratedVoltage' [-Wimplicit-function-declaration]
          readIntegratedVoltage();
          ^~~~~~~~~~~~~~~~~~~~~
../app.c:169:10: warning: implicit declaration of function 'updateIntegratedVoltage' [-Wimplicit-function-declaration]
          updateIntegratedVoltage();
          ^~~~~~~~~~~~~~~~~~~~~~~
../app.c:170:10: warning: implicit declaration of function 'notifyIntegratedVoltage' [-Wimplicit-function-declaration]
          notifyIntegratedVoltage();
          ^~~~~~~~~~~~~~~~~~~~~~~
../app.c:172:10: warning: implicit declaration of function 'readDifferentialVoltage'; did you mean 'ADC_ScanDifferentialInputAdd'? [-Wimplicit-function-declaration]
          readDifferentialVoltage();
          ^~~~~~~~~~~~~~~~~~~~~~~
          ADC_ScanDifferentialInputAdd
../app.c:173:10: warning: implicit declaration of function 'updateDifferentialVoltage' [-Wimplicit-function-declaration]
          updateDifferentialVoltage();
          ^~~~~~~~~~~~~~~~~~~~~~~~~
../app.c:174:10: warning: implicit declaration of function 'notifyDifferentialVoltage' [-Wimplicit-function-declaration]
          notifyDifferentialVoltage();
          ^~~~~~~~~~~~~~~~~~~~~~~~~
../app.c:199:9: warning: implicit declaration of function 'dischargeCapacitor' [-Wimplicit-function-declaration]
         dischargeCapacitor();
         ^~~~~~~~~~~~~~~~~~
../app.c: At top level:
../app.c:253:6: warning: conflicting types for 'readStripDetectVoltage'
 void readStripDetectVoltage(){ //needs function prototype
      ^~~~~~~~~~~~~~~~~~~~~~
../app.c:163:9: note: previous implicit declaration of 'readStripDetectVoltage' was here
         readStripDetectVoltage();
         ^~~~~~~~~~~~~~~~~~~~~~
../app.c:268:6: warning: conflicting types for 'updateStripDetectVoltage'
 void updateStripDetectVoltage(){ //needs function prototype
      ^~~~~~~~~~~~~~~~~~~~~~~~
../app.c:164:9: note: previous implicit declaration of 'updateStripDetectVoltage' was here
         updateStripDetectVoltage();
         ^~~~~~~~~~~~~~~~~~~~~~~~
../app.c:274:6: warning: conflicting types for 'notifyStripDetectVoltage'
 void notifyStripDetectVoltage(){ //needs function prototype
      ^~~~~~~~~~~~~~~~~~~~~~~~
../app.c:165:9: note: previous implicit declaration of 'notifyStripDetectVoltage' was here
         notifyStripDetectVoltage();
         ^~~~~~~~~~~~~~~~~~~~~~~~
../app.c:278:6: warning: conflicting types for 'readDifferentialVoltage'
 void readDifferentialVoltage(){ //needs function prototype
      ^~~~~~~~~~~~~~~~~~~~~~~
../app.c:172:10: note: previous implicit declaration of 'readDifferentialVoltage' was here
          readDifferentialVoltage();
          ^~~~~~~~~~~~~~~~~~~~~~~
../app.c:294:6: warning: conflicting types for 'updateDifferentialVoltage'
 void updateDifferentialVoltage(){ //needs function prototype
      ^~~~~~~~~~~~~~~~~~~~~~~~~
../app.c:173:10: note: previous implicit declaration of 'updateDifferentialVoltage' was here
          updateDifferentialVoltage();
          ^~~~~~~~~~~~~~~~~~~~~~~~~
../app.c:300:6: warning: conflicting types for 'notifyDifferentialVoltage'
 void notifyDifferentialVoltage(){ //needs function prototype
      ^~~~~~~~~~~~~~~~~~~~~~~~~
../app.c:174:10: note: previous implicit declaration of 'notifyDifferentialVoltage' was here
          notifyDifferentialVoltage();
          ^~~~~~~~~~~~~~~~~~~~~~~~~
../app.c:304:6: warning: conflicting types for 'readIntegratedVoltage'
 void readIntegratedVoltage(){ //need function prototype
      ^~~~~~~~~~~~~~~~~~~~~
../app.c:168:10: note: previous implicit declaration of 'readIntegratedVoltage' was here
          readIntegratedVoltage();
          ^~~~~~~~~~~~~~~~~~~~~
../app.c:321:6: warning: conflicting types for 'updateIntegratedVoltage'
 void updateIntegratedVoltage(){ //needs function prototype
      ^~~~~~~~~~~~~~~~~~~~~~~
../app.c:169:10: note: previous implicit declaration of 'updateIntegratedVoltage' was here
          updateIntegratedVoltage();
          ^~~~~~~~~~~~~~~~~~~~~~~
../app.c:327:6: warning: conflicting types for 'notifyIntegratedVoltage'
 void notifyIntegratedVoltage(){ //needs function prototype
      ^~~~~~~~~~~~~~~~~~~~~~~
../app.c:170:10: note: previous implicit declaration of 'notifyIntegratedVoltage' was here
          notifyIntegratedVoltage();
          ^~~~~~~~~~~~~~~~~~~~~~~
../app.c:331:6: warning: conflicting types for 'dischargeCapacitor'
 void dischargeCapacitor(){ //needs function prototype
      ^~~~~~~~~~~~~~~~~~
../app.c:199:9: note: previous implicit declaration of 'dischargeCapacitor' was here
         dischargeCapacitor();
         ^~~~~~~~~~~~~~~~~~
Finished building: ../app.c
 
Building target: CPSIncDeviceApplication.axf
Invoking: GNU ARM C Linker
arm-none-eabi-gcc -g -gdwarf-2 -mcpu=cortex-m4 -mthumb -T "C:\Users\colto\SimplicityStudio\v4_workspace\CPSIncDeviceApplication\efr32bg1b232f256gm48.ld" -Xlinker --gc-sections -Xlinker -Map="CPSIncDeviceApplication.map" -mfpu=fpv4-sp-d16 -mfloat-abi=softfp --specs=nano.specs -o CPSIncDeviceApplication.axf -Wl,--start-group "./app/bluetooth/common/util/infrastructure.o" "./app.o" "./application_properties.o" "./gatt_db.o" "./init_app.o" "./init_board_efr32xg1.o" "./init_mcu_efr32xg1.o" "./main.o" "./hardware/kit/common/bsp/bsp_stk.o" "./hardware/kit/common/drivers/pg_retargetswo.o" "./hardware/kit/common/drivers/retargetio.o" "./platform/Device/SiliconLabs/EFR32BG1B/Source/GCC/startup_efr32bg1b.o" "./platform/Device/SiliconLabs/EFR32BG1B/Source/system_efr32bg1b.o" "./platform/emdrv/sleep/src/sleep.o" "./platform/emdrv/tempdrv/src/tempdrv.o" "./platform/emlib/src/em_adc.o" "./platform/emlib/src/em_assert.o" "./platform/emlib/src/em_burtc.o" "./platform/emlib/src/em_cmu.o" "./platform/emlib/src/em_core.o" "./platform/emlib/src/em_cryotimer.o" "./platform/emlib/src/em_crypto.o" "./platform/emlib/src/em_dbg.o" "./platform/emlib/src/em_emu.o" "./platform/emlib/src/em_gpio.o" "./platform/emlib/src/em_i2c.o" "./platform/emlib/src/em_idac.o" "./platform/emlib/src/em_msc.o" "./platform/emlib/src/em_rmu.o" "./platform/emlib/src/em_rtcc.o" "./platform/emlib/src/em_se.o" "./platform/emlib/src/em_system.o" "./platform/emlib/src/em_timer.o" "./platform/emlib/src/em_usart.o" "C:\Users\colto\SimplicityStudio\v4_workspace\CPSIncDeviceApplication\protocol\bluetooth\lib\EFR32BG1B\GCC\binapploader.o" "C:\Users\colto\SimplicityStudio\v4_workspace\CPSIncDeviceApplication\protocol\bluetooth\lib\EFR32BG1B\GCC\libmbedtls.a" "C:\Users\colto\SimplicityStudio\v4_workspace\CPSIncDeviceApplication\protocol\bluetooth\lib\EFR32BG1B\GCC\libpsstore.a" "C:\Users\colto\SimplicityStudio\v4_workspace\CPSIncDeviceApplication\protocol\bluetooth\lib\EFR32BG1B\GCC\libbluetooth.a" "C:\Users\colto\SimplicityStudio\v4_workspace\CPSIncDeviceApplication\platform\radio\rail_lib\autogen\librail_release\librail_efr32xg1_gcc_release.a" -lm -Wl,--end-group -Wl,--start-group -lgcc -lc -lnosys -Wl,--end-group
Finished building target: CPSIncDeviceApplication.axf
 
Building hex file: CPSIncDeviceApplication.hex
arm-none-eabi-objcopy -O ihex "CPSIncDeviceApplication.axf" "CPSIncDeviceApplication.hex"
 
Building bin file: CPSIncDeviceApplication.bin
arm-none-eabi-objcopy -O binary "CPSIncDeviceApplication.axf" "CPSIncDeviceApplication.bin"
 
Building s37 file: CPSIncDeviceApplication.s37
arm-none-eabi-objcopy -O srec "CPSIncDeviceApplication.axf" "CPSIncDeviceApplication.s37"
 
Running size tool
arm-none-eabi-size "CPSIncDeviceApplication.axf"
   text	   data	    bss	    dec	    hex	filename
 171920	      0	  11692	 183612	  2cd3c	CPSIncDeviceApplication.axf
 
10:46:27 **** Incremental Build of configuration GNU ARM v7.2.1 - Default for project CPSIncDeviceApplication ****
make -j4 all 
Building file: ../app.c
Invoking: GNU ARM C Compiler
arm-none-eabi-gcc -g -gdwarf-2 -mcpu=cortex-m4 -mthumb -std=c99 '-D__HEAP_SIZE=0xD00' '-D__STACK_SIZE=0x800' '-DHAL_CONFIG=1' '-D__StackLimit=0x20000000' '-DEFR32BG1B232F256GM48=1' -I"C:\Users\colto\SimplicityStudio\v4_workspace\CPSIncDeviceApplication" -I"C:\Users\colto\SimplicityStudio\v4_workspace\CPSIncDeviceApplication\platform\Device\SiliconLabs\EFR32BG1B\Include" -I"C:\Users\colto\SimplicityStudio\v4_workspace\CPSIncDeviceApplication\platform\CMSIS\Include" -I"C:\Users\colto\SimplicityStudio\v4_workspace\CPSIncDeviceApplication\platform\emlib\inc" -I"C:\Users\colto\SimplicityStudio\v4_workspace\CPSIncDeviceApplication\hardware\kit\common\bsp" -I"C:\Users\colto\SimplicityStudio\v4_workspace\CPSIncDeviceApplication\platform\radio\rail_lib\common" -I"C:\Users\colto\SimplicityStudio\v4_workspace\CPSIncDeviceApplication\protocol\bluetooth\ble_stack\inc\common" -I"C:\Users\colto\SimplicityStudio\v4_workspace\CPSIncDeviceApplication\hardware\kit\common\drivers" -I"C:\Users\colto\SimplicityStudio\v4_workspace\CPSIncDeviceApplication\platform\radio\rail_lib\protocol\ble" -I"C:\Users\colto\SimplicityStudio\v4_workspace\CPSIncDeviceApplication\platform\emlib\src" -I"C:\Users\colto\SimplicityStudio\v4_workspace\CPSIncDeviceApplication\hardware\kit\common\halconfig" -I"C:\Users\colto\SimplicityStudio\v4_workspace\CPSIncDeviceApplication\platform\halconfig\inc\hal-config" -I"C:\Users\colto\SimplicityStudio\v4_workspace\CPSIncDeviceApplication\app\bluetooth\common\util" -I"C:\Users\colto\SimplicityStudio\v4_workspace\CPSIncDeviceApplication\platform\emdrv\tempdrv\inc" -I"C:\Users\colto\SimplicityStudio\v4_workspace\CPSIncDeviceApplication\protocol\bluetooth\ble_stack\inc\soc" -I"C:\Users\colto\SimplicityStudio\v4_workspace\CPSIncDeviceApplication\platform\emdrv\uartdrv\inc" -I"C:\Users\colto\SimplicityStudio\v4_workspace\CPSIncDeviceApplication\platform\Device\SiliconLabs\EFR32BG1B\Source" -I"C:\Users\colto\SimplicityStudio\v4_workspace\CPSIncDeviceApplication\platform\radio\rail_lib\protocol\ieee802154" -I"C:\Users\colto\SimplicityStudio\v4_workspace\CPSIncDeviceApplication\platform\radio\rail_lib\chip\efr32\efr32xg1x" -I"C:\Users\colto\SimplicityStudio\v4_workspace\CPSIncDeviceApplication\platform\emdrv\common\inc" -I"C:\Users\colto\SimplicityStudio\v4_workspace\CPSIncDeviceApplication\platform\emdrv\sleep\src" -I"C:\Users\colto\SimplicityStudio\v4_workspace\CPSIncDeviceApplication\platform\emdrv\sleep\inc" -I"C:\Users\colto\SimplicityStudio\v4_workspace\CPSIncDeviceApplication\platform\emdrv\gpiointerrupt\inc" -I"C:\Users\colto\SimplicityStudio\v4_workspace\CPSIncDeviceApplication\platform\bootloader\api" -I"C:\Users\colto\SimplicityStudio\v4_workspace\CPSIncDeviceApplication\platform\emdrv\tempdrv\src" -I"C:\Users\colto\SimplicityStudio\v4_workspace\CPSIncDeviceApplication\platform\Device\SiliconLabs\EFR32BG1B\Source\GCC" -I"C:\Users\colto\SimplicityStudio\v4_workspace\CPSIncDeviceApplication\platform\bootloader" -O2 -Wall -c -fmessage-length=0 -ffunction-sections -fdata-sections -mfpu=fpv4-sp-d16 -mfloat-abi=softfp -MMD -MP -MF"app.d" -MT"app.o" -o "app.o" "../app.c"
In file included from C:\Users\colto\SimplicityStudio\v4_workspace\CPSIncDeviceApplication/hal-config.h:22:0,
                 from C:\Users\colto\SimplicityStudio\v4_workspace\CPSIncDeviceApplication\protocol\bluetooth\ble_stack\inc\soc/native_gecko.h:25,
                 from ../app.c:28:
C:\Users\colto\SimplicityStudio\v4_workspace\CPSIncDeviceApplication/hal-config-board.h:59:2: warning: #warning "Following pin mappings need to be set for your custom board when using printf..>" [-Wcpp]
 #warning "Following pin mappings need to be set for your custom board when using printf..>"
  ^~~~~~~
In file included from ../app.c:35:0:
../app.c: In function 'appMain':
../app.h:36:20: warning: implicit declaration of function 'swoFlush'; did you mean 'fflush'? [-Wimplicit-function-declaration]
 #define flushSWO() swoFlush()
                    ^
../app.c:71:3: note: in expansion of macro 'flushSWO'
   flushSWO();
   ^~~~~~~~
../app.c:163:9: warning: implicit declaration of function 'readStripDetectVoltage' [-Wimplicit-function-declaration]
         readStripDetectVoltage();
         ^~~~~~~~~~~~~~~~~~~~~~
../app.c:164:9: warning: implicit declaration of function 'updateStripDetectVoltage' [-Wimplicit-function-declaration]
         updateStripDetectVoltage();
         ^~~~~~~~~~~~~~~~~~~~~~~~
../app.c:165:9: warning: implicit declaration of function 'notifyStripDetectVoltage' [-Wimplicit-function-declaration]
         notifyStripDetectVoltage();
         ^~~~~~~~~~~~~~~~~~~~~~~~
../app.c:168:10: warning: implicit declaration of function 'readIntegratedVoltage' [-Wimplicit-function-declaration]
          readIntegratedVoltage();
          ^~~~~~~~~~~~~~~~~~~~~
../app.c:169:10: warning: implicit declaration of function 'updateIntegratedVoltage' [-Wimplicit-function-declaration]
          updateIntegratedVoltage();
          ^~~~~~~~~~~~~~~~~~~~~~~
../app.c:170:10: warning: implicit declaration of function 'notifyIntegratedVoltage' [-Wimplicit-function-declaration]
          notifyIntegratedVoltage();
          ^~~~~~~~~~~~~~~~~~~~~~~
../app.c:172:10: warning: implicit declaration of function 'readDifferentialVoltage'; did you mean 'ADC_ScanDifferentialInputAdd'? [-Wimplicit-function-declaration]
          readDifferentialVoltage();
          ^~~~~~~~~~~~~~~~~~~~~~~
          ADC_ScanDifferentialInputAdd
../app.c:173:10: warning: implicit declaration of function 'updateDifferentialVoltage' [-Wimplicit-function-declaration]
          updateDifferentialVoltage();
          ^~~~~~~~~~~~~~~~~~~~~~~~~
../app.c:174:10: warning: implicit declaration of function 'notifyDifferentialVoltage' [-Wimplicit-function-declaration]
          notifyDifferentialVoltage();
          ^~~~~~~~~~~~~~~~~~~~~~~~~
../app.c:199:9: warning: implicit declaration of function 'dischargeCapacitor' [-Wimplicit-function-declaration]
         dischargeCapacitor();
         ^~~~~~~~~~~~~~~~~~
../app.c: At top level:
../app.c:253:6: warning: conflicting types for 'readStripDetectVoltage'
 void readStripDetectVoltage(){ //needs function prototype
      ^~~~~~~~~~~~~~~~~~~~~~
../app.c:163:9: note: previous implicit declaration of 'readStripDetectVoltage' was here
         readStripDetectVoltage();
         ^~~~~~~~~~~~~~~~~~~~~~
../app.c:268:6: warning: conflicting types for 'updateStripDetectVoltage'
 void updateStripDetectVoltage(){ //needs function prototype
      ^~~~~~~~~~~~~~~~~~~~~~~~
../app.c:164:9: note: previous implicit declaration of 'updateStripDetectVoltage' was here
         updateStripDetectVoltage();
         ^~~~~~~~~~~~~~~~~~~~~~~~
../app.c:274:6: warning: conflicting types for 'notifyStripDetectVoltage'
 void notifyStripDetectVoltage(){ //needs function prototype
      ^~~~~~~~~~~~~~~~~~~~~~~~
../app.c:165:9: note: previous implicit declaration of 'notifyStripDetectVoltage' was here
         notifyStripDetectVoltage();
         ^~~~~~~~~~~~~~~~~~~~~~~~
../app.c:278:6: warning: conflicting types for 'readDifferentialVoltage'
 void readDifferentialVoltage(){ //needs function prototype
      ^~~~~~~~~~~~~~~~~~~~~~~
../app.c:172:10: note: previous implicit declaration of 'readDifferentialVoltage' was here
          readDifferentialVoltage();
          ^~~~~~~~~~~~~~~~~~~~~~~
../app.c:294:6: warning: conflicting types for 'updateDifferentialVoltage'
 void updateDifferentialVoltage(){ //needs function prototype
      ^~~~~~~~~~~~~~~~~~~~~~~~~
../app.c:173:10: note: previous implicit declaration of 'updateDifferentialVoltage' was here
          updateDifferentialVoltage();
          ^~~~~~~~~~~~~~~~~~~~~~~~~
../app.c:300:6: warning: conflicting types for 'notifyDifferentialVoltage'
 void notifyDifferentialVoltage(){ //needs function prototype
      ^~~~~~~~~~~~~~~~~~~~~~~~~
../app.c:174:10: note: previous implicit declaration of 'notifyDifferentialVoltage' was here
          notifyDifferentialVoltage();
          ^~~~~~~~~~~~~~~~~~~~~~~~~
../app.c:304:6: warning: conflicting types for 'readIntegratedVoltage'
 void readIntegratedVoltage(){ //need function prototype
      ^~~~~~~~~~~~~~~~~~~~~
../app.c:168:10: note: previous implicit declaration of 'readIntegratedVoltage' was here
          readIntegratedVoltage();
          ^~~~~~~~~~~~~~~~~~~~~
../app.c:321:6: warning: conflicting types for 'updateIntegratedVoltage'
 void updateIntegratedVoltage(){ //needs function prototype
      ^~~~~~~~~~~~~~~~~~~~~~~
../app.c:169:10: note: previous implicit declaration of 'updateIntegratedVoltage' was here
          updateIntegratedVoltage();
          ^~~~~~~~~~~~~~~~~~~~~~~
../app.c:327:6: warning: conflicting types for 'notifyIntegratedVoltage'
 void notifyIntegratedVoltage(){ //needs function prototype
      ^~~~~~~~~~~~~~~~~~~~~~~
../app.c:170:10: note: previous implicit declaration of 'notifyIntegratedVoltage' was here
          notifyIntegratedVoltage();
          ^~~~~~~~~~~~~~~~~~~~~~~
../app.c:331:6: warning: conflicting types for 'dischargeCapacitor'
 void dischargeCapacitor(){ //needs function prototype
      ^~~~~~~~~~~~~~~~~~
../app.c:199:9: note: previous implicit declaration of 'dischargeCapacitor' was here
         dischargeCapacitor();
         ^~~~~~~~~~~~~~~~~~
Finished building: ../app.c
 
Building target: CPSIncDeviceApplication.axf
Invoking: GNU ARM C Linker
arm-none-eabi-gcc -g -gdwarf-2 -mcpu=cortex-m4 -mthumb -T "C:\Users\colto\SimplicityStudio\v4_workspace\CPSIncDeviceApplication\efr32bg1b232f256gm48.ld" -Xlinker --gc-sections -Xlinker -Map="CPSIncDeviceApplication.map" -mfpu=fpv4-sp-d16 -mfloat-abi=softfp --specs=nano.specs -o CPSIncDeviceApplication.axf -Wl,--start-group "./app/bluetooth/common/util/infrastructure.o" "./app.o" "./application_properties.o" "./gatt_db.o" "./init_app.o" "./init_board_efr32xg1.o" "./init_mcu_efr32xg1.o" "./main.o" "./hardware/kit/common/bsp/bsp_stk.o" "./hardware/kit/common/drivers/pg_retargetswo.o" "./hardware/kit/common/drivers/retargetio.o" "./platform/Device/SiliconLabs/EFR32BG1B/Source/GCC/startup_efr32bg1b.o" "./platform/Device/SiliconLabs/EFR32BG1B/Source/system_efr32bg1b.o" "./platform/emdrv/sleep/src/sleep.o" "./platform/emdrv/tempdrv/src/tempdrv.o" "./platform/emlib/src/em_adc.o" "./platform/emlib/src/em_assert.o" "./platform/emlib/src/em_burtc.o" "./platform/emlib/src/em_cmu.o" "./platform/emlib/src/em_core.o" "./platform/emlib/src/em_cryotimer.o" "./platform/emlib/src/em_crypto.o" "./platform/emlib/src/em_dbg.o" "./platform/emlib/src/em_emu.o" "./platform/emlib/src/em_gpio.o" "./platform/emlib/src/em_i2c.o" "./platform/emlib/src/em_idac.o" "./platform/emlib/src/em_msc.o" "./platform/emlib/src/em_rmu.o" "./platform/emlib/src/em_rtcc.o" "./platform/emlib/src/em_se.o" "./platform/emlib/src/em_system.o" "./platform/emlib/src/em_timer.o" "./platform/emlib/src/em_usart.o" "C:\Users\colto\SimplicityStudio\v4_workspace\CPSIncDeviceApplication\protocol\bluetooth\lib\EFR32BG1B\GCC\binapploader.o" "C:\Users\colto\SimplicityStudio\v4_workspace\CPSIncDeviceApplication\protocol\bluetooth\lib\EFR32BG1B\GCC\libmbedtls.a" "C:\Users\colto\SimplicityStudio\v4_workspace\CPSIncDeviceApplication\protocol\bluetooth\lib\EFR32BG1B\GCC\libpsstore.a" "C:\Users\colto\SimplicityStudio\v4_workspace\CPSIncDeviceApplication\protocol\bluetooth\lib\EFR32BG1B\GCC\libbluetooth.a" "C:\Users\colto\SimplicityStudio\v4_workspace\CPSIncDeviceApplication\platform\radio\rail_lib\autogen\librail_release\librail_efr32xg1_gcc_release.a" -lm -Wl,--end-group -Wl,--start-group -lgcc -lc -lnosys -Wl,--end-group
Finished building target: CPSIncDeviceApplication.axf
 
Building hex file: CPSIncDeviceApplication.hex
arm-none-eabi-objcopy -O ihex "CPSIncDeviceApplication.axf" "CPSIncDeviceApplication.hex"
 
Building bin file: CPSIncDeviceApplication.bin
arm-none-eabi-objcopy -O binary "CPSIncDeviceApplication.axf" "CPSIncDeviceApplication.bin"
 
Building s37 file: CPSIncDeviceApplication.s37
arm-none-eabi-objcopy -O srec "CPSIncDeviceApplication.axf" "CPSIncDeviceApplication.s37"
 
Running size tool
arm-none-eabi-size "CPSIncDeviceApplication.axf"
   text	   data	    bss	    dec	    hex	filename
 171936	      0	  11692	 183628	  2cd4c	CPSIncDeviceApplication.axf
 
10:51:49 **** Incremental Build of configuration GNU ARM v7.2.1 - Default for project CPSIncDeviceApplication ****
make -j4 all 
Building file: ../app.c
Invoking: GNU ARM C Compiler
arm-none-eabi-gcc -g -gdwarf-2 -mcpu=cortex-m4 -mthumb -std=c99 '-D__HEAP_SIZE=0xD00' '-D__STACK_SIZE=0x800' '-DHAL_CONFIG=1' '-D__StackLimit=0x20000000' '-DEFR32BG1B232F256GM48=1' -I"C:\Users\colto\SimplicityStudio\v4_workspace\CPSIncDeviceApplication" -I"C:\Users\colto\SimplicityStudio\v4_workspace\CPSIncDeviceApplication\platform\Device\SiliconLabs\EFR32BG1B\Include" -I"C:\Users\colto\SimplicityStudio\v4_workspace\CPSIncDeviceApplication\platform\CMSIS\Include" -I"C:\Users\colto\SimplicityStudio\v4_workspace\CPSIncDeviceApplication\platform\emlib\inc" -I"C:\Users\colto\SimplicityStudio\v4_workspace\CPSIncDeviceApplication\hardware\kit\common\bsp" -I"C:\Users\colto\SimplicityStudio\v4_workspace\CPSIncDeviceApplication\platform\radio\rail_lib\common" -I"C:\Users\colto\SimplicityStudio\v4_workspace\CPSIncDeviceApplication\protocol\bluetooth\ble_stack\inc\common" -I"C:\Users\colto\SimplicityStudio\v4_workspace\CPSIncDeviceApplication\hardware\kit\common\drivers" -I"C:\Users\colto\SimplicityStudio\v4_workspace\CPSIncDeviceApplication\platform\radio\rail_lib\protocol\ble" -I"C:\Users\colto\SimplicityStudio\v4_workspace\CPSIncDeviceApplication\platform\emlib\src" -I"C:\Users\colto\SimplicityStudio\v4_workspace\CPSIncDeviceApplication\hardware\kit\common\halconfig" -I"C:\Users\colto\SimplicityStudio\v4_workspace\CPSIncDeviceApplication\platform\halconfig\inc\hal-config" -I"C:\Users\colto\SimplicityStudio\v4_workspace\CPSIncDeviceApplication\app\bluetooth\common\util" -I"C:\Users\colto\SimplicityStudio\v4_workspace\CPSIncDeviceApplication\platform\emdrv\tempdrv\inc" -I"C:\Users\colto\SimplicityStudio\v4_workspace\CPSIncDeviceApplication\protocol\bluetooth\ble_stack\inc\soc" -I"C:\Users\colto\SimplicityStudio\v4_workspace\CPSIncDeviceApplication\platform\emdrv\uartdrv\inc" -I"C:\Users\colto\SimplicityStudio\v4_workspace\CPSIncDeviceApplication\platform\Device\SiliconLabs\EFR32BG1B\Source" -I"C:\Users\colto\SimplicityStudio\v4_workspace\CPSIncDeviceApplication\platform\radio\rail_lib\protocol\ieee802154" -I"C:\Users\colto\SimplicityStudio\v4_workspace\CPSIncDeviceApplication\platform\radio\rail_lib\chip\efr32\efr32xg1x" -I"C:\Users\colto\SimplicityStudio\v4_workspace\CPSIncDeviceApplication\platform\emdrv\common\inc" -I"C:\Users\colto\SimplicityStudio\v4_workspace\CPSIncDeviceApplication\platform\emdrv\sleep\src" -I"C:\Users\colto\SimplicityStudio\v4_workspace\CPSIncDeviceApplication\platform\emdrv\sleep\inc" -I"C:\Users\colto\SimplicityStudio\v4_workspace\CPSIncDeviceApplication\platform\emdrv\gpiointerrupt\inc" -I"C:\Users\colto\SimplicityStudio\v4_workspace\CPSIncDeviceApplication\platform\bootloader\api" -I"C:\Users\colto\SimplicityStudio\v4_workspace\CPSIncDeviceApplication\platform\emdrv\tempdrv\src" -I"C:\Users\colto\SimplicityStudio\v4_workspace\CPSIncDeviceApplication\platform\Device\SiliconLabs\EFR32BG1B\Source\GCC" -I"C:\Users\colto\SimplicityStudio\v4_workspace\CPSIncDeviceApplication\platform\bootloader" -O2 -Wall -c -fmessage-length=0 -ffunction-sections -fdata-sections -mfpu=fpv4-sp-d16 -mfloat-abi=softfp -MMD -MP -MF"app.d" -MT"app.o" -o "app.o" "../app.c"
In file included from C:\Users\colto\SimplicityStudio\v4_workspace\CPSIncDeviceApplication/hal-config.h:22:0,
                 from C:\Users\colto\SimplicityStudio\v4_workspace\CPSIncDeviceApplication\protocol\bluetooth\ble_stack\inc\soc/native_gecko.h:25,
                 from ../app.c:28:
C:\Users\colto\SimplicityStudio\v4_workspace\CPSIncDeviceApplication/hal-config-board.h:59:2: warning: #warning "Following pin mappings need to be set for your custom board when using printf..>" [-Wcpp]
 #warning "Following pin mappings need to be set for your custom board when using printf..>"
  ^~~~~~~
In file included from ../app.c:35:0:
../app.c: In function 'appMain':
../app.h:36:20: warning: implicit declaration of function 'swoFlush'; did you mean 'fflush'? [-Wimplicit-function-declaration]
 #define flushSWO() swoFlush()
                    ^
../app.c:71:3: note: in expansion of macro 'flushSWO'
   flushSWO();
   ^~~~~~~~
../app.c:163:9: warning: implicit declaration of function 'readStripDetectVoltage' [-Wimplicit-function-declaration]
         readStripDetectVoltage();
         ^~~~~~~~~~~~~~~~~~~~~~
../app.c:164:9: warning: implicit declaration of function 'updateStripDetectVoltage' [-Wimplicit-function-declaration]
         updateStripDetectVoltage();
         ^~~~~~~~~~~~~~~~~~~~~~~~
../app.c:165:9: warning: implicit declaration of function 'notifyStripDetectVoltage' [-Wimplicit-function-declaration]
         notifyStripDetectVoltage();
         ^~~~~~~~~~~~~~~~~~~~~~~~
../app.c:168:10: warning: implicit declaration of function 'readIntegratedVoltage' [-Wimplicit-function-declaration]
          readIntegratedVoltage();
          ^~~~~~~~~~~~~~~~~~~~~
../app.c:169:10: warning: implicit declaration of function 'updateIntegratedVoltage' [-Wimplicit-function-declaration]
          updateIntegratedVoltage();
          ^~~~~~~~~~~~~~~~~~~~~~~
../app.c:170:10: warning: implicit declaration of function 'notifyIntegratedVoltage' [-Wimplicit-function-declaration]
          notifyIntegratedVoltage();
          ^~~~~~~~~~~~~~~~~~~~~~~
../app.c:172:10: warning: implicit declaration of function 'readDifferentialVoltage'; did you mean 'ADC_ScanDifferentialInputAdd'? [-Wimplicit-function-declaration]
          readDifferentialVoltage();
          ^~~~~~~~~~~~~~~~~~~~~~~
          ADC_ScanDifferentialInputAdd
../app.c:173:10: warning: implicit declaration of function 'updateDifferentialVoltage' [-Wimplicit-function-declaration]
          updateDifferentialVoltage();
          ^~~~~~~~~~~~~~~~~~~~~~~~~
../app.c:174:10: warning: implicit declaration of function 'notifyDifferentialVoltage' [-Wimplicit-function-declaration]
          notifyDifferentialVoltage();
          ^~~~~~~~~~~~~~~~~~~~~~~~~
../app.c:199:9: warning: implicit declaration of function 'dischargeCapacitor' [-Wimplicit-function-declaration]
         dischargeCapacitor();
         ^~~~~~~~~~~~~~~~~~
../app.c: At top level:
../app.c:253:6: warning: conflicting types for 'readStripDetectVoltage'
 void readStripDetectVoltage(){ //needs function prototype
      ^~~~~~~~~~~~~~~~~~~~~~
../app.c:163:9: note: previous implicit declaration of 'readStripDetectVoltage' was here
         readStripDetectVoltage();
         ^~~~~~~~~~~~~~~~~~~~~~
../app.c:268:6: warning: conflicting types for 'updateStripDetectVoltage'
 void updateStripDetectVoltage(){ //needs function prototype
      ^~~~~~~~~~~~~~~~~~~~~~~~
../app.c:164:9: note: previous implicit declaration of 'updateStripDetectVoltage' was here
         updateStripDetectVoltage();
         ^~~~~~~~~~~~~~~~~~~~~~~~
../app.c:274:6: warning: conflicting types for 'notifyStripDetectVoltage'
 void notifyStripDetectVoltage(){ //needs function prototype
      ^~~~~~~~~~~~~~~~~~~~~~~~
../app.c:165:9: note: previous implicit declaration of 'notifyStripDetectVoltage' was here
         notifyStripDetectVoltage();
         ^~~~~~~~~~~~~~~~~~~~~~~~
../app.c:278:6: warning: conflicting types for 'readDifferentialVoltage'
 void readDifferentialVoltage(){ //needs function prototype
      ^~~~~~~~~~~~~~~~~~~~~~~
../app.c:172:10: note: previous implicit declaration of 'readDifferentialVoltage' was here
          readDifferentialVoltage();
          ^~~~~~~~~~~~~~~~~~~~~~~
../app.c:294:6: warning: conflicting types for 'updateDifferentialVoltage'
 void updateDifferentialVoltage(){ //needs function prototype
      ^~~~~~~~~~~~~~~~~~~~~~~~~
../app.c:173:10: note: previous implicit declaration of 'updateDifferentialVoltage' was here
          updateDifferentialVoltage();
          ^~~~~~~~~~~~~~~~~~~~~~~~~
../app.c:300:6: warning: conflicting types for 'notifyDifferentialVoltage'
 void notifyDifferentialVoltage(){ //needs function prototype
      ^~~~~~~~~~~~~~~~~~~~~~~~~
../app.c:174:10: note: previous implicit declaration of 'notifyDifferentialVoltage' was here
          notifyDifferentialVoltage();
          ^~~~~~~~~~~~~~~~~~~~~~~~~
../app.c:304:6: warning: conflicting types for 'readIntegratedVoltage'
 void readIntegratedVoltage(){ //need function prototype
      ^~~~~~~~~~~~~~~~~~~~~
../app.c:168:10: note: previous implicit declaration of 'readIntegratedVoltage' was here
          readIntegratedVoltage();
          ^~~~~~~~~~~~~~~~~~~~~
../app.c:321:6: warning: conflicting types for 'updateIntegratedVoltage'
 void updateIntegratedVoltage(){ //needs function prototype
      ^~~~~~~~~~~~~~~~~~~~~~~
../app.c:169:10: note: previous implicit declaration of 'updateIntegratedVoltage' was here
          updateIntegratedVoltage();
          ^~~~~~~~~~~~~~~~~~~~~~~
../app.c:327:6: warning: conflicting types for 'notifyIntegratedVoltage'
 void notifyIntegratedVoltage(){ //needs function prototype
      ^~~~~~~~~~~~~~~~~~~~~~~
../app.c:170:10: note: previous implicit declaration of 'notifyIntegratedVoltage' was here
          notifyIntegratedVoltage();
          ^~~~~~~~~~~~~~~~~~~~~~~
../app.c:331:6: warning: conflicting types for 'dischargeCapacitor'
 void dischargeCapacitor(){ //needs function prototype
      ^~~~~~~~~~~~~~~~~~
../app.c:199:9: note: previous implicit declaration of 'dischargeCapacitor' was here
         dischargeCapacitor();
         ^~~~~~~~~~~~~~~~~~
Finished building: ../app.c
 
Building target: CPSIncDeviceApplication.axf
Invoking: GNU ARM C Linker
arm-none-eabi-gcc -g -gdwarf-2 -mcpu=cortex-m4 -mthumb -T "C:\Users\colto\SimplicityStudio\v4_workspace\CPSIncDeviceApplication\efr32bg1b232f256gm48.ld" -Xlinker --gc-sections -Xlinker -Map="CPSIncDeviceApplication.map" -mfpu=fpv4-sp-d16 -mfloat-abi=softfp --specs=nano.specs -o CPSIncDeviceApplication.axf -Wl,--start-group "./app/bluetooth/common/util/infrastructure.o" "./app.o" "./application_properties.o" "./gatt_db.o" "./init_app.o" "./init_board_efr32xg1.o" "./init_mcu_efr32xg1.o" "./main.o" "./hardware/kit/common/bsp/bsp_stk.o" "./hardware/kit/common/drivers/pg_retargetswo.o" "./hardware/kit/common/drivers/retargetio.o" "./platform/Device/SiliconLabs/EFR32BG1B/Source/GCC/startup_efr32bg1b.o" "./platform/Device/SiliconLabs/EFR32BG1B/Source/system_efr32bg1b.o" "./platform/emdrv/sleep/src/sleep.o" "./platform/emdrv/tempdrv/src/tempdrv.o" "./platform/emlib/src/em_adc.o" "./platform/emlib/src/em_assert.o" "./platform/emlib/src/em_burtc.o" "./platform/emlib/src/em_cmu.o" "./platform/emlib/src/em_core.o" "./platform/emlib/src/em_cryotimer.o" "./platform/emlib/src/em_crypto.o" "./platform/emlib/src/em_dbg.o" "./platform/emlib/src/em_emu.o" "./platform/emlib/src/em_gpio.o" "./platform/emlib/src/em_i2c.o" "./platform/emlib/src/em_idac.o" "./platform/emlib/src/em_msc.o" "./platform/emlib/src/em_rmu.o" "./platform/emlib/src/em_rtcc.o" "./platform/emlib/src/em_se.o" "./platform/emlib/src/em_system.o" "./platform/emlib/src/em_timer.o" "./platform/emlib/src/em_usart.o" "C:\Users\colto\SimplicityStudio\v4_workspace\CPSIncDeviceApplication\protocol\bluetooth\lib\EFR32BG1B\GCC\binapploader.o" "C:\Users\colto\SimplicityStudio\v4_workspace\CPSIncDeviceApplication\protocol\bluetooth\lib\EFR32BG1B\GCC\libmbedtls.a" "C:\Users\colto\SimplicityStudio\v4_workspace\CPSIncDeviceApplication\protocol\bluetooth\lib\EFR32BG1B\GCC\libpsstore.a" "C:\Users\colto\SimplicityStudio\v4_workspace\CPSIncDeviceApplication\protocol\bluetooth\lib\EFR32BG1B\GCC\libbluetooth.a" "C:\Users\colto\SimplicityStudio\v4_workspace\CPSIncDeviceApplication\platform\radio\rail_lib\autogen\librail_release\librail_efr32xg1_gcc_release.a" -lm -Wl,--end-group -Wl,--start-group -lgcc -lc -lnosys -Wl,--end-group
Finished building target: CPSIncDeviceApplication.axf
 
Building hex file: CPSIncDeviceApplication.hex
arm-none-eabi-objcopy -O ihex "CPSIncDeviceApplication.axf" "CPSIncDeviceApplication.hex"
 
Building bin file: CPSIncDeviceApplication.bin
arm-none-eabi-objcopy -O binary "CPSIncDeviceApplication.axf" "CPSIncDeviceApplication.bin"
 
Building s37 file: CPSIncDeviceApplication.s37
arm-none-eabi-objcopy -O srec "CPSIncDeviceApplication.axf" "CPSIncDeviceApplication.s37"
 
Running size tool
arm-none-eabi-size "CPSIncDeviceApplication.axf"
   text	   data	    bss	    dec	    hex	filename
 171920	      0	  11692	 183612	  2cd3c	CPSIncDeviceApplication.axf
 
13:07:59 **** Incremental Build of configuration GNU ARM v7.2.1 - Default for project CPSIncDeviceApplication ****
make -j4 all 
Building file: ../platform/emlib/src/em_adc.c
Building file: ../app.c
Invoking: GNU ARM C Compiler
arm-none-eabi-gcc -g -gdwarf-2 -mcpu=cortex-m4 -mthumb -std=c99 '-D__HEAP_SIZE=0xD00' '-D__STACK_SIZE=0x800' '-DHAL_CONFIG=1' '-D__StackLimit=0x20000000' '-DEFR32BG1B232F256GM48=1' -I"C:\Users\colto\SimplicityStudio\v4_workspace\CPSIncDeviceApplication" -I"C:\Users\colto\SimplicityStudio\v4_workspace\CPSIncDeviceApplication\platform\Device\SiliconLabs\EFR32BG1B\Include" -I"C:\Users\colto\SimplicityStudio\v4_workspace\CPSIncDeviceApplication\platform\CMSIS\Include" -I"C:\Users\colto\SimplicityStudio\v4_workspace\CPSIncDeviceApplication\platform\emlib\inc" -I"C:\Users\colto\SimplicityStudio\v4_workspace\CPSIncDeviceApplication\hardware\kit\common\bsp" -I"C:\Users\colto\SimplicityStudio\v4_workspace\CPSIncDeviceApplication\platform\radio\rail_lib\common" -I"C:\Users\colto\SimplicityStudio\v4_workspace\CPSIncDeviceApplication\protocol\bluetooth\ble_stack\inc\common" -I"C:\Users\colto\SimplicityStudio\v4_workspace\CPSIncDeviceApplication\hardware\kit\common\drivers" -I"C:\Users\colto\SimplicityStudio\v4_workspace\CPSIncDeviceApplication\platform\radio\rail_lib\protocol\ble" -I"C:\Users\colto\SimplicityStudio\v4_workspace\CPSIncDeviceApplication\platform\emlib\src" -I"C:\Users\colto\SimplicityStudio\v4_workspace\CPSIncDeviceApplication\hardware\kit\common\halconfig" -I"C:\Users\colto\SimplicityStudio\v4_workspace\CPSIncDeviceApplication\platform\halconfig\inc\hal-config" -I"C:\Users\colto\SimplicityStudio\v4_workspace\CPSIncDeviceApplication\app\bluetooth\common\util" -I"C:\Users\colto\SimplicityStudio\v4_workspace\CPSIncDeviceApplication\platform\emdrv\tempdrv\inc" -I"C:\Users\colto\SimplicityStudio\v4_workspace\CPSIncDeviceApplication\protocol\bluetooth\ble_stack\inc\soc" -I"C:\Users\colto\SimplicityStudio\v4_workspace\CPSIncDeviceApplication\platform\emdrv\uartdrv\inc" -I"C:\Users\colto\SimplicityStudio\v4_workspace\CPSIncDeviceApplication\platform\Device\SiliconLabs\EFR32BG1B\Source" -I"C:\Users\colto\SimplicityStudio\v4_workspace\CPSIncDeviceApplication\platform\radio\rail_lib\protocol\ieee802154" -I"C:\Users\colto\SimplicityStudio\v4_workspace\CPSIncDeviceApplication\platform\radio\rail_lib\chip\efr32\efr32xg1x" -I"C:\Users\colto\SimplicityStudio\v4_workspace\CPSIncDeviceApplication\platform\emdrv\common\inc" -I"C:\Users\colto\SimplicityStudio\v4_workspace\CPSIncDeviceApplication\platform\emdrv\sleep\src" -I"C:\Users\colto\SimplicityStudio\v4_workspace\CPSIncDeviceApplication\platform\emdrv\sleep\inc" -I"C:\Users\colto\SimplicityStudio\v4_workspace\CPSIncDeviceApplication\platform\emdrv\gpiointerrupt\inc" -I"C:\Users\colto\SimplicityStudio\v4_workspace\CPSIncDeviceApplication\platform\bootloader\api" -I"C:\Users\colto\SimplicityStudio\v4_workspace\CPSIncDeviceApplication\platform\emdrv\tempdrv\src" -I"C:\Users\colto\SimplicityStudio\v4_workspace\CPSIncDeviceApplication\platform\Device\SiliconLabs\EFR32BG1B\Source\GCC" -I"C:\Users\colto\SimplicityStudio\v4_workspace\CPSIncDeviceApplication\platform\bootloader" -O2 -Wall -c -fmessage-length=0 -ffunction-sections -fdata-sections -mfpu=fpv4-sp-d16 -mfloat-abi=softfp -MMD -MP -MF"platform/emlib/src/em_adc.d" -MT"platform/emlib/src/em_adc.o" -o "platform/emlib/src/em_adc.o" "../platform/emlib/src/em_adc.c"
Invoking: GNU ARM C Compiler
[...]
 #define printSWO(...) printf(__VA_ARGS__)
                              ^~~~~~~~~~~
../app.c: At top level:
../app.c:324:6: warning: conflicting types for 'updateIntegratedVoltage'
 void updateIntegratedVoltage(){ //needs function prototype
      ^~~~~~~~~~~~~~~~~~~~~~~
../app.c:171:10: note: previous implicit declaration of 'updateIntegratedVoltage' was here
          updateIntegratedVoltage();
          ^~~~~~~~~~~~~~~~~~~~~~~
../app.c:330:6: warning: conflicting types for 'notifyIntegratedVoltage'
 void notifyIntegratedVoltage(){ //needs function prototype
      ^~~~~~~~~~~~~~~~~~~~~~~
../app.c:172:10: note: previous implicit declaration of 'notifyIntegratedVoltage' was here
          notifyIntegratedVoltage();
          ^~~~~~~~~~~~~~~~~~~~~~~
../app.c:334:6: warning: conflicting types for 'dischargeCapacitor'
 void dischargeCapacitor(){ //needs function prototype
      ^~~~~~~~~~~~~~~~~~
../app.c:201:9: note: previous implicit declaration of 'dischargeCapacitor' was here
         dischargeCapacitor();
         ^~~~~~~~~~~~~~~~~~
Finished building: ../app.c
 
Building target: CPSIncDeviceApplication.axf
Invoking: GNU ARM C Linker
arm-none-eabi-gcc -g -gdwarf-2 -mcpu=cortex-m4 -mthumb -T "C:\Users\colto\SimplicityStudio\v4_workspace\CPSIncDeviceApplication\efr32bg1b232f256gm48.ld" -Xlinker --gc-sections -Xlinker -Map="CPSIncDeviceApplication.map" -mfpu=fpv4-sp-d16 -mfloat-abi=softfp --specs=nano.specs -o CPSIncDeviceApplication.axf -Wl,--start-group "./app/bluetooth/common/util/infrastructure.o" "./app.o" "./application_properties.o" "./gatt_db.o" "./init_app.o" "./init_board_efr32xg1.o" "./init_mcu_efr32xg1.o" "./main.o" "./hardware/kit/common/bsp/bsp_stk.o" "./hardware/kit/common/drivers/pg_retargetswo.o" "./hardware/kit/common/drivers/retargetio.o" "./platform/Device/SiliconLabs/EFR32BG1B/Source/GCC/startup_efr32bg1b.o" "./platform/Device/SiliconLabs/EFR32BG1B/Source/system_efr32bg1b.o" "./platform/emdrv/sleep/src/sleep.o" "./platform/emdrv/tempdrv/src/tempdrv.o" "./platform/emlib/src/em_adc.o" "./platform/emlib/src/em_assert.o" "./platform/emlib/src/em_burtc.o" "./platform/emlib/src/em_cmu.o" "./platform/emlib/src/em_core.o" "./platform/emlib/src/em_cryotimer.o" "./platform/emlib/src/em_crypto.o" "./platform/emlib/src/em_dbg.o" "./platform/emlib/src/em_emu.o" "./platform/emlib/src/em_gpio.o" "./platform/emlib/src/em_i2c.o" "./platform/emlib/src/em_idac.o" "./platform/emlib/src/em_msc.o" "./platform/emlib/src/em_rmu.o" "./platform/emlib/src/em_rtcc.o" "./platform/emlib/src/em_se.o" "./platform/emlib/src/em_system.o" "./platform/emlib/src/em_timer.o" "./platform/emlib/src/em_usart.o" "C:\Users\colto\SimplicityStudio\v4_workspace\CPSIncDeviceApplication\protocol\bluetooth\lib\EFR32BG1B\GCC\binapploader.o" "C:\Users\colto\SimplicityStudio\v4_workspace\CPSIncDeviceApplication\protocol\bluetooth\lib\EFR32BG1B\GCC\libmbedtls.a" "C:\Users\colto\SimplicityStudio\v4_workspace\CPSIncDeviceApplication\protocol\bluetooth\lib\EFR32BG1B\GCC\libpsstore.a" "C:\Users\colto\SimplicityStudio\v4_workspace\CPSIncDeviceApplication\protocol\bluetooth\lib\EFR32BG1B\GCC\libbluetooth.a" "C:\Users\colto\SimplicityStudio\v4_workspace\CPSIncDeviceApplication\platform\radio\rail_lib\autogen\librail_release\librail_efr32xg1_gcc_release.a" -lm -Wl,--end-group -Wl,--start-group -lgcc -lc -lnosys -Wl,--end-group
Finished building target: CPSIncDeviceApplication.axf
 
Building hex file: CPSIncDeviceApplication.hex
arm-none-eabi-objcopy -O ihex "CPSIncDeviceApplication.axf" "CPSIncDeviceApplication.hex"
 
Building bin file: CPSIncDeviceApplication.bin
arm-none-eabi-objcopy -O binary "CPSIncDeviceApplication.axf" "CPSIncDeviceApplication.bin"
 
Building s37 file: CPSIncDeviceApplication.s37
arm-none-eabi-objcopy -O srec "CPSIncDeviceApplication.axf" "CPSIncDeviceApplication.s37"
 
Running size tool
arm-none-eabi-size "CPSIncDeviceApplication.axf"
   text	   data	    bss	    dec	    hex	filename
 171968	      0	  11692	 183660	  2cd6c	CPSIncDeviceApplication.axf
 
16:59:22 **** Incremental Build of configuration GNU ARM v7.2.1 - Default for project CPSIncDeviceApplication ****
make -j4 all 
Building file: ../app.c
Invoking: GNU ARM C Compiler
arm-none-eabi-gcc -g -gdwarf-2 -mcpu=cortex-m4 -mthumb -std=c99 '-D__HEAP_SIZE=0xD00' '-D__STACK_SIZE=0x800' '-DHAL_CONFIG=1' '-D__StackLimit=0x20000000' '-DEFR32BG1B232F256GM48=1' -I"C:\Users\colto\SimplicityStudio\v4_workspace\CPSIncDeviceApplication" -I"C:\Users\colto\SimplicityStudio\v4_workspace\CPSIncDeviceApplication\platform\Device\SiliconLabs\EFR32BG1B\Include" -I"C:\Users\colto\SimplicityStudio\v4_workspace\CPSIncDeviceApplication\platform\CMSIS\Include" -I"C:\Users\colto\SimplicityStudio\v4_workspace\CPSIncDeviceApplication\platform\emlib\inc" -I"C:\Users\colto\SimplicityStudio\v4_workspace\CPSIncDeviceApplication\hardware\kit\common\bsp" -I"C:\Users\colto\SimplicityStudio\v4_workspace\CPSIncDeviceApplication\platform\radio\rail_lib\common" -I"C:\Users\colto\SimplicityStudio\v4_workspace\CPSIncDeviceApplication\protocol\bluetooth\ble_stack\inc\common" -I"C:\Users\colto\SimplicityStudio\v4_workspace\CPSIncDeviceApplication\hardware\kit\common\drivers" -I"C:\Users\colto\SimplicityStudio\v4_workspace\CPSIncDeviceApplication\platform\radio\rail_lib\protocol\ble" -I"C:\Users\colto\SimplicityStudio\v4_workspace\CPSIncDeviceApplication\platform\emlib\src" -I"C:\Users\colto\SimplicityStudio\v4_workspace\CPSIncDeviceApplication\hardware\kit\common\halconfig" -I"C:\Users\colto\SimplicityStudio\v4_workspace\CPSIncDeviceApplication\platform\halconfig\inc\hal-config" -I"C:\Users\colto\SimplicityStudio\v4_workspace\CPSIncDeviceApplication\app\bluetooth\common\util" -I"C:\Users\colto\SimplicityStudio\v4_workspace\CPSIncDeviceApplication\platform\emdrv\tempdrv\inc" -I"C:\Users\colto\SimplicityStudio\v4_workspace\CPSIncDeviceApplication\protocol\bluetooth\ble_stack\inc\soc" -I"C:\Users\colto\SimplicityStudio\v4_workspace\CPSIncDeviceApplication\platform\emdrv\uartdrv\inc" -I"C:\Users\colto\SimplicityStudio\v4_workspace\CPSIncDeviceApplication\platform\Device\SiliconLabs\EFR32BG1B\Source" -I"C:\Users\colto\SimplicityStudio\v4_workspace\CPSIncDeviceApplication\platform\radio\rail_lib\protocol\ieee802154" -I"C:\Users\colto\SimplicityStudio\v4_workspace\CPSIncDeviceApplication\platform\radio\rail_lib\chip\efr32\efr32xg1x" -I"C:\Users\colto\SimplicityStudio\v4_workspace\CPSIncDeviceApplication\platform\emdrv\common\inc" -I"C:\Users\colto\SimplicityStudio\v4_workspace\CPSIncDeviceApplication\platform\emdrv\sleep\src" -I"C:\Users\colto\SimplicityStudio\v4_workspace\CPSIncDeviceApplication\platform\emdrv\sleep\inc" -I"C:\Users\colto\SimplicityStudio\v4_workspace\CPSIncDeviceApplication\platform\emdrv\gpiointerrupt\inc" -I"C:\Users\colto\SimplicityStudio\v4_workspace\CPSIncDeviceApplication\platform\bootloader\api" -I"C:\Users\colto\SimplicityStudio\v4_workspace\CPSIncDeviceApplication\platform\emdrv\tempdrv\src" -I"C:\Users\colto\SimplicityStudio\v4_workspace\CPSIncDeviceApplication\platform\Device\SiliconLabs\EFR32BG1B\Source\GCC" -I"C:\Users\colto\SimplicityStudio\v4_workspace\CPSIncDeviceApplication\platform\bootloader" -O2 -Wall -c -fmessage-length=0 -ffunction-sections -fdata-sections -mfpu=fpv4-sp-d16 -mfloat-abi=softfp -MMD -MP -MF"app.d" -MT"app.o" -o "app.o" "../app.c"
In file included from C:\Users\colto\SimplicityStudio\v4_workspace\CPSIncDeviceApplication/hal-config.h:22:0,
                 from C:\Users\colto\SimplicityStudio\v4_workspace\CPSIncDeviceApplication\protocol\bluetooth\ble_stack\inc\soc/native_gecko.h:25,
                 from ../app.c:28:
C:\Users\colto\SimplicityStudio\v4_workspace\CPSIncDeviceApplication/hal-config-board.h:59:2: warning: #warning "Following pin mappings need to be set for your custom board when using printf..>" [-Wcpp]
 #warning "Following pin mappings need to be set for your custom board when using printf..>"
  ^~~~~~~
In file included from ../app.c:35:0:
../app.c: In function 'appMain':
../app.h:36:20: warning: implicit declaration of function 'swoFlush'; did you mean 'fflush'? [-Wimplicit-function-declaration]
 #define flushSWO() swoFlush()
                    ^
../app.c:71:3: note: in expansion of macro 'flushSWO'
   flushSWO();
   ^~~~~~~~
../app.c:165:9: warning: implicit declaration of function 'readStripDetectVoltage' [-Wimplicit-function-declaration]
         readStripDetectVoltage();
         ^~~~~~~~~~~~~~~~~~~~~~
../app.c:166:9: warning: implicit declaration of function 'updateStripDetectVoltage' [-Wimplicit-function-declaration]
         updateStripDetectVoltage();
         ^~~~~~~~~~~~~~~~~~~~~~~~
../app.c:167:9: warning: implicit declaration of function 'notifyStripDetectVoltage' [-Wimplicit-function-declaration]
         notifyStripDetectVoltage();
         ^~~~~~~~~~~~~~~~~~~~~~~~
../app.c:170:10: warning: implicit declaration of function 'readIntegratedVoltage' [-Wimplicit-function-declaration]
          readIntegratedVoltage();
          ^~~~~~~~~~~~~~~~~~~~~
../app.c:171:10: warning: implicit declaration of function 'updateIntegratedVoltage' [-Wimplicit-function-declaration]
          updateIntegratedVoltage();
          ^~~~~~~~~~~~~~~~~~~~~~~
../app.c:172:10: warning: implicit declaration of function 'notifyIntegratedVoltage' [-Wimplicit-function-declaration]
          notifyIntegratedVoltage();
          ^~~~~~~~~~~~~~~~~~~~~~~
../app.c:174:10: warning: implicit declaration of function 'readDifferentialVoltage'; did you mean 'ADC_ScanDifferentialInputAdd'? [-Wimplicit-function-declaration]
          readDifferentialVoltage();
          ^~~~~~~~~~~~~~~~~~~~~~~
          ADC_ScanDifferentialInputAdd
../app.c:175:10: warning: implicit declaration of function 'updateDifferentialVoltage' [-Wimplicit-function-declaration]
          updateDifferentialVoltage();
          ^~~~~~~~~~~~~~~~~~~~~~~~~
../app.c:176:10: warning: implicit declaration of function 'notifyDifferentialVoltage' [-Wimplicit-function-declaration]
          notifyDifferentialVoltage();
          ^~~~~~~~~~~~~~~~~~~~~~~~~
../app.c:201:9: warning: implicit declaration of function 'dischargeCapacitor' [-Wimplicit-function-declaration]
         dischargeCapacitor();
         ^~~~~~~~~~~~~~~~~~
../app.c: At top level:
../app.c:255:6: warning: conflicting types for 'readStripDetectVoltage'
 void readStripDetectVoltage(){ //needs function prototype
      ^~~~~~~~~~~~~~~~~~~~~~
../app.c:165:9: note: previous implicit declaration of 'readStripDetectVoltage' was here
         readStripDetectVoltage();
         ^~~~~~~~~~~~~~~~~~~~~~
../app.c:270:6: warning: conflicting types for 'updateStripDetectVoltage'
 void updateStripDetectVoltage(){ //needs function prototype
      ^~~~~~~~~~~~~~~~~~~~~~~~
../app.c:166:9: note: previous implicit declaration of 'updateStripDetectVoltage' was here
         updateStripDetectVoltage();
         ^~~~~~~~~~~~~~~~~~~~~~~~
../app.c:276:6: warning: conflicting types for 'notifyStripDetectVoltage'
 void notifyStripDetectVoltage(){ //needs function prototype
      ^~~~~~~~~~~~~~~~~~~~~~~~
../app.c:167:9: note: previous implicit declaration of 'notifyStripDetectVoltage' was here
         notifyStripDetectVoltage();
         ^~~~~~~~~~~~~~~~~~~~~~~~
../app.c:280:6: warning: conflicting types for 'readDifferentialVoltage'
 void readDifferentialVoltage(){ //needs function prototype
      ^~~~~~~~~~~~~~~~~~~~~~~
../app.c:174:10: note: previous implicit declaration of 'readDifferentialVoltage' was here
          readDifferentialVoltage();
          ^~~~~~~~~~~~~~~~~~~~~~~
../app.c:296:6: warning: conflicting types for 'updateDifferentialVoltage'
 void updateDifferentialVoltage(){ //needs function prototype
      ^~~~~~~~~~~~~~~~~~~~~~~~~
../app.c:175:10: note: previous implicit declaration of 'updateDifferentialVoltage' was here
          updateDifferentialVoltage();
          ^~~~~~~~~~~~~~~~~~~~~~~~~
../app.c:302:6: warning: conflicting types for 'notifyDifferentialVoltage'
 void notifyDifferentialVoltage(){ //needs function prototype
      ^~~~~~~~~~~~~~~~~~~~~~~~~
../app.c:176:10: note: previous implicit declaration of 'notifyDifferentialVoltage' was here
          notifyDifferentialVoltage();
          ^~~~~~~~~~~~~~~~~~~~~~~~~
../app.c:306:6: warning: conflicting types for 'readIntegratedVoltage'
 void readIntegratedVoltage(){ //need function prototype
      ^~~~~~~~~~~~~~~~~~~~~
../app.c:170:10: note: previous implicit declaration of 'readIntegratedVoltage' was here
          readIntegratedVoltage();
          ^~~~~~~~~~~~~~~~~~~~~
In file included from ../app.c:35:0:
../app.c: In function 'readIntegratedVoltage':
../app.c:318:11: warning: format '%d' expects argument of type 'int', but argument 2 has type 'long unsigned int' [-Wformat=]
  printSWO("ADC INT = %d\n", ((adcData * 3300) / 4096));
           ^                 ~~~~~~~~~~~~~~~~~~~~~~~~~
../app.h:35:30: note: in definition of macro 'printSWO'
 #define printSWO(...) printf(__VA_ARGS__)
                              ^~~~~~~~~~~
../app.c: At top level:
../app.c:324:6: warning: conflicting types for 'updateIntegratedVoltage'
 void updateIntegratedVoltage(){ //needs function prototype
      ^~~~~~~~~~~~~~~~~~~~~~~
../app.c:171:10: note: previous implicit declaration of 'updateIntegratedVoltage' was here
          updateIntegratedVoltage();
          ^~~~~~~~~~~~~~~~~~~~~~~
../app.c:330:6: warning: conflicting types for 'notifyIntegratedVoltage'
 void notifyIntegratedVoltage(){ //needs function prototype
      ^~~~~~~~~~~~~~~~~~~~~~~
../app.c:172:10: note: previous implicit declaration of 'notifyIntegratedVoltage' was here
          notifyIntegratedVoltage();
          ^~~~~~~~~~~~~~~~~~~~~~~
../app.c:334:6: warning: conflicting types for 'dischargeCapacitor'
 void dischargeCapacitor(){ //needs function prototype
      ^~~~~~~~~~~~~~~~~~
../app.c:201:9: note: previous implicit declaration of 'dischargeCapacitor' was here
         dischargeCapacitor();
         ^~~~~~~~~~~~~~~~~~
Finished building: ../app.c
 
Building target: CPSIncDeviceApplication.axf
Invoking: GNU ARM C Linker
arm-none-eabi-gcc -g -gdwarf-2 -mcpu=cortex-m4 -mthumb -T "C:\Users\colto\SimplicityStudio\v4_workspace\CPSIncDeviceApplication\efr32bg1b232f256gm48.ld" -Xlinker --gc-sections -Xlinker -Map="CPSIncDeviceApplication.map" -mfpu=fpv4-sp-d16 -mfloat-abi=softfp --specs=nano.specs -o CPSIncDeviceApplication.axf -Wl,--start-group "./app/bluetooth/common/util/infrastructure.o" "./app.o" "./application_properties.o" "./gatt_db.o" "./init_app.o" "./init_board_efr32xg1.o" "./init_mcu_efr32xg1.o" "./main.o" "./hardware/kit/common/bsp/bsp_stk.o" "./hardware/kit/common/drivers/pg_retargetswo.o" "./hardware/kit/common/drivers/retargetio.o" "./platform/Device/SiliconLabs/EFR32BG1B/Source/GCC/startup_efr32bg1b.o" "./platform/Device/SiliconLabs/EFR32BG1B/Source/system_efr32bg1b.o" "./platform/emdrv/sleep/src/sleep.o" "./platform/emdrv/tempdrv/src/tempdrv.o" "./platform/emlib/src/em_adc.o" "./platform/emlib/src/em_assert.o" "./platform/emlib/src/em_burtc.o" "./platform/emlib/src/em_cmu.o" "./platform/emlib/src/em_core.o" "./platform/emlib/src/em_cryotimer.o" "./platform/emlib/src/em_crypto.o" "./platform/emlib/src/em_dbg.o" "./platform/emlib/src/em_emu.o" "./platform/emlib/src/em_gpio.o" "./platform/emlib/src/em_i2c.o" "./platform/emlib/src/em_idac.o" "./platform/emlib/src/em_msc.o" "./platform/emlib/src/em_rmu.o" "./platform/emlib/src/em_rtcc.o" "./platform/emlib/src/em_se.o" "./platform/emlib/src/em_system.o" "./platform/emlib/src/em_timer.o" "./platform/emlib/src/em_usart.o" "C:\Users\colto\SimplicityStudio\v4_workspace\CPSIncDeviceApplication\protocol\bluetooth\lib\EFR32BG1B\GCC\binapploader.o" "C:\Users\colto\SimplicityStudio\v4_workspace\CPSIncDeviceApplication\protocol\bluetooth\lib\EFR32BG1B\GCC\libmbedtls.a" "C:\Users\colto\SimplicityStudio\v4_workspace\CPSIncDeviceApplication\protocol\bluetooth\lib\EFR32BG1B\GCC\libpsstore.a" "C:\Users\colto\SimplicityStudio\v4_workspace\CPSIncDeviceApplication\protocol\bluetooth\lib\EFR32BG1B\GCC\libbluetooth.a" "C:\Users\colto\SimplicityStudio\v4_workspace\CPSIncDeviceApplication\platform\radio\rail_lib\autogen\librail_release\librail_efr32xg1_gcc_release.a" -lm -Wl,--end-group -Wl,--start-group -lgcc -lc -lnosys -Wl,--end-group
Finished building target: CPSIncDeviceApplication.axf
 
Building hex file: CPSIncDeviceApplication.hex
arm-none-eabi-objcopy -O ihex "CPSIncDeviceApplication.axf" "CPSIncDeviceApplication.hex"
 
Building bin file: CPSIncDeviceApplication.bin
arm-none-eabi-objcopy -O binary "CPSIncDeviceApplication.axf" "CPSIncDeviceApplication.bin"
 
Building s37 file: CPSIncDeviceApplication.s37
arm-none-eabi-objcopy -O srec "CPSIncDeviceApplication.axf" "CPSIncDeviceApplication.s37"
 
Running size tool
arm-none-eabi-size "CPSIncDeviceApplication.axf"
   text	   data	    bss	    dec	    hex	filename
 171968	      0	  11692	 183660	  2cd6c	CPSIncDeviceApplication.axf
 
09:41:55 **** Incremental Build of configuration GNU ARM v7.2.1 - Default for project CPSIncDeviceApplication ****
make -j4 all 
Building target: CPSIncDeviceApplication.axf
Invoking: GNU ARM C Linker
arm-none-eabi-gcc -g -gdwarf-2 -mcpu=cortex-m4 -mthumb -T "C:\Users\colto\SimplicityStudio\v4_workspace\CPSIncDeviceApplication\efr32bg1b232f256gm48.ld" -Xlinker --gc-sections -Xlinker -Map="CPSIncDeviceApplication.map" -mfpu=fpv4-sp-d16 -mfloat-abi=softfp --specs=nano.specs -o CPSIncDeviceApplication.axf -Wl,--start-group "./app/bluetooth/common/util/infrastructure.o" "./app.o" "./application_properties.o" "./gatt_db.o" "./init_app.o" "./init_board_efr32xg1.o" "./init_mcu_efr32xg1.o" "./main.o" "./hardware/kit/common/bsp/bsp_stk.o" "./hardware/kit/common/drivers/pg_retargetswo.o" "./hardware/kit/common/drivers/retargetio.o" "./platform/Device/SiliconLabs/EFR32BG1B/Source/GCC/startup_efr32bg1b.o" "./platform/Device/SiliconLabs/EFR32BG1B/Source/system_efr32bg1b.o" "./platform/emdrv/sleep/src/sleep.o" "./platform/emdrv/tempdrv/src/tempdrv.o" "./platform/emlib/src/em_adc.o" "./platform/emlib/src/em_assert.o" "./platform/emlib/src/em_burtc.o" "./platform/emlib/src/em_cmu.o" "./platform/emlib/src/em_core.o" "./platform/emlib/src/em_cryotimer.o" "./platform/emlib/src/em_crypto.o" "./platform/emlib/src/em_dbg.o" "./platform/emlib/src/em_emu.o" "./platform/emlib/src/em_gpio.o" "./platform/emlib/src/em_i2c.o" "./platform/emlib/src/em_idac.o" "./platform/emlib/src/em_msc.o" "./platform/emlib/src/em_rmu.o" "./platform/emlib/src/em_rtcc.o" "./platform/emlib/src/em_se.o" "./platform/emlib/src/em_system.o" "./platform/emlib/src/em_timer.o" "./platform/emlib/src/em_usart.o" "C:\Users\colto\SimplicityStudio\v4_workspace\CPSIncDeviceApplication\protocol\bluetooth\lib\EFR32BG1B\GCC\binapploader.o" "C:\Users\colto\SimplicityStudio\v4_workspace\CPSIncDeviceApplication\protocol\bluetooth\lib\EFR32BG1B\GCC\libmbedtls.a" "C:\Users\colto\SimplicityStudio\v4_workspace\CPSIncDeviceApplication\protocol\bluetooth\lib\EFR32BG1B\GCC\libpsstore.a" "C:\Users\colto\SimplicityStudio\v4_workspace\CPSIncDeviceApplication\protocol\bluetooth\lib\EFR32BG1B\GCC\libbluetooth.a" "C:\Users\colto\SimplicityStudio\v4_workspace\CPSIncDeviceApplication\platform\radio\rail_lib\autogen\librail_release\librail_efr32xg1_gcc_release.a" -lm -Wl,--end-group -Wl,--start-group -lgcc -lc -lnosys -Wl,--end-group
Finished building target: CPSIncDeviceApplication.axf
 
Building hex file: CPSIncDeviceApplication.hex
arm-none-eabi-objcopy -O ihex "CPSIncDeviceApplication.axf" "CPSIncDeviceApplication.hex"
 
Building bin file: CPSIncDeviceApplication.bin
arm-none-eabi-objcopy -O binary "CPSIncDeviceApplication.axf" "CPSIncDeviceApplication.bin"
 
Building s37 file: CPSIncDeviceApplication.s37
arm-none-eabi-objcopy -O srec "CPSIncDeviceApplication.axf" "CPSIncDeviceApplication.s37"
 
Running size tool
arm-none-eabi-size "CPSIncDeviceApplication.axf"
   text	   data	    bss	    dec	    hex	filename
 171968	      0	  11692	 183660	  2cd6c	CPSIncDeviceApplication.axf
 
